Archive member included because of file (symbol)

/home/born/DPDK-OVS/DPDK-1.6.0/build/lib/librte_pmd_e1000.a(igb_ethdev.o)
                              testpmd.o (rte_igb_pmd_init)
/home/born/DPDK-OVS/DPDK-1.6.0/build/lib/librte_pmd_e1000.a(igb_rxtx.o)
                              /home/born/DPDK-OVS/DPDK-1.6.0/build/lib/librte_pmd_e1000.a(igb_ethdev.o) (eth_igb_recv_pkts)
/home/born/DPDK-OVS/DPDK-1.6.0/build/lib/librte_pmd_e1000.a(igb_pf.o)
                              /home/born/DPDK-OVS/DPDK-1.6.0/build/lib/librte_pmd_e1000.a(igb_ethdev.o) (igb_pf_host_init)
/home/born/DPDK-OVS/DPDK-1.6.0/build/lib/librte_pmd_e1000.a(em_ethdev.o)
                              testpmd.o (rte_em_pmd_init)
/home/born/DPDK-OVS/DPDK-1.6.0/build/lib/librte_pmd_e1000.a(em_rxtx.o)
                              /home/born/DPDK-OVS/DPDK-1.6.0/build/lib/librte_pmd_e1000.a(em_ethdev.o) (eth_em_recv_pkts)
/home/born/DPDK-OVS/DPDK-1.6.0/build/lib/librte_pmd_e1000.a(e1000_82541.o)
                              /home/born/DPDK-OVS/DPDK-1.6.0/build/lib/librte_pmd_e1000.a(em_ethdev.o) (e1000_init_script_state_82541)
/home/born/DPDK-OVS/DPDK-1.6.0/build/lib/librte_pmd_e1000.a(e1000_82543.o)
                              /home/born/DPDK-OVS/DPDK-1.6.0/build/lib/librte_pmd_e1000.a(em_ethdev.o) (e1000_set_tbi_compatibility_82543)
/home/born/DPDK-OVS/DPDK-1.6.0/build/lib/librte_pmd_e1000.a(e1000_82571.o)
                              /home/born/DPDK-OVS/DPDK-1.6.0/build/lib/librte_pmd_e1000.a(em_ethdev.o) (e1000_set_laa_state_82571)
/home/born/DPDK-OVS/DPDK-1.6.0/build/lib/librte_pmd_e1000.a(e1000_82575.o)
                              /home/born/DPDK-OVS/DPDK-1.6.0/build/lib/librte_pmd_e1000.a(igb_pf.o) (e1000_vmdq_set_anti_spoofing_pf)
/home/born/DPDK-OVS/DPDK-1.6.0/build/lib/librte_pmd_e1000.a(e1000_i210.o)
                              /home/born/DPDK-OVS/DPDK-1.6.0/build/lib/librte_pmd_e1000.a(e1000_82575.o) (e1000_acquire_swfw_sync_i210)
/home/born/DPDK-OVS/DPDK-1.6.0/build/lib/librte_pmd_e1000.a(e1000_api.o)
                              /home/born/DPDK-OVS/DPDK-1.6.0/build/lib/librte_pmd_e1000.a(igb_ethdev.o) (e1000_set_mac_type)
/home/born/DPDK-OVS/DPDK-1.6.0/build/lib/librte_pmd_e1000.a(e1000_ich8lan.o)
                              /home/born/DPDK-OVS/DPDK-1.6.0/build/lib/librte_pmd_e1000.a(e1000_api.o) (e1000_init_function_pointers_ich8lan)
/home/born/DPDK-OVS/DPDK-1.6.0/build/lib/librte_pmd_e1000.a(e1000_mac.o)
                              /home/born/DPDK-OVS/DPDK-1.6.0/build/lib/librte_pmd_e1000.a(e1000_i210.o) (e1000_null_ops_generic)
/home/born/DPDK-OVS/DPDK-1.6.0/build/lib/librte_pmd_e1000.a(e1000_manage.o)
                              /home/born/DPDK-OVS/DPDK-1.6.0/build/lib/librte_pmd_e1000.a(e1000_api.o) (e1000_mng_enable_host_if_generic)
/home/born/DPDK-OVS/DPDK-1.6.0/build/lib/librte_pmd_e1000.a(e1000_mbx.o)
                              /home/born/DPDK-OVS/DPDK-1.6.0/build/lib/librte_pmd_e1000.a(igb_pf.o) (e1000_read_mbx)
/home/born/DPDK-OVS/DPDK-1.6.0/build/lib/librte_pmd_e1000.a(e1000_nvm.o)
                              /home/born/DPDK-OVS/DPDK-1.6.0/build/lib/librte_pmd_e1000.a(e1000_i210.o) (e1000_null_write_nvm)
/home/born/DPDK-OVS/DPDK-1.6.0/build/lib/librte_pmd_e1000.a(e1000_osdep.o)
                              /home/born/DPDK-OVS/DPDK-1.6.0/build/lib/librte_pmd_e1000.a(e1000_mac.o) (e1000_write_pci_cfg)
/home/born/DPDK-OVS/DPDK-1.6.0/build/lib/librte_pmd_e1000.a(e1000_phy.o)
                              /home/born/DPDK-OVS/DPDK-1.6.0/build/lib/librte_pmd_e1000.a(e1000_api.o) (e1000_init_phy_ops_generic)
/home/born/DPDK-OVS/DPDK-1.6.0/build/lib/librte_pmd_e1000.a(e1000_vf.o)
                              /home/born/DPDK-OVS/DPDK-1.6.0/build/lib/librte_pmd_e1000.a(e1000_api.o) (e1000_init_function_pointers_vf)
/home/born/DPDK-OVS/DPDK-1.6.0/build/lib/librte_pmd_e1000.a(e1000_80003es2lan.o)
                              /home/born/DPDK-OVS/DPDK-1.6.0/build/lib/librte_pmd_e1000.a(e1000_api.o) (e1000_init_function_pointers_80003es2lan)
/home/born/DPDK-OVS/DPDK-1.6.0/build/lib/librte_pmd_e1000.a(e1000_82540.o)
                              /home/born/DPDK-OVS/DPDK-1.6.0/build/lib/librte_pmd_e1000.a(e1000_api.o) (e1000_init_function_pointers_82540)
/home/born/DPDK-OVS/DPDK-1.6.0/build/lib/librte_pmd_e1000.a(e1000_82542.o)
                              /home/born/DPDK-OVS/DPDK-1.6.0/build/lib/librte_pmd_e1000.a(e1000_api.o) (e1000_init_function_pointers_82542)
/home/born/DPDK-OVS/DPDK-1.6.0/build/lib/librte_pmd_ixgbe.a(ixgbe_ethdev.o)
                              testpmd.o (rte_ixgbe_pmd_init)
/home/born/DPDK-OVS/DPDK-1.6.0/build/lib/librte_pmd_ixgbe.a(ixgbe_fdir.o)
                              /home/born/DPDK-OVS/DPDK-1.6.0/build/lib/librte_pmd_ixgbe.a(ixgbe_ethdev.o) (ixgbe_fdir_configure)
/home/born/DPDK-OVS/DPDK-1.6.0/build/lib/librte_pmd_ixgbe.a(ixgbe_pf.o)
                              /home/born/DPDK-OVS/DPDK-1.6.0/build/lib/librte_pmd_ixgbe.a(ixgbe_ethdev.o) (ixgbe_pf_host_init)
[...]
Memory Configuration

Name             Origin             Length             Attributes
*default*        0x0000000000000000 0xffffffffffffffff

Linker script and memory map

LOAD /usr/lib/gcc/x86_64-linux-gnu/4.6/../../../x86_64-linux-gnu/crt1.o
LOAD /usr/lib/gcc/x86_64-linux-gnu/4.6/../../../x86_64-linux-gnu/crti.o
LOAD /usr/lib/gcc/x86_64-linux-gnu/4.6/crtbegin.o
LOAD testpmd.o
LOAD parameters.o
LOAD cmdline.o
LOAD config.o
LOAD iofwd.o
LOAD macfwd.o
LOAD macfwd-retry.o
LOAD rxonly.o
LOAD txonly.o
LOAD csumonly.o
LOAD mempool_anon.o
LOAD /home/born/DPDK-OVS/DPDK-1.6.0/build/lib/librte_kni.a
LOAD /home/born/DPDK-OVS/DPDK-1.6.0/build/lib/librte_ivshmem.a
LOAD /home/born/DPDK-OVS/DPDK-1.6.0/build/lib/librte_pmd_e1000.a
LOAD /home/born/DPDK-OVS/DPDK-1.6.0/build/lib/librte_pmd_ixgbe.a
LOAD /home/born/DPDK-OVS/DPDK-1.6.0/build/lib/librte_pmd_virtio.a
LOAD /home/born/DPDK-OVS/DPDK-1.6.0/build/lib/librte_pmd_vmxnet3.a
LOAD /home/born/DPDK-OVS/DPDK-1.6.0/build/lib/librte_timer.a
LOAD /home/born/DPDK-OVS/DPDK-1.6.0/build/lib/librte_hash.a
LOAD /home/born/DPDK-OVS/DPDK-1.6.0/build/lib/librte_lpm.a
LOAD /home/born/DPDK-OVS/DPDK-1.6.0/build/lib/librte_power.a
LOAD /home/born/DPDK-OVS/DPDK-1.6.0/build/lib/librte_meter.a
LOAD /home/born/DPDK-OVS/DPDK-1.6.0/build/lib/librte_sched.a
LOAD /usr/lib/gcc/x86_64-linux-gnu/4.6/../../../x86_64-linux-gnu/libm.so
LOAD /usr/lib/gcc/x86_64-linux-gnu/4.6/../../../x86_64-linux-gnu/librt.so
START GROUP
LOAD /home/born/DPDK-OVS/DPDK-1.6.0/build/lib/librte_mbuf.a
LOAD /home/born/DPDK-OVS/DPDK-1.6.0/build/lib/libethdev.a
LOAD /home/born/DPDK-OVS/DPDK-1.6.0/build/lib/librte_pmd_ring.a
LOAD /home/born/DPDK-OVS/DPDK-1.6.0/build/lib/librte_malloc.a
LOAD /home/born/DPDK-OVS/DPDK-1.6.0/build/lib/librte_mempool.a
LOAD /home/born/DPDK-OVS/DPDK-1.6.0/build/lib/librte_ring.a
LOAD /home/born/DPDK-OVS/DPDK-1.6.0/build/lib/librte_eal.a
LOAD /home/born/DPDK-OVS/DPDK-1.6.0/build/lib/librte_cmdline.a
LOAD /usr/lib/gcc/x86_64-linux-gnu/4.6/../../../x86_64-linux-gnu/librt.so
LOAD /usr/lib/gcc/x86_64-linux-gnu/4.6/../../../x86_64-linux-gnu/libm.so
END GROUP
LOAD /usr/lib/gcc/x86_64-linux-gnu/4.6/libgcc.a
LOAD /usr/lib/gcc/x86_64-linux-gnu/4.6/libgcc_s.so
LOAD /usr/lib/gcc/x86_64-linux-gnu/4.6/../../../x86_64-linux-gnu/libpthread.so
START GROUP
LOAD /lib/x86_64-linux-gnu/libpthread.so.0
LOAD /usr/lib/x86_64-linux-gnu/libpthread_nonshared.a
END GROUP
LOAD /usr/lib/gcc/x86_64-linux-gnu/4.6/../../../x86_64-linux-gnu/libc.so
START GROUP
LOAD /lib/x86_64-linux-gnu/libc.so.6
LOAD /usr/lib/x86_64-linux-gnu/libc_nonshared.a
LOAD /lib/x86_64-linux-gnu/ld-linux-x86-64.so.2
END GROUP
LOAD /usr/lib/gcc/x86_64-linux-gnu/4.6/libgcc.a
LOAD /usr/lib/gcc/x86_64-linux-gnu/4.6/libgcc_s.so
LOAD /usr/lib/gcc/x86_64-linux-gnu/4.6/crtend.o
LOAD /usr/lib/gcc/x86_64-linux-gnu/4.6/../../../x86_64-linux-gnu/crtn.o
                0x0000000000400000                PROVIDE (__executable_start, 0x400000)
                0x0000000000400270                . = (0x400000 + SIZEOF_HEADERS)

.interp         0x0000000000400270       0x1c
 *(.interp)
 .interp        0x0000000000400270       0x1c /usr/lib/gcc/x86_64-linux-gnu/4.6/../../../x86_64-linux-gnu/crt1.o

.note.ABI-tag   0x000000000040028c       0x20
 .note.ABI-tag  0x000000000040028c       0x20 /usr/lib/gcc/x86_64-linux-gnu/4.6/../../../x86_64-linux-gnu/crt1.o

.note.gnu.build-id
                0x00000000004002ac       0x24
 *(.note.gnu.build-id)
 .note.gnu.build-id
                0x00000000004002ac       0x24 /usr/lib/gcc/x86_64-linux-gnu/4.6/../../../x86_64-linux-gnu/crt1.o

.hash
 *(.hash)

.gnu.hash       0x00000000004002d0      0xa54
 *(.gnu.hash)
 .gnu.hash      0x00000000004002d0      0xa54 /usr/lib/gcc/x86_64-linux-gnu/4.6/../../../x86_64-linux-gnu/crt1.o

.dynsym         0x0000000000400d28     0x28e0
 *(.dynsym)
 .dynsym        0x0000000000400d28     0x28e0 /usr/lib/gcc/x86_64-linux-gnu/4.6/../../../x86_64-linux-gnu/crt1.o

.dynstr         0x0000000000403608     0x2327
 *(.dynstr)
 .dynstr        0x0000000000403608     0x2327 /usr/lib/gcc/x86_64-linux-gnu/4.6/../../../x86_64-linux-gnu/crt1.o

.gnu.version    0x0000000000405930      0x368
 *(.gnu.version)
 .gnu.version   0x0000000000405930      0x368 /usr/lib/gcc/x86_64-linux-gnu/4.6/../../../x86_64-linux-gnu/crt1.o

.gnu.version_d  0x0000000000405c98        0x0
 *(.gnu.version_d)
 .gnu.version_d
                0x0000000000000000        0x0 /usr/lib/gcc/x86_64-linux-gnu/4.6/../../../x86_64-linux-gnu/crt1.o

.gnu.version_r  0x0000000000405c98      0x100
 *(.gnu.version_r)
 .gnu.version_r
                0x0000000000405c98      0x100 /usr/lib/gcc/x86_64-linux-gnu/4.6/../../../x86_64-linux-gnu/crt1.o

.rela.dyn       0x0000000000405d98     0x1f68
 *(.rela.init)
 *(.rela.text .rela.text.* .rela.gnu.linkonce.t.*)
 .rela.text     0x0000000000000000        0x0 /usr/lib/gcc/x86_64-linux-gnu/4.6/../../../x86_64-linux-gnu/crt1.o
 *(.rela.fini)
 *(.rela.rodata .rela.rodata.* .rela.gnu.linkonce.r.*)
 *(.rela.data .rela.data.* .rela.gnu.linkonce.d.*)
 .rela.data.rel
                0x0000000000000000        0x0 /usr/lib/gcc/x86_64-linux-gnu/4.6/../../../x86_64-linux-gnu/crt1.o
 *(.rela.tdata .rela.tdata.* .rela.gnu.linkonce.td.*)
 *(.rela.tbss .rela.tbss.* .rela.gnu.linkonce.tb.*)
 *(.rela.ctors)
 *(.rela.dtors)
 *(.rela.got)
 .rela.got      0x0000000000405d98     0x1f68 /usr/lib/gcc/x86_64-linux-gnu/4.6/../../../x86_64-linux-gnu/crt1.o
 *(.rela.bss .rela.bss.* .rela.gnu.linkonce.b.*)
 .rela.bss      0x0000000000000000        0x0 /usr/lib/gcc/x86_64-linux-gnu/4.6/../../../x86_64-linux-gnu/crt1.o
 *(.rela.ldata .rela.ldata.* .rela.gnu.linkonce.l.*)
 *(.rela.lbss .rela.lbss.* .rela.gnu.linkonce.lb.*)
 *(.rela.lrodata .rela.lrodata.* .rela.gnu.linkonce.lr.*)
 *(.rela.ifunc)

.rela.plt       0x0000000000407d00      0x948
 *(.rela.plt)
 .rela.plt      0x0000000000407d00      0x948 /usr/lib/gcc/x86_64-linux-gnu/4.6/../../../x86_64-linux-gnu/crt1.o
                0x0000000000408648                PROVIDE (__rela_iplt_start, .)
 *(.rela.iplt)
 .rela.iplt     0x0000000000000000        0x0 /usr/lib/gcc/x86_64-linux-gnu/4.6/../../../x86_64-linux-gnu/crt1.o
                0x0000000000408648                PROVIDE (__rela_iplt_end, .)

.init           0x0000000000408648       0x18
 *(.init)
 .init          0x0000000000408648        0x9 /usr/lib/gcc/x86_64-linux-gnu/4.6/../../../x86_64-linux-gnu/crti.o
                0x0000000000408648                _init
 .init          0x0000000000408651        0x5 /usr/lib/gcc/x86_64-linux-gnu/4.6/crtbegin.o
 .init          0x0000000000408656        0x5 /usr/lib/gcc/x86_64-linux-gnu/4.6/crtend.o
 .init          0x000000000040865b        0x5 /usr/lib/gcc/x86_64-linux-gnu/4.6/../../../x86_64-linux-gnu/crtn.o

.plt            0x0000000000408660      0x640
 *(.plt)
 .plt           0x0000000000408660      0x640 /usr/lib/gcc/x86_64-linux-gnu/4.6/../../../x86_64-linux-gnu/crt1.o
                0x0000000000408670                getenv@@GLIBC_2.2.5
                0x0000000000408680                free@@GLIBC_2.2.5
                0x0000000000408690                putchar@@GLIBC_2.2.5
                0x00000000004086a0                pthread_create@@GLIBC_2.2.5
                0x00000000004086b0                __vfprintf_chk@@GLIBC_2.3.4
                0x00000000004086c0                abort@@GLIBC_2.2.5
                0x00000000004086d0                __errno_location@@GLIBC_2.2.5
                0x00000000004086e0                unlink@@GLIBC_2.2.5
                0x00000000004086f0                strncmp@@GLIBC_2.2.5
                0x0000000000408700                fopencookie@@GLIBC_2.2.5
                0x0000000000408710                __read_chk@@GLIBC_2.4
                0x0000000000408720                unlinkat@@GLIBC_2.4
                0x0000000000408730                puts@@GLIBC_2.2.5
                0x0000000000408740                qsort@@GLIBC_2.2.5
                0x0000000000408750                vsnprintf@@GLIBC_2.2.5
                0x0000000000408760                backtrace_symbols@@GLIBC_2.2.5
                0x0000000000408770                __xpg_strerror_r@@GLIBC_2.3.4
                0x0000000000408780                fcntl@@GLIBC_2.2.5
                0x0000000000408790                write@@GLIBC_2.2.5
                0x00000000004087a0                fclose@@GLIBC_2.2.5
                0x00000000004087b0                opendir@@GLIBC_2.2.5
                0x00000000004087c0                backtrace@@GLIBC_2.2.5
                0x00000000004087d0                openat@@GLIBC_2.4
                0x00000000004087e0                __stack_chk_fail@@GLIBC_2.4
                0x00000000004087f0                getuid@@GLIBC_2.2.5
                0x0000000000408800                mmap@@GLIBC_2.2.5
                0x0000000000408810                getopt_long@@GLIBC_2.2.5
                0x0000000000408820                setbuf@@GLIBC_2.2.5
                0x0000000000408830                pthread_setaffinity_np@@GLIBC_2.3.4
                0x0000000000408840                strchr@@GLIBC_2.2.5
                0x0000000000408850                printf@@GLIBC_2.2.5
                0x0000000000408860                nanosleep@@GLIBC_2.2.5
                0x0000000000408870                strrchr@@GLIBC_2.2.5
                0x0000000000408880                ftruncate@@GLIBC_2.2.5
                0x0000000000408890                lseek@@GLIBC_2.2.5
                0x00000000004088a0                gettimeofday@@GLIBC_2.2.5
                0x00000000004088b0                iopl@@GLIBC_2.2.5
                0x00000000004088c0                fnmatch@@GLIBC_2.2.5
                0x00000000004088d0                memset@@GLIBC_2.2.5
                0x00000000004088e0                index@@GLIBC_2.2.5
                0x00000000004088f0                strnlen@@GLIBC_2.2.5
                0x0000000000408900                close@@GLIBC_2.2.5
                0x0000000000408910                pipe@@GLIBC_2.2.5
                0x0000000000408920                closedir@@GLIBC_2.2.5
                0x0000000000408930                epoll_ctl@@GLIBC_2.3.2
                0x0000000000408940                __strdup@@GLIBC_2.2.5
                0x0000000000408950                read@@GLIBC_2.2.5
                0x0000000000408960                __libc_start_main@@GLIBC_2.2.5
                0x0000000000408970                memcmp@@GLIBC_2.2.5
                0x0000000000408980                fgets@@GLIBC_2.2.5
                0x0000000000408990                __tls_get_addr@@GLIBC_2.3
                0x00000000004089a0                strtoull@@GLIBC_2.2.5
                0x00000000004089b0                calloc@@GLIBC_2.2.5
                0x00000000004089c0                __vdprintf_chk@@GLIBC_2.8
                0x00000000004089d0                strcmp@@GLIBC_2.2.5
                0x00000000004089e0                dirfd@@GLIBC_2.2.5
                0x00000000004089f0                __strndup@@GLIBC_2.2.5
                0x0000000000408a00                __memcpy_chk@@GLIBC_2.3.4
                0x0000000000408a10                timerfd_create@@GLIBC_2.8
                0x0000000000408a20                strtol@@GLIBC_2.2.5
                0x0000000000408a30                memcpy@@GLIBC_2.14
                0x0000000000408a40                fileno@@GLIBC_2.2.5
                0x0000000000408a50                readdir@@GLIBC_2.2.5
                0x0000000000408a60                malloc@@GLIBC_2.2.5
                0x0000000000408a70                strncasecmp@@GLIBC_2.2.5
                0x0000000000408a80                fflush@@GLIBC_2.2.5
                0x0000000000408a90                __sched_cpufree@@GLIBC_2.7
                0x0000000000408aa0                __fxstat@@GLIBC_2.2.5
                0x0000000000408ab0                clock_gettime@@GLIBC_2.2.5
                0x0000000000408ac0                lrand48@@GLIBC_2.2.5
                0x0000000000408ad0                __sched_cpualloc@@GLIBC_2.7
                0x0000000000408ae0                __vsnprintf_chk@@GLIBC_2.3.4
                0x0000000000408af0                srand48@@GLIBC_2.2.5
                0x0000000000408b00                munmap@@GLIBC_2.2.5
                0x0000000000408b10                __printf_chk@@GLIBC_2.3.4
                0x0000000000408b20                epoll_wait@@GLIBC_2.3.2
                0x0000000000408b30                __syslog_chk@@GLIBC_2.4
                0x0000000000408b40                pthread_self@@GLIBC_2.2.5
                0x0000000000408b50                tcgetattr@@GLIBC_2.2.5
                0x0000000000408b60                tcsetattr@@GLIBC_2.2.5
                0x0000000000408b70                open@@GLIBC_2.2.5
                0x0000000000408b80                access@@GLIBC_2.2.5
                0x0000000000408b90                fopen@@GLIBC_2.2.5
                0x0000000000408ba0                perror@@GLIBC_2.2.5
                0x0000000000408bb0                sysconf@@GLIBC_2.2.5
                0x0000000000408bc0                strtoul@@GLIBC_2.2.5
                0x0000000000408bd0                timerfd_settime@@GLIBC_2.8
                0x0000000000408be0                flock@@GLIBC_2.2.5
                0x0000000000408bf0                pread@@GLIBC_2.2.5
                0x0000000000408c00                openlog@@GLIBC_2.2.5
                0x0000000000408c10                getpagesize@@GLIBC_2.2.5
                0x0000000000408c20                epoll_create@@GLIBC_2.3.2
                0x0000000000408c30                exit@@GLIBC_2.2.5
                0x0000000000408c40                fwrite@@GLIBC_2.2.5
                0x0000000000408c50                strerror@@GLIBC_2.2.5
                0x0000000000408c60                sleep@@GLIBC_2.2.5
                0x0000000000408c70                strstr@@GLIBC_2.2.5
                0x0000000000408c80                __ctype_tolower_loc@@GLIBC_2.3
                0x0000000000408c90                __ctype_b_loc@@GLIBC_2.3
 *(.iplt)
 .iplt          0x0000000000000000        0x0 /usr/lib/gcc/x86_64-linux-gnu/4.6/../../../x86_64-linux-gnu/crt1.o

.text           0x0000000000408ca0    0x82a98
 *(.text.unlikely .text.*_unlikely)
 .text.unlikely
                0x0000000000408ca0       0xcd /home/born/DPDK-OVS/DPDK-1.6.0/build/lib/librte_eal.a(eal_debug.o)
                0x0000000000408ca0                __rte_panic
 .text.unlikely
                0x0000000000408d6d       0x8a /home/born/DPDK-OVS/DPDK-1.6.0/build/lib/librte_eal.a(eal_common_log.o)
                0x0000000000408d6d                rte_log
 *(.text.exit .text.exit.*)
 *(.text.startup .text.startup.*)
 *fill*         0x0000000000408df7        0x9 90909090
 .text.startup  0x0000000000408e00      0x6f4 testpmd.o
                0x0000000000408e00                main
 *(.text.hot .text.hot.*)
 *(.text .stub .text.* .gnu.linkonce.t.*)
 .text          0x00000000004094f4       0x2c /usr/lib/gcc/x86_64-linux-gnu/4.6/../../../x86_64-linux-gnu/crt1.o
                0x00000000004094f4                _start
 .text          0x0000000000409520       0x17 /usr/lib/gcc/x86_64-linux-gnu/4.6/../../../x86_64-linux-gnu/crti.o
 *fill*         0x0000000000409537        0x9 90909090
 .text          0x0000000000409540       0x92 /usr/lib/gcc/x86_64-linux-gnu/4.6/crtbegin.o
 *fill*         0x00000000004095d2        0xe 90909090
 .text          0x00000000004095e0     0x32d2 testpmd.o
                0x000000000040a5f0                set_def_fwd_config
                0x000000000040a720                init_fwd_streams
                0x000000000040a9c0                start_packet_forwarding
                0x000000000040aca0                stop_packet_forwarding
                0x000000000040b9f0                start_port
                0x000000000040bf40                stop_port
                0x000000000040c090                close_port
                0x000000000040c1b0                all_ports_stopped
                0x000000000040c220                pmd_test_exit
                0x000000000040c2a0                init_port_config
                0x000000000040c460                init_port_dcb_config
 *fill*         0x000000000040c8b2        0xe 90909090
 .text          0x000000000040c8c0     0x2353 parameters.o
                0x000000000040cfd0                launch_args_parse
 *fill*         0x000000000040ec13        0xd 90909090
 .text          0x000000000040ec20     0x3362 cmdline.o
                0x0000000000411f50                prompt
 *fill*         0x0000000000411f82        0xe 90909090
 .text          0x0000000000411f90     0x3998 config.o
                0x00000000004120c0                nic_stats_display
                0x00000000004127d0                nic_stats_clear
                0x0000000000412830                nic_stats_mapping_display
                0x0000000000412a20                port_infos_display
                0x0000000000412d30                port_reg_bit_display
                0x0000000000412e70                port_reg_bit_field_display
                0x0000000000413060                port_reg_display
                0x0000000000413130                port_reg_bit_set
                0x0000000000413290                port_reg_bit_field_set
                0x0000000000413440                port_reg_set
                0x0000000000413510                rx_ring_desc_display
                0x00000000004136b0                tx_ring_desc_display
                0x0000000000413850                fwd_lcores_config_display
                0x00000000004138b0                rxtx_config_display
                0x0000000000413a40                port_rss_reta_info
                0x0000000000413b70                fwd_config_setup
                0x00000000004143b0                fwd_config_display
                0x0000000000414650                set_fwd_lcores_list
                0x00000000004147b0                set_fwd_lcores_mask
                0x0000000000414810                set_fwd_lcores_number
                0x0000000000414870                set_fwd_ports_list
                0x0000000000414940                set_fwd_ports_mask
                0x00000000004149a0                set_fwd_ports_number
                0x0000000000414a00                set_nb_pkt_per_burst
                0x0000000000414a50                set_tx_pkt_segments
                0x0000000000414bd0                set_pkt_forwarding_mode
                0x0000000000414c60                set_verbose_level
                0x0000000000414cb0                vlan_extend_set
                0x0000000000414d60                rx_vlan_strip_set
                0x0000000000414e10                rx_vlan_strip_set_on_queue
                0x0000000000414ec0                rx_vlan_filter_set
                0x0000000000414f70                rx_vft_set
                0x0000000000415050                rx_vlan_all_filter_set
                0x00000000004150b0                vlan_tpid_set
                0x0000000000415150                tx_vlan_set
                0x00000000004151d0                tx_vlan_reset
                0x0000000000415220                set_qmap
                0x00000000004153f0                tx_cksum_set
                0x0000000000415450                fdir_add_signature_filter
                0x00000000004154c0                fdir_update_signature_filter
                0x0000000000415530                fdir_remove_signature_filter
                0x0000000000415590                fdir_get_infos
                0x0000000000415670                fdir_add_perfect_filter
                0x00000000004156e0                fdir_update_perfect_filter
                0x0000000000415750                fdir_remove_perfect_filter
                0x00000000004157c0                fdir_set_masks
                0x0000000000415820                set_vf_traffic
                0x00000000004158a0                set_vf_rx_vlan
 *fill*         0x0000000000415928        0x8 90909090
 .text          0x0000000000415930      0x7e5 iofwd.o
 *fill*         0x0000000000416115        0xb 90909090
 .text          0x0000000000416120      0x7f8 macfwd.o
 *fill*         0x0000000000416918        0x8 90909090
 .text          0x0000000000416920      0x828 macfwd-retry.o
 *fill*         0x0000000000417148        0x8 90909090
 .text          0x0000000000417150      0xa8c rxonly.o
 *fill*         0x0000000000417bdc        0x4 90909090
 .text          0x0000000000417be0     0x1947 txonly.o
 *fill*         0x0000000000419527        0x9 90909090
 .text          0x0000000000419530     0x13d1 csumonly.o
 *fill*         0x000000000041a901        0xf 90909090
 .text          0x000000000041a910      0x4e9 mempool_anon.o
                0x000000000041a910                mempool_anon_create
 *fill*         0x000000000041adf9        0x7 90909090
 .text          0x000000000041ae00     0x2217 /home/born/DPDK-OVS/DPDK-1.6.0/build/lib/librte_pmd_e1000.a(igb_ethdev.o)
                0x000000000041cfe0                rte_igb_pmd_init
                0x000000000041d000                rte_igbvf_pmd_init
 *fill*         0x000000000041d017        0x9 90909090
 .text          0x000000000041d020     0x55a1 /home/born/DPDK-OVS/DPDK-1.6.0/build/lib/librte_pmd_e1000.a(igb_rxtx.o)
                0x000000000041d020                eth_igb_recv_pkts
                0x000000000041ded0                eth_igb_xmit_pkts
                0x000000000041f920                eth_igb_recv_scattered_pkts
                0x0000000000420600                eth_igb_tx_queue_release
                0x0000000000420640                eth_igb_tx_queue_setup
                0x00000000004209c0                eth_igb_rx_queue_release
                0x0000000000420a00                eth_igb_rx_queue_setup
                0x0000000000420d40                eth_igb_rx_queue_count
                0x0000000000420db0                eth_igb_rx_descriptor_done
                0x0000000000420df0                igb_dev_clear_queues
                0x0000000000420f00                eth_igb_rx_init
                0x0000000000421c40                eth_igb_tx_init
                0x0000000000421e20                eth_igbvf_rx_init
                0x0000000000422480                eth_igbvf_tx_init
 *fill*         0x00000000004225c1        0xf 90909090
 .text          0x00000000004225d0      0x90c /home/born/DPDK-OVS/DPDK-1.6.0/build/lib/librte_pmd_e1000.a(igb_pf.o)
                0x0000000000422670                igb_pf_host_init
                0x00000000004227e0                igb_pf_host_configure
                0x0000000000422910                igb_pf_mbx_process
 *fill*         0x0000000000422edc        0x4 90909090
 .text          0x0000000000422ee0     0x1407 /home/born/DPDK-OVS/DPDK-1.6.0/build/lib/librte_pmd_e1000.a(em_ethdev.o)
                0x00000000004242d0                rte_em_pmd_init
 *fill*         0x00000000004242e7        0x9 90909090
 .text          0x00000000004242f0     0x485d /home/born/DPDK-OVS/DPDK-1.6.0/build/lib/librte_pmd_e1000.a(em_rxtx.o)
                0x00000000004242f0                eth_em_recv_pkts
                0x0000000000425850                eth_em_recv_scattered_pkts
                0x00000000004264d0                eth_em_xmit_pkts
                0x0000000000427820                eth_em_tx_queue_release
                0x0000000000427860                eth_em_tx_queue_setup
                0x0000000000427cc0                eth_em_rx_queue_release
                0x0000000000427d00                eth_em_rx_queue_setup
                0x0000000000428060                eth_em_rx_queue_count
                0x00000000004280d0                eth_em_rx_descriptor_done
                0x0000000000428110                em_dev_clear_queues
                0x00000000004281e0                eth_em_rx_init
                0x0000000000428a10                eth_em_tx_init
 *fill*         0x0000000000428b4d        0x3 90909090
 .text          0x0000000000428b50     0x14e7 /home/born/DPDK-OVS/DPDK-1.6.0/build/lib/librte_pmd_e1000.a(e1000_82541.o)
                0x0000000000429ff0                e1000_init_function_pointers_82541
                0x000000000042a020                e1000_init_script_state_82541
 *fill*         0x000000000042a037        0x9 90909090
 .text          0x000000000042a040     0x1d05 /home/born/DPDK-OVS/DPDK-1.6.0/build/lib/librte_pmd_e1000.a(e1000_82543.o)
                0x000000000042b700                e1000_init_function_pointers_82543
                0x000000000042b730                e1000_set_tbi_compatibility_82543
                0x000000000042b910                e1000_tbi_sbp_enabled_82543
                0x000000000042bbc0                e1000_tbi_adjust_stats_82543
 *fill*         0x000000000042bd45        0xb 90909090
 .text          0x000000000042bd50     0x1f22 /home/born/DPDK-OVS/DPDK-1.6.0/build/lib/librte_pmd_e1000.a(e1000_82571.o)
                0x000000000042d370                e1000_init_function_pointers_82571
                0x000000000042d3a0                e1000_check_phy_82574
                0x000000000042d420                e1000_get_laa_state_82571
                0x000000000042d6a0                e1000_set_laa_state_82571
 *fill*         0x000000000042dc72        0xe 90909090
 .text          0x000000000042dc80     0x40d6 /home/born/DPDK-OVS/DPDK-1.6.0/build/lib/librte_pmd_e1000.a(e1000_82575.o)
                0x000000000042dc80                e1000_init_nvm_params_82575
                0x0000000000430c00                e1000_init_function_pointers_82575
                0x0000000000430c40                e1000_rx_fifo_flush_82575
                0x0000000000430fc0                e1000_vmdq_set_anti_spoofing_pf
                0x0000000000431020                e1000_vmdq_set_loopback_pf
                0x0000000000431090                e1000_vmdq_set_replication_pf
                0x00000000004310c0                e1000_rxpbs_adjust_82580
                0x00000000004310e0                e1000_read_emi_reg
                0x0000000000431140                e1000_set_eee_i350
                0x00000000004311c0                e1000_set_eee_i354
                0x0000000000431320                e1000_get_eee_status_i354
                0x0000000000431380                e1000_set_i2c_bb
                0x00000000004313b0                e1000_i2c_bus_clear
                0x0000000000431700                e1000_write_i2c_byte_generic
                0x0000000000431800                e1000_read_i2c_byte_generic
 *fill*         0x0000000000431d56        0xa 90909090
 .text          0x0000000000431d60      0xef0 /home/born/DPDK-OVS/DPDK-1.6.0/build/lib/librte_pmd_e1000.a(e1000_i210.o)
                0x0000000000431d60                e1000_read_nvm_srrd_i210
                0x0000000000431f90                e1000_validate_nvm_checksum_i210
                0x0000000000432010                e1000_write_nvm_srwr_i210
                0x00000000004325c0                e1000_acquire_swfw_sync_i210
                0x0000000000432660                e1000_release_swfw_sync_i210
                0x00000000004326c0                e1000_read_invm_version
                0x0000000000432820                e1000_get_flash_presence_i210
                0x0000000000432920                e1000_update_flash_i210
                0x00000000004329a0                e1000_update_nvm_checksum_i210
                0x0000000000432ab0                e1000_init_function_pointers_i210
                0x0000000000432ad0                e1000_read_xmdio_reg
                0x0000000000432b90                e1000_write_xmdio_reg
 .text          0x0000000000432c50      0xeb2 /home/born/DPDK-OVS/DPDK-1.6.0/build/lib/librte_pmd_e1000.a(e1000_api.o)
                0x0000000000432c50                e1000_init_mac_params
                0x0000000000432c70                e1000_init_nvm_params
                0x0000000000432c90                e1000_init_phy_params
                0x0000000000432cb0                e1000_init_mbx_params
                0x0000000000432cd0                e1000_set_mac_type
                0x0000000000433360                e1000_setup_init_funcs
                0x00000000004334f0                e1000_get_bus_info
                0x0000000000433510                e1000_clear_vfta
                0x0000000000433530                e1000_write_vfta
                0x0000000000433550                e1000_update_mc_addr_list
                0x0000000000433570                e1000_force_mac_fc
                0x0000000000433580                e1000_check_for_link
                0x00000000004335a0                e1000_check_mng_mode
                0x00000000004335c0                e1000_mng_write_dhcp_info
                0x00000000004335d0                e1000_reset_hw
                0x00000000004335f0                e1000_init_hw
                0x0000000000433610                e1000_setup_link
                0x0000000000433630                e1000_get_speed_and_duplex
                0x0000000000433650                e1000_setup_led
                0x0000000000433670                e1000_cleanup_led
                0x0000000000433690                e1000_blink_led
                0x00000000004336b0                e1000_id_led_init
                0x00000000004336d0                e1000_led_on
                0x00000000004336f0                e1000_led_off
                0x0000000000433710                e1000_reset_adaptive
                0x0000000000433720                e1000_update_adaptive
                0x0000000000433730                e1000_disable_pcie_master
                0x0000000000433740                e1000_config_collision_dist
                0x0000000000433760                e1000_rar_set
                0x0000000000433780                e1000_validate_mdi_setting
                0x00000000004337a0                e1000_hash_mc_addr
                0x00000000004337b0                e1000_enable_tx_pkt_filtering
                0x00000000004337c0                e1000_mng_host_if_write
                0x00000000004337d0                e1000_mng_write_cmd_header
                0x00000000004337e0                e1000_mng_enable_host_if
                0x00000000004337f0                e1000_check_reset_block
                0x0000000000433810                e1000_read_phy_reg
                0x0000000000433830                e1000_write_phy_reg
                0x0000000000433850                e1000_release_phy
                0x0000000000433870                e1000_acquire_phy
                0x0000000000433890                e1000_cfg_on_link_up
                0x00000000004338b0                e1000_read_kmrn_reg
                0x00000000004338c0                e1000_write_kmrn_reg
                0x00000000004338d0                e1000_get_cable_length
                0x00000000004338f0                e1000_get_phy_info
                0x0000000000433910                e1000_phy_hw_reset
                0x0000000000433930                e1000_phy_commit
                0x0000000000433950                e1000_set_d0_lplu_state
                0x0000000000433970                e1000_set_d3_lplu_state
                0x0000000000433990                e1000_read_mac_addr
                0x00000000004339b0                e1000_read_pba_string
                0x00000000004339c0                e1000_read_pba_length
                0x00000000004339d0                e1000_read_pba_num
                0x00000000004339e0                e1000_validate_nvm_checksum
                0x0000000000433a00                e1000_update_nvm_checksum
                0x0000000000433a20                e1000_reload_nvm
                0x0000000000433a40                e1000_read_nvm
                0x0000000000433a60                e1000_write_nvm
                0x0000000000433a80                e1000_write_8bit_ctrl_reg
                0x0000000000433a90                e1000_power_up_phy
                0x0000000000433ab0                e1000_power_down_phy
                0x0000000000433ad0                e1000_power_up_fiber_serdes_link
                0x0000000000433af0                e1000_shutdown_fiber_serdes_link
 *fill*         0x0000000000433b02        0xe 90909090
 .text          0x0000000000433b10     0x50ca /home/born/DPDK-OVS/DPDK-1.6.0/build/lib/librte_pmd_e1000.a(e1000_ich8lan.o)
                0x0000000000435400                e1000_toggle_lanphypc_pch_lpt
                0x0000000000435920                e1000_read_emi_reg_locked
                0x0000000000435980                e1000_write_emi_reg_locked
                0x00000000004359e0                e1000_set_eee_pchlan
                0x0000000000435b80                e1000_enable_ulp_lpt_lp
                0x0000000000435d60                e1000_disable_ulp_lpt_lp
                0x00000000004360e0                e1000_init_function_pointers_ich8lan
                0x0000000000436140                e1000_configure_k1_ich8lan
                0x0000000000437350                e1000_copy_rx_addrs_to_phy_ich8lan
                0x00000000004374e0                e1000_lv_jumbo_workaround_ich8lan
                0x0000000000437d90                e1000_set_kmrn_lock_loss_workaround_ich8lan
                0x0000000000438090                e1000_gig_downshift_workaround_ich8lan
                0x0000000000438110                e1000_igp3_phy_powerdown_workaround_ich8lan
                0x0000000000438870                e1000_suspend_workarounds_ich8lan
                0x0000000000438ad0                e1000_resume_workarounds_pchlan
 *fill*         0x0000000000438bda        0x6 90909090
 .text          0x0000000000438be0     0x1b8a /home/born/DPDK-OVS/DPDK-1.6.0/build/lib/librte_pmd_e1000.a(e1000_mac.o)
                0x0000000000438be0                e1000_null_ops_generic
                0x0000000000438bf0                e1000_null_mac_generic
                0x0000000000438c00                e1000_null_link_info
                0x0000000000438c10                e1000_null_mng_mode
                0x0000000000438c20                e1000_null_update_mc
                0x0000000000438c30                e1000_null_write_vfta
                0x0000000000438d10                e1000_setup_led_generic
                0x0000000000438db0                e1000_init_mac_ops_generic
                0x0000000000438e80                e1000_null_rar_set
                0x0000000000438e90                e1000_get_bus_info_pci_generic
                0x0000000000438f50                e1000_get_bus_info_pcie_generic
                0x0000000000438ff0                e1000_set_lan_id_multi_port_pci
                0x0000000000439030                e1000_set_lan_id_single_port
                0x0000000000439040                e1000_clear_vfta_generic
                0x0000000000439070                e1000_write_vfta_generic
                0x0000000000439090                e1000_init_rx_addrs_generic
                0x0000000000439120                e1000_check_alt_mac_addr_generic
                0x00000000004392d0                e1000_hash_mc_addr_generic
                0x0000000000439360                e1000_update_mc_addr_list_generic
                0x00000000004394c0                e1000_pcix_mmrbc_workaround_generic
                0x0000000000439550                e1000_clear_hw_cntrs_base_generic
                0x0000000000439640                e1000_set_default_fc_generic
                0x00000000004396d0                e1000_commit_fc_settings_generic
                0x0000000000439720                e1000_poll_fiber_serdes_link_generic
                0x0000000000439780                e1000_setup_fiber_serdes_link_generic
                0x0000000000439810                e1000_set_fc_watermarks_generic
                0x0000000000439850                e1000_setup_link_generic
                0x00000000004398f0                e1000_force_mac_fc_generic
                0x0000000000439960                e1000_config_fc_after_link_up_generic
                0x0000000000439c00                e1000_check_for_serdes_link_generic
                0x0000000000439d60                e1000_check_for_fiber_link_generic
                0x0000000000439df0                e1000_check_for_copper_link_generic
                0x0000000000439e60                e1000_get_speed_and_duplex_copper_generic
                0x0000000000439ea0                e1000_get_speed_and_duplex_fiber_serdes_generic
                0x0000000000439eb0                e1000_put_hw_semaphore_generic
                0x0000000000439ed0                e1000_get_hw_semaphore_generic
                0x0000000000439f70                e1000_get_auto_rd_done_generic
                0x000000000043a080                e1000_valid_led_default_generic
                0x000000000043a0c0                e1000_id_led_init_generic
                0x000000000043a390                e1000_cleanup_led_generic
                0x000000000043a3b0                e1000_blink_led_generic
                0x000000000043a4c0                e1000_led_on_generic
                0x000000000043a500                e1000_led_off_generic
                0x000000000043a540                e1000_set_pcie_no_snoop_generic
                0x000000000043a570                e1000_disable_pcie_master_generic
                0x000000000043a5e0                e1000_reset_adaptive_generic
                0x000000000043a640                e1000_update_adaptive_generic
                0x000000000043a700                e1000_validate_mdi_setting_crossover_generic
                0x000000000043a710                e1000_write_8bit_ctrl_reg_generic
 *fill*         0x000000000043a76a        0x6 90909090
 .text          0x000000000043a770      0x9b7 /home/born/DPDK-OVS/DPDK-1.6.0/build/lib/librte_pmd_e1000.a(e1000_manage.o)
                0x000000000043a770                e1000_calculate_checksum
                0x000000000043a860                e1000_mng_enable_host_if_generic
                0x000000000043a9a0                e1000_check_mng_mode_generic
                0x000000000043a9c0                e1000_enable_tx_pkt_filtering_generic
                0x000000000043aad0                e1000_mng_write_cmd_header_generic
                0x000000000043ab20                e1000_mng_host_if_write_generic
                0x000000000043acf0                e1000_mng_write_dhcp_info_generic
                0x000000000043ad90                e1000_enable_mng_pass_thru
                0x000000000043ae60                e1000_host_interface_command
                0x000000000043af80                e1000_load_firmware
 *fill*         0x000000000043b127        0x9 90909090
 .text          0x000000000043b130      0x90b /home/born/DPDK-OVS/DPDK-1.6.0/build/lib/librte_pmd_e1000.a(e1000_mbx.o)
                0x000000000043b4c0                e1000_write_posted_mbx
                0x000000000043b5a0                e1000_read_posted_mbx
                0x000000000043b780                e1000_read_mbx
                0x000000000043b7b0                e1000_write_mbx
                0x000000000043b7e0                e1000_check_for_msg
                0x000000000043b800                e1000_check_for_ack
                0x000000000043b820                e1000_check_for_rst
                0x000000000043b840                e1000_init_mbx_ops_generic
                0x000000000043b8a0                e1000_init_mbx_params_vf
                0x000000000043b960                e1000_init_mbx_params_pf
 *fill*         0x000000000043ba3b        0x5 90909090
 .text          0x000000000043ba40     0x2370 /home/born/DPDK-OVS/DPDK-1.6.0/build/lib/librte_pmd_e1000.a(e1000_nvm.o)
                0x000000000043ba40                e1000_null_read_nvm
                0x000000000043ba50                e1000_null_nvm_generic
                0x000000000043ba60                e1000_null_led_default
                0x000000000043ba70                e1000_null_write_nvm
                0x000000000043bf80                e1000_init_nvm_ops_generic
                0x000000000043bff0                e1000_poll_eerd_eewr_done
                0x000000000043c060                e1000_acquire_nvm_generic
                0x000000000043c0c0                e1000_stop_nvm
                0x000000000043c170                e1000_release_nvm_generic
                0x000000000043c190                e1000_read_nvm_spi
                0x000000000043c740                e1000_read_nvm_microwire
                0x000000000043cd80                e1000_read_nvm_eerd
                0x000000000043ce10                e1000_write_nvm_spi
                0x000000000043cfa0                e1000_write_nvm_microwire
                0x000000000043d140                e1000_read_pba_string_generic
                0x000000000043d520                e1000_read_pba_length_generic
                0x000000000043d600                e1000_read_pba_num_generic
                0x000000000043d670                e1000_write_pba_raw
                0x000000000043d780                e1000_get_pba_block_size
                0x000000000043d870                e1000_read_pba_raw
                0x000000000043d9c0                e1000_read_mac_addr_generic
                0x000000000043da40                e1000_validate_nvm_checksum_generic
                0x000000000043daa0                e1000_update_nvm_checksum_generic
                0x000000000043db20                e1000_get_fw_version
 .text          0x000000000043ddb0       0x56 /home/born/DPDK-OVS/DPDK-1.6.0/build/lib/librte_pmd_e1000.a(e1000_osdep.o)
                0x000000000043ddb0                e1000_write_pci_cfg
                0x000000000043ddc0                e1000_read_pci_cfg
                0x000000000043ddd0                e1000_pci_set_mwi
                0x000000000043dde0                e1000_pci_clear_mwi
                0x000000000043ddf0                e1000_read_pcie_cap_reg
                0x000000000043de00                e1000_write_pcie_cap_reg
 *fill*         0x000000000043de06        0xa 90909090
 .text          0x000000000043de10     0x3d22 /home/born/DPDK-OVS/DPDK-1.6.0/build/lib/librte_pmd_e1000.a(e1000_phy.o)
                0x000000000043de10                e1000_null_set_page
                0x000000000043de20                e1000_null_read_reg
                0x000000000043de30                e1000_null_phy_generic
                0x000000000043de40                e1000_null_lplu_state
                0x000000000043de50                e1000_null_write_reg
                0x000000000043de60                e1000_read_i2c_byte_null
                0x000000000043de70                e1000_write_i2c_byte_null
                0x000000000043df30                e1000_init_phy_ops_generic
                0x000000000043e020                e1000_check_reset_block_generic
                0x000000000043e040                e1000_get_phy_id
                0x000000000043e130                e1000_phy_reset_dsp_generic
                0x000000000043e180                e1000_read_phy_reg_mdic
                0x000000000043e250                e1000_write_phy_reg_mdic
                0x000000000043e310                e1000_read_phy_reg_i2c
                0x000000000043e390                e1000_write_phy_reg_i2c
                0x000000000043e410                e1000_read_sfp_data_byte
                0x000000000043e480                e1000_write_sfp_data_byte
                0x000000000043e520                e1000_read_phy_reg_m88
                0x000000000043e590                e1000_write_phy_reg_m88
                0x000000000043e600                e1000_set_page_igp
                0x000000000043e620                e1000_read_phy_reg_igp
                0x000000000043e6b0                e1000_read_phy_reg_igp_locked
                0x000000000043e720                e1000_write_phy_reg_igp
                0x000000000043e7b0                e1000_write_phy_reg_igp_locked
                0x000000000043e820                e1000_read_kmrn_reg_generic
                0x000000000043e8b0                e1000_read_kmrn_reg_locked
                0x000000000043e910                e1000_write_kmrn_reg_generic
                0x000000000043e990                e1000_write_kmrn_reg_locked
                0x000000000043e9c0                e1000_copper_link_setup_82577
                0x000000000043eaa0                e1000_copper_link_setup_m88
                0x000000000043ed00                e1000_copper_link_setup_m88_gen2
                0x000000000043ee10                e1000_copper_link_setup_igp
                0x000000000043ef90                e1000_phy_setup_autoneg
                0x000000000043f0e0                e1000_copper_link_autoneg
                0x000000000043f1f0                e1000_phy_force_speed_duplex_setup
                0x000000000043f290                e1000_set_d3_lplu_state_generic
                0x000000000043f400                e1000_check_downshift_generic
                0x000000000043f4c0                e1000_check_polarity_m88
                0x000000000043f4f0                e1000_check_polarity_igp
                0x000000000043f560                e1000_check_polarity_ife
                0x000000000043f5b0                e1000_phy_has_link_generic
                0x000000000043f6f0                e1000_phy_force_speed_duplex_ife
                0x000000000043f7d0                e1000_phy_force_speed_duplex_m88
                0x000000000043fa20                e1000_phy_force_speed_duplex_igp
                0x000000000043fb00                e1000_setup_copper_link_generic
                0x000000000043fb70                e1000_get_cable_length_m88
                0x000000000043fbf0                e1000_get_cable_length_m88_gen2
                0x000000000043fe40                e1000_get_cable_length_igp_2
                0x0000000000440050                e1000_get_phy_info_m88
                0x0000000000440170                e1000_get_phy_info_igp
                0x0000000000440270                e1000_get_phy_info_ife
                0x0000000000440340                e1000_phy_sw_reset_generic
                0x00000000004403b0                e1000_phy_hw_reset_generic
                0x0000000000440460                e1000_get_cfg_done_generic
                0x0000000000440480                e1000_phy_init_script_igp3
                0x00000000004406e0                e1000_get_phy_type_from_id
                0x0000000000440860                e1000_determine_phy_address
                0x0000000000440a10                e1000_enable_phy_wakeup_reg_access_bm
                0x0000000000440ab0                e1000_disable_phy_wakeup_reg_access_bm
                0x0000000000440fe0                e1000_write_phy_reg_bm2
                0x0000000000441080                e1000_read_phy_reg_bm2
                0x0000000000441130                e1000_read_phy_reg_bm
                0x0000000000441230                e1000_write_phy_reg_bm
                0x0000000000441330                e1000_power_up_phy_copper
                0x00000000004413c0                e1000_power_down_phy_copper
                0x0000000000441460                e1000_read_phy_reg_hv
                0x0000000000441470                e1000_read_phy_reg_hv_locked
                0x0000000000441480                e1000_read_phy_reg_page_hv
                0x0000000000441490                e1000_write_phy_reg_hv
                0x00000000004414a0                e1000_write_phy_reg_hv_locked
                0x00000000004414b0                e1000_write_phy_reg_page_hv
                0x00000000004414d0                e1000_link_stall_workaround_hv
                0x0000000000441580                e1000_check_polarity_82577
                0x00000000004415b0                e1000_phy_force_speed_duplex_82577
                0x0000000000441650                e1000_get_phy_info_82577
                0x0000000000441750                e1000_get_cable_length_82577
                0x00000000004417a0                e1000_write_phy_reg_gs40g
                0x0000000000441830                e1000_read_phy_reg_gs40g
                0x00000000004418b0                e1000_is_mphy_ready
                0x0000000000441910                e1000_write_phy_reg_mphy
                0x0000000000441a30                e1000_read_phy_reg_mphy
 *fill*         0x0000000000441b32        0xe 90909090
 .text          0x0000000000441b40      0x717 /home/born/DPDK-OVS/DPDK-1.6.0/build/lib/librte_pmd_e1000.a(e1000_vf.o)
                0x00000000004420c0                e1000_init_function_pointers_vf
                0x0000000000442100                e1000_vfta_set_vf
                0x0000000000442160                e1000_rlpml_set_vf
                0x00000000004421b0                e1000_promisc_set_vf
 *fill*         0x0000000000442257        0x9 90909090
 .text          0x0000000000442260     0x1e58 /home/born/DPDK-OVS/DPDK-1.6.0/build/lib/librte_pmd_e1000.a(e1000_80003es2lan.o)
                0x0000000000444090                e1000_init_function_pointers_80003es2lan
 *fill*         0x00000000004440b8        0x8 90909090
 .text          0x00000000004440c0      0xa68 /home/born/DPDK-OVS/DPDK-1.6.0/build/lib/librte_pmd_e1000.a(e1000_82540.o)
                0x0000000000444b00                e1000_init_function_pointers_82540
 *fill*         0x0000000000444b28        0x8 90909090
 .text          0x0000000000444b30      0x926 /home/born/DPDK-OVS/DPDK-1.6.0/build/lib/librte_pmd_e1000.a(e1000_82542.o)
                0x00000000004451c0                e1000_init_function_pointers_82542
                0x00000000004451f0                e1000_translate_register_82542
 *fill*         0x0000000000445456        0xa 90909090
 .text          0x0000000000445460     0x451d /home/born/DPDK-OVS/DPDK-1.6.0/build/lib/librte_pmd_ixgbe.a(ixgbe_ethdev.o)
                0x0000000000449380                rte_ixgbe_pmd_init
                0x00000000004493a0                rte_ixgbevf_pmd_init
                0x00000000004493c0                ixgbe_vlan_hw_filter_disable
                0x00000000004493e0                ixgbe_vlan_hw_filter_enable
                0x0000000000449430                ixgbe_vlan_hw_strip_disable_all
                0x00000000004494f0                ixgbe_vlan_hw_strip_enable_all
 *fill*         0x000000000044997d        0x3 90909090
 .text          0x0000000000449980     0x1330 /home/born/DPDK-OVS/DPDK-1.6.0/build/lib/librte_pmd_ixgbe.a(ixgbe_fdir.o)
                0x0000000000449e60                ixgbe_fdir_configure
                0x000000000044a0d0                ixgbe_fdir_add_signature_filter
                0x000000000044a1d0                ixgbe_fdir_update_signature_filter
                0x000000000044a2d0                ixgbe_fdir_remove_signature_filter
                0x000000000044a4f0                ixgbe_fdir_set_masks
                0x000000000044a7a0                ixgbe_fdir_add_perfect_filter
                0x000000000044a8b0                ixgbe_fdir_update_perfect_filter
                0x000000000044a9c0                ixgbe_fdir_remove_perfect_filter
                0x000000000044abd0                ixgbe_fdir_info_get
 .text          0x000000000044acb0      0xcec /home/born/DPDK-OVS/DPDK-1.6.0/build/lib/librte_pmd_ixgbe.a(ixgbe_pf.o)
                0x000000000044ad50                ixgbe_pf_host_init
                0x000000000044b0b0                ixgbe_pf_host_configure
                0x000000000044b340                ixgbe_pf_mbx_process
 *fill*         0x000000000044b99c        0x4 90909090
 .text          0x000000000044b9a0     0x6449 /home/born/DPDK-OVS/DPDK-1.6.0/build/lib/librte_pmd_ixgbe.a(ixgbe_common.o)
                0x000000000044b9a0                ixgbe_get_mac_addr_generic
                0x000000000044b9e0                ixgbe_get_bus_info_generic
                0x000000000044ba20                ixgbe_set_lan_id_multi_port_pcie
                0x000000000044ba60                ixgbe_led_on_generic
                0x000000000044ba90                ixgbe_led_off_generic
                0x000000000044bac0                ixgbe_calc_eeprom_checksum_generic
                0x000000000044bbe0                ixgbe_validate_eeprom_checksum_generic
                0x000000000044bc70                ixgbe_update_eeprom_checksum_generic
                0x000000000044bcb0                ixgbe_set_rar_generic
                0x000000000044bdb0                ixgbe_clear_rar_generic
                0x000000000044be30                ixgbe_disable_mc_generic
                0x000000000044be50                ixgbe_enable_rx_dma_generic
                0x000000000044bf20                ixgbe_release_swfw_sync
                0x000000000044bf70                ixgbe_acquire_swfw_sync
                0x000000000044c140                ixgbe_blink_led_start_generic
                0x000000000044c260                ixgbe_blink_led_stop_generic
                0x000000000044c380                ixgbe_clear_hw_cntrs_generic
                0x000000000044cbf0                ixgbe_init_hw_generic
                0x000000000044cc10                ixgbe_init_eeprom_params_generic
                0x000000000044cc90                ixgbe_enable_mc_generic
                0x000000000044ea10                ixgbe_read_eeprom_buffer_bit_bang_generic
                0x000000000044eb30                ixgbe_write_eeprom_buffer_bit_bang_generic
                0x000000000044ee40                ixgbe_read_eeprom_bit_bang_generic
                0x000000000044ef20                ixgbe_write_eeprom_generic
                0x000000000044f000                ixgbe_init_ops_generic
                0x000000000044f250                ixgbe_device_supports_autoneg_fc
                0x000000000044f280                ixgbe_start_hw_generic
                0x000000000044f560                ixgbe_start_hw_gen2
                0x000000000044f640                ixgbe_read_pba_string_generic
                0x000000000044f9f0                ixgbe_read_pba_num_generic
                0x000000000044fa70                ixgbe_write_pba_raw
                0x000000000044fb80                ixgbe_get_pba_block_size
                0x000000000044fc70                ixgbe_read_pba_raw
                0x000000000044fdd0                ixgbe_poll_eerd_eewr_done
                0x000000000044fe40                ixgbe_write_eewr_buffer_generic
                0x000000000044fee0                ixgbe_write_eewr_generic
                0x000000000044ff00                ixgbe_read_eerd_buffer_generic
                0x000000000044ff90                ixgbe_read_eerd_generic
                0x000000000044ffa0                ixgbe_validate_mac_addr
                0x000000000044fff0                ixgbe_init_rx_addrs_generic
                0x0000000000450110                ixgbe_add_uc_addr
                0x0000000000450150                ixgbe_update_uc_addr_list_generic
                0x00000000004502a0                ixgbe_set_mta
                0x0000000000450370                ixgbe_update_mc_addr_list_generic
                0x00000000004504e0                ixgbe_fc_autoneg
                0x00000000004506b0                ixgbe_fc_enable_generic
                0x0000000000450c50                ixgbe_disable_pcie_master
                0x0000000000450cc0                ixgbe_stop_adapter_generic
                0x0000000000450d90                ixgbe_disable_sec_rx_path_generic
                0x0000000000450de0                ixgbe_enable_sec_rx_path_generic
                0x0000000000450e00                ixgbe_get_san_mac_addr_generic
                0x0000000000450ef0                ixgbe_set_san_mac_addr_generic
                0x0000000000450fc0                ixgbe_get_pcie_msix_count_generic
                0x0000000000450fd0                ixgbe_insert_mac_addr_generic
                0x0000000000451120                ixgbe_clear_vmdq_generic
                0x00000000004511d0                ixgbe_set_vmdq_generic
                0x0000000000451220                ixgbe_set_vmdq_san_mac_generic
                0x0000000000451290                ixgbe_init_uta_tables_generic
                0x00000000004512c0                ixgbe_find_vlvf_slot
                0x0000000000451320                ixgbe_set_vlvf_generic
                0x00000000004514c0                ixgbe_set_vfta_generic
                0x0000000000451570                ixgbe_clear_vfta_generic
                0x00000000004515f0                ixgbe_check_mac_link_generic
                0x00000000004516e0                ixgbe_get_wwn_prefix_generic
                0x0000000000451790                ixgbe_get_fcoe_boot_status_generic
                0x0000000000451830                ixgbe_set_mac_anti_spoofing
                0x0000000000451900                ixgbe_set_vlan_anti_spoofing
                0x0000000000451950                ixgbe_get_device_caps_generic
                0x0000000000451970                ixgbe_enable_relaxed_ordering_gen2
                0x0000000000451a30                ixgbe_set_fw_drv_ver_generic
                0x0000000000451bd0                ixgbe_set_rxpba_generic
                0x0000000000451d70                ixgbe_clear_tx_pending
 *fill*         0x0000000000451de9        0x7 90909090
 .text          0x0000000000451df0     0x2d1a /home/born/DPDK-OVS/DPDK-1.6.0/build/lib/librte_pmd_ixgbe.a(ixgbe_82599.o)
                0x0000000000451df0                ixgbe_get_supported_physical_layer_82599
                0x0000000000452040                ixgbe_enable_rx_dma_82599
                0x0000000000452080                ixgbe_write_analog_reg8_82599
                0x00000000004520b0                ixgbe_read_analog_reg8_82599
                0x0000000000452100                ixgbe_enable_tx_laser_multispeed_fiber
                0x0000000000452120                ixgbe_disable_tx_laser_multispeed_fiber
                0x0000000000452140                ixgbe_identify_phy_82599
                0x0000000000452210                ixgbe_get_link_capabilities_82599
                0x00000000004523c0                ixgbe_get_media_type_82599
                0x0000000000452480                ixgbe_flap_tx_laser_multispeed_fiber
                0x00000000004524c0                ixgbe_start_hw_82599
                0x0000000000452590                ixgbe_reinit_fdir_tables_82599
                0x0000000000452840                ixgbe_init_fdir_signature_82599
                0x0000000000452970                ixgbe_init_fdir_perfect_82599
                0x0000000000452aa0                ixgbe_atr_compute_sig_hash_82599
                0x0000000000452b70                ixgbe_fdir_add_signature_filter_82599
                0x0000000000452bf0                ixgbe_atr_compute_perfect_hash_82599
                0x0000000000452d20                ixgbe_fdir_set_input_mask_82599
                0x0000000000452f50                ixgbe_fdir_write_perfect_filter_82599
                0x0000000000453120                ixgbe_fdir_erase_perfect_filter_82599
                0x0000000000453290                ixgbe_fdir_add_perfect_filter_82599
                0x0000000000453380                ixgbe_verify_lesm_fw_enabled_82599
                0x0000000000453420                ixgbe_init_mac_link_ops_82599
                0x00000000004534f0                ixgbe_init_ops_82599
                0x0000000000453760                ixgbe_init_phy_ops_82599
                0x0000000000453820                ixgbe_reset_pipeline_82599
                0x00000000004539b0                ixgbe_reset_hw_82599
                0x0000000000453d70                ixgbe_setup_mac_link_82599
                0x0000000000454000                ixgbe_setup_mac_link_smartspeed
                0x0000000000454500                ixgbe_setup_mac_link_multispeed_fiber
                0x0000000000454880                ixgbe_start_mac_link_82599
                0x00000000004549c0                ixgbe_setup_sfp_modules_82599
 *fill*         0x0000000000454b0a        0x6 90909090
 .text          0x0000000000454b10     0x21ce /home/born/DPDK-OVS/DPDK-1.6.0/build/lib/librte_pmd_ixgbe.a(ixgbe_phy.o)
                0x0000000000454b10                ixgbe_setup_phy_link_speed_generic
                0x0000000000454b70                ixgbe_get_phy_firmware_version_generic
                0x0000000000454b90                ixgbe_read_i2c_eeprom_generic
                0x0000000000454bb0                ixgbe_write_i2c_eeprom_generic
                0x0000000000454bd0                ixgbe_tn_check_overtemp
                0x0000000000454c20                ixgbe_write_phy_reg_generic
                0x0000000000454d30                ixgbe_read_phy_reg_generic
                0x0000000000455080                ixgbe_i2c_bus_clear
                0x00000000004552d0                ixgbe_write_i2c_byte_generic
                0x00000000004553f0                ixgbe_read_i2c_byte_generic
                0x00000000004556a0                ixgbe_init_phy_ops_generic
                0x0000000000455780                ixgbe_validate_phy_addr
                0x00000000004557c0                ixgbe_get_phy_id
                0x0000000000455840                ixgbe_get_phy_type_from_id
                0x0000000000455880                ixgbe_identify_phy_generic
                0x0000000000455940                ixgbe_reset_phy_generic
                0x0000000000455a20                ixgbe_get_copper_link_capabilities_generic
                0x0000000000455a80                ixgbe_setup_phy_link_generic
                0x0000000000455e30                ixgbe_check_phy_link_tnx
                0x0000000000456080                ixgbe_setup_phy_link_tnx
                0x0000000000456430                ixgbe_get_phy_firmware_version_tnx
                0x0000000000456450                ixgbe_identify_sfp_module_generic
                0x0000000000456920                ixgbe_identify_module_generic
                0x0000000000456950                ixgbe_get_sfp_init_sequence_offsets
                0x0000000000456b00                ixgbe_reset_phy_nl
 *fill*         0x0000000000456cde        0x2 90909090
 .text          0x0000000000456ce0      0xc2a /home/born/DPDK-OVS/DPDK-1.6.0/build/lib/librte_pmd_ixgbe.a(ixgbe_api.o)
                0x0000000000456ce0                ixgbe_set_mac_type
                0x0000000000456ea0                ixgbe_init_shared_code
                0x0000000000456f20                ixgbe_init_hw
                0x0000000000456f40                ixgbe_reset_hw
                0x0000000000456f60                ixgbe_start_hw
                0x0000000000456f80                ixgbe_enable_relaxed_ordering
                0x0000000000456fa0                ixgbe_clear_hw_cntrs
                0x0000000000456fc0                ixgbe_get_media_type
                0x0000000000456fe0                ixgbe_get_mac_addr
                0x0000000000457000                ixgbe_get_san_mac_addr
                0x0000000000457020                ixgbe_set_san_mac_addr
                0x0000000000457040                ixgbe_get_device_caps
                0x0000000000457060                ixgbe_get_wwn_prefix
                0x0000000000457080                ixgbe_get_fcoe_boot_status
                0x00000000004570a0                ixgbe_get_bus_info
                0x00000000004570c0                ixgbe_get_num_of_tx_queues
                0x00000000004570d0                ixgbe_get_num_of_rx_queues
                0x00000000004570e0                ixgbe_stop_adapter
                0x0000000000457100                ixgbe_read_pba_string
                0x0000000000457110                ixgbe_read_pba_num
                0x0000000000457120                ixgbe_identify_phy
                0x0000000000457160                ixgbe_reset_phy
                0x00000000004571b0                ixgbe_get_phy_firmware_version
                0x00000000004571d0                ixgbe_read_phy_reg
                0x0000000000457240                ixgbe_write_phy_reg
                0x00000000004572c0                ixgbe_setup_phy_link
                0x00000000004572e0                ixgbe_check_phy_link
                0x0000000000457300                ixgbe_setup_phy_link_speed
                0x0000000000457320                ixgbe_check_link
                0x0000000000457340                ixgbe_disable_tx_laser
                0x0000000000457360                ixgbe_enable_tx_laser
                0x0000000000457380                ixgbe_flap_tx_laser
                0x00000000004573a0                ixgbe_setup_link
                0x00000000004573c0                ixgbe_get_link_capabilities
                0x00000000004573e0                ixgbe_led_on
                0x0000000000457400                ixgbe_led_off
                0x0000000000457420                ixgbe_blink_led_start
                0x0000000000457440                ixgbe_blink_led_stop
                0x0000000000457460                ixgbe_init_eeprom_params
                0x0000000000457480                ixgbe_write_eeprom
                0x00000000004574a0                ixgbe_write_eeprom_buffer
                0x00000000004574c0                ixgbe_read_eeprom
                0x00000000004574e0                ixgbe_read_eeprom_buffer
                0x0000000000457500                ixgbe_validate_eeprom_checksum
                0x0000000000457520                ixgbe_update_eeprom_checksum
                0x0000000000457540                ixgbe_insert_mac_addr
                0x0000000000457560                ixgbe_set_rar
                0x0000000000457580                ixgbe_clear_rar
                0x00000000004575a0                ixgbe_set_vmdq
                0x00000000004575c0                ixgbe_set_vmdq_san_mac
                0x00000000004575e0                ixgbe_clear_vmdq
                0x0000000000457600                ixgbe_init_rx_addrs
                0x0000000000457620                ixgbe_get_num_rx_addrs
                0x0000000000457630                ixgbe_update_uc_addr_list
                0x0000000000457650                ixgbe_update_mc_addr_list
                0x0000000000457670                ixgbe_enable_mc
                0x0000000000457690                ixgbe_disable_mc
                0x00000000004576b0                ixgbe_clear_vfta
                0x00000000004576d0                ixgbe_set_vfta
                0x00000000004576f0                ixgbe_set_vlvf
                0x0000000000457710                ixgbe_fc_enable
                0x0000000000457730                ixgbe_set_fw_drv_ver
                0x0000000000457760                ixgbe_read_analog_reg8
                0x0000000000457780                ixgbe_write_analog_reg8
                0x00000000004577a0                ixgbe_init_uta_tables
                0x00000000004577c0                ixgbe_read_i2c_byte
                0x00000000004577e0                ixgbe_write_i2c_byte
                0x0000000000457810                ixgbe_write_i2c_eeprom
                0x0000000000457830                ixgbe_read_i2c_eeprom
                0x0000000000457850                ixgbe_get_supported_physical_layer
                0x0000000000457870                ixgbe_enable_rx_dma
                0x0000000000457890                ixgbe_disable_sec_rx_path
                0x00000000004578b0                ixgbe_enable_sec_rx_path
                0x00000000004578d0                ixgbe_acquire_swfw_semaphore
                0x00000000004578f0                ixgbe_release_swfw_semaphore
 *fill*         0x000000000045790a        0x6 90909090
 .text          0x0000000000457910      0x8d2 /home/born/DPDK-OVS/DPDK-1.6.0/build/lib/librte_pmd_ixgbe.a(ixgbe_vf.o)
                0x0000000000457910                ixgbe_start_hw_vf
                0x0000000000457920                ixgbe_init_hw_vf
                0x0000000000457960                ixgbe_set_vfta_vf
                0x00000000004579d0                ixgbe_get_mac_addr_vf
                0x0000000000457a10                ixgbe_setup_mac_link_vf
                0x0000000000457a20                ixgbe_check_mac_link_vf
                0x0000000000457ae0                ixgbe_update_mc_addr_list_vf
                0x0000000000457c00                ixgbe_stop_adapter_vf
                0x0000000000457ca0                ixgbe_reset_hw_vf
                0x0000000000457d90                ixgbevf_set_uc_addr_vf
                0x0000000000457e20                ixgbe_set_rar_vf
                0x0000000000457ec0                ixgbe_init_ops_vf
                0x0000000000457fd0                ixgbe_get_num_of_tx_queues_vf
                0x0000000000457fe0                ixgbe_get_num_of_rx_queues_vf
                0x0000000000457ff0                ixgbevf_rlpml_set_vf
                0x0000000000458040                ixgbevf_negotiate_api_version
                0x00000000004580c0                ixgbevf_get_queues
 *fill*         0x00000000004581e2        0xe 90909090
 .text          0x00000000004581f0     0x24bf /home/born/DPDK-OVS/DPDK-1.6.0/build/lib/librte_pmd_ixgbe.a(ixgbe_dcb.o)
                0x00000000004581f0                ixgbe_dcb_calculate_tc_credits
                0x0000000000458480                ixgbe_dcb_calculate_tc_credits_cee
                0x00000000004591d0                ixgbe_dcb_unpack_pfc_cee
                0x0000000000459280                ixgbe_dcb_unpack_refill_cee
                0x00000000004592e0                ixgbe_dcb_unpack_max_cee
                0x0000000000459330                ixgbe_dcb_unpack_bwgid_cee
                0x0000000000459380                ixgbe_dcb_unpack_tsa_cee
                0x00000000004593d0                ixgbe_dcb_get_tc_from_up
                0x0000000000459430                ixgbe_dcb_unpack_map_cee
                0x00000000004594d0                ixgbe_dcb_check_config_cee
                0x0000000000459fd0                ixgbe_dcb_get_tc_stats
                0x000000000045a010                ixgbe_dcb_get_pfc_stats
                0x000000000045a050                ixgbe_dcb_config_rx_arbiter_cee
                0x000000000045a170                ixgbe_dcb_config_tx_desc_arbiter_cee
                0x000000000045a240                ixgbe_dcb_config_tx_data_arbiter_cee
                0x000000000045a330                ixgbe_dcb_config_pfc_cee
                0x000000000045a3e0                ixgbe_dcb_config_tc_stats
                0x000000000045a410                ixgbe_dcb_config_pfc
                0x000000000045a450                ixgbe_dcb_hw_config_cee
                0x000000000045a5c0                ixgbe_dcb_hw_config
 *fill*         0x000000000045a6af        0x1 90909090
 .text          0x000000000045a6b0      0xf2a /home/born/DPDK-OVS/DPDK-1.6.0/build/lib/librte_pmd_ixgbe.a(ixgbe_dcb_82599.o)
                0x000000000045a6b0                ixgbe_dcb_get_tc_stats_82599
                0x000000000045a770                ixgbe_dcb_get_pfc_stats_82599
                0x000000000045a7d0                ixgbe_dcb_config_rx_arbiter_82599
                0x000000000045a9f0                ixgbe_dcb_config_tx_desc_arbiter_82599
                0x000000000045ac70                ixgbe_dcb_config_tx_data_arbiter_82599
                0x000000000045af60                ixgbe_dcb_config_pfc_82599
                0x000000000045b280                ixgbe_dcb_config_tc_stats_82599
                0x000000000045b430                ixgbe_dcb_config_82599
                0x000000000045b540                ixgbe_dcb_hw_config_82599
 *fill*         0x000000000045b5da        0x6 90909090
 .text          0x000000000045b5e0      0xc19 /home/born/DPDK-OVS/DPDK-1.6.0/build/lib/librte_pmd_ixgbe.a(ixgbe_dcb_82598.o)
                0x000000000045b5e0                ixgbe_dcb_get_tc_stats_82598
                0x000000000045b660                ixgbe_dcb_get_pfc_stats_82598
                0x000000000045b6c0                ixgbe_dcb_config_rx_arbiter_82598
                0x000000000045b840                ixgbe_dcb_config_tx_desc_arbiter_82598
                0x000000000045bae0                ixgbe_dcb_config_tx_data_arbiter_82598
                0x000000000045bd80                ixgbe_dcb_config_pfc_82598
                0x000000000045c090                ixgbe_dcb_config_tc_stats_82598
                0x000000000045c170                ixgbe_dcb_hw_config_82598
 *fill*         0x000000000045c1f9        0x7 90909090
 .text          0x000000000045c200      0x8f3 /home/born/DPDK-OVS/DPDK-1.6.0/build/lib/librte_pmd_ixgbe.a(ixgbe_mbx.o)
                0x000000000045c510                ixgbe_write_posted_mbx
                0x000000000045c5d0                ixgbe_read_posted_mbx
                0x000000000045c880                ixgbe_read_mbx
                0x000000000045c8b0                ixgbe_write_mbx
                0x000000000045c8e0                ixgbe_check_for_msg
                0x000000000045c900                ixgbe_check_for_ack
                0x000000000045c920                ixgbe_check_for_rst
                0x000000000045c940                ixgbe_init_mbx_ops_generic
                0x000000000045c960                ixgbe_init_mbx_params_vf
                0x000000000045ca20                ixgbe_init_mbx_params_pf
 *fill*         0x000000000045caf3        0xd 90909090
 .text          0x000000000045cb00     0x906c /home/born/DPDK-OVS/DPDK-1.6.0/build/lib/librte_pmd_ixgbe.a(ixgbe_rxtx.o)
                0x000000000045cdb0                ixgbe_recv_pkts
                0x000000000045e170                ixgbe_recv_pkts_bulk_alloc
                0x000000000045e300                ixgbe_xmit_pkts
                0x000000000045f730                ixgbe_recv_scattered_pkts
                0x00000000004627d0                ixgbe_xmit_pkts_simple
                0x0000000000462890                ixgbe_dev_tx_queue_release
                0x00000000004628d0                ixgbe_dev_tx_queue_setup
                0x0000000000462e10                ixgbe_dev_rx_queue_release
                0x0000000000462e40                ixgbe_dev_rx_queue_setup
                0x00000000004631a0                ixgbe_dev_rx_queue_count
                0x0000000000463210                ixgbe_dev_rx_descriptor_done
                0x0000000000463250                ixgbe_dev_clear_queues
                0x0000000000463300                ixgbe_configure_dcb
                0x0000000000463e40                ixgbe_dev_rx_init
                0x0000000000464980                ixgbe_dev_tx_init
                0x0000000000464c30                ixgbe_dev_rxtx_start
                0x0000000000465300                ixgbevf_dev_rx_init
                0x00000000004657b0                ixgbevf_dev_tx_init
                0x0000000000465820                ixgbevf_dev_rxtx_start
 *fill*         0x0000000000465b6c        0x4 90909090
 .text          0x0000000000465b70     0x1738 /home/born/DPDK-OVS/DPDK-1.6.0/build/lib/librte_pmd_ixgbe.a(ixgbe_82598.o)
                0x0000000000465c30                ixgbe_set_vmdq_82598
                0x0000000000465ce0                ixgbe_set_vfta_82598
                0x0000000000465df0                ixgbe_get_supported_physical_layer_82598
                0x0000000000465fc0                ixgbe_enable_relaxed_ordering_82598
                0x0000000000466040                ixgbe_set_lan_id_multi_port_pcie_82598
                0x00000000004660c0                ixgbe_read_i2c_eeprom_82598
                0x00000000004661a0                ixgbe_write_analog_reg8_82598
                0x00000000004661d0                ixgbe_read_analog_reg8_82598
                0x0000000000466720                ixgbe_fc_enable_82598
                0x0000000000466ee0                ixgbe_init_phy_ops_82598
                0x0000000000467050                ixgbe_set_pcie_completion_timeout
                0x0000000000467080                ixgbe_start_hw_82598
                0x0000000000467120                ixgbe_init_ops_82598
 *fill*         0x00000000004672a8        0x8 90909090
 .text          0x00000000004672b0      0xee0 /home/born/DPDK-OVS/DPDK-1.6.0/build/lib/librte_pmd_ixgbe.a(ixgbe_x540.o)
                0x00000000004672b0                ixgbe_get_media_type_X540
                0x00000000004672c0                ixgbe_setup_mac_link_X540
                0x00000000004672d0                ixgbe_get_supported_physical_layer_X540
                0x0000000000467320                ixgbe_blink_led_start_X540
                0x0000000000467390                ixgbe_blink_led_stop_X540
                0x00000000004673e0                ixgbe_write_eewr_X540
                0x0000000000467460                ixgbe_validate_eeprom_checksum_X540
                0x0000000000467520                ixgbe_calc_eeprom_checksum_X540
                0x0000000000467660                ixgbe_read_eerd_X540
                0x00000000004676e0                ixgbe_write_eewr_buffer_X540
                0x0000000000467770                ixgbe_read_eerd_buffer_X540
                0x0000000000467800                ixgbe_start_hw_X540
                0x0000000000467820                ixgbe_reset_hw_X540
                0x0000000000467a10                ixgbe_init_eeprom_params_X540
                0x0000000000467a60                ixgbe_acquire_swfw_sync_X540
                0x0000000000467c60                ixgbe_release_swfw_sync_X540
                0x0000000000467d40                ixgbe_update_eeprom_checksum_X540
                0x0000000000467eb0                ixgbe_init_ops_X540
                0x0000000000468180                ixgbe_get_link_capabilities_X540
 .text          0x0000000000468190     0x18d7 /home/born/DPDK-OVS/DPDK-1.6.0/build/lib/librte_pmd_virtio.a(virtio_ethdev.o)
                0x00000000004693c0                virtio_dev_queue_setup
                0x0000000000469a50                rte_virtio_pmd_init
 *fill*         0x0000000000469a67        0x9 90909090
 .text          0x0000000000469a70       0x78 /home/born/DPDK-OVS/DPDK-1.6.0/build/lib/librte_pmd_virtio.a(virtqueue.o)
                0x0000000000469a70                virtqueue_disable_intr
                0x0000000000469a80                virtqueue_detatch_unused
 *fill*         0x0000000000469ae8        0x8 90909090
 .text          0x0000000000469af0      0x174 /home/born/DPDK-OVS/DPDK-1.6.0/build/lib/librte_pmd_virtio.a(virtio_pci.o)
                0x0000000000469af0                vtpci_read_dev_config
                0x0000000000469b60                vtpci_write_dev_config
                0x0000000000469be0                vtpci_negotiate_features
                0x0000000000469bf0                vtpci_get_status
                0x0000000000469c00                vtpci_set_status
                0x0000000000469c40                vtpci_reinit_complete
                0x0000000000469c50                vtpci_reset
 *fill*         0x0000000000469c64        0xc 90909090
 .text          0x0000000000469c70     0x2d7c /home/born/DPDK-OVS/DPDK-1.6.0/build/lib/librte_pmd_virtio.a(virtio_rxtx.o)
                0x000000000046a960                virtio_dev_rxtx_start
                0x000000000046a9b0                virtio_dev_rx_queue_setup
                0x000000000046aa20                virtio_dev_tx_queue_setup
                0x000000000046aa70                virtio_recv_pkts
                0x000000000046bf30                virtio_xmit_pkts
 *fill*         0x000000000046c9ec        0x4 90909090
 .text          0x000000000046c9f0      0xc47 /home/born/DPDK-OVS/DPDK-1.6.0/build/lib/librte_pmd_vmxnet3.a(vmxnet3_ethdev.o)
                0x000000000046d620                rte_vmxnet3_pmd_init
 *fill*         0x000000000046d637        0x9 90909090
 .text          0x000000000046d640     0x379b /home/born/DPDK-OVS/DPDK-1.6.0/build/lib/librte_pmd_vmxnet3.a(vmxnet3_rxtx.o)
                0x000000000046dde0                vmxnet3_dev_tx_queue_release
                0x000000000046de70                vmxnet3_dev_rx_queue_release
                0x000000000046df10                vmxnet3_dev_clear_queues
                0x000000000046dfc0                vmxnet3_xmit_pkts
                0x000000000046e290                vmxnet3_recv_pkts
                0x00000000004701d0                vmxnet3_dev_tx_queue_setup
                0x0000000000470420                vmxnet3_dev_rx_queue_setup
                0x0000000000470710                vmxnet3_dev_rxtx_init
                0x0000000000470c70                vmxnet3_rss_configure
                0x0000000000470db0                vmxnet3_vlan_configure
 *fill*         0x0000000000470ddb        0x5 90909090
 .text          0x0000000000470de0     0x27db /home/born/DPDK-OVS/DPDK-1.6.0/build/lib/libethdev.a(rte_ethdev.o)
                0x0000000000471020                rte_eth_dev_allocate
                0x0000000000471260                rte_eth_driver_register
                0x0000000000471270                rte_eth_dev_socket_id
                0x00000000004712a0                rte_eth_dev_count
                0x00000000004712b0                rte_eth_dev_configure
                0x0000000000471710                rte_eth_dev_stop
                0x0000000000471760                rte_eth_dev_close
                0x00000000004717b0                rte_eth_rx_queue_setup
                0x00000000004718e0                rte_eth_tx_queue_setup
                0x00000000004719e0                rte_eth_promiscuous_enable
                0x0000000000471a20                rte_eth_promiscuous_disable
                0x0000000000471a70                rte_eth_promiscuous_get
                0x0000000000471aa0                rte_eth_allmulticast_enable
                0x0000000000471ae0                rte_eth_allmulticast_disable
                0x0000000000471b30                rte_eth_allmulticast_get
                0x0000000000471b70                rte_eth_link_get
                0x0000000000471c00                rte_eth_link_get_nowait
                0x0000000000471c90                rte_eth_stats_get
                0x0000000000471dc0                rte_eth_stats_reset
                0x0000000000471e00                rte_eth_dev_set_tx_queue_stats_mapping
                0x0000000000471e50                rte_eth_dev_set_rx_queue_stats_mapping
                0x0000000000471ea0                rte_eth_dev_info_get
                0x0000000000471f10                rte_eth_dev_start
                0x0000000000472100                rte_eth_macaddr_get
                0x0000000000472140                rte_eth_dev_vlan_filter
                0x00000000004721a0                rte_eth_dev_set_vlan_strip_on_queue
                0x0000000000472200                rte_eth_dev_set_vlan_ether_type
                0x0000000000472250                rte_eth_dev_set_vlan_offload
                0x0000000000472380                rte_eth_dev_get_vlan_offload
                0x00000000004723d0                rte_eth_dev_fdir_add_signature_filter
                0x0000000000472460                rte_eth_dev_fdir_update_signature_filter
                0x00000000004724f0                rte_eth_dev_fdir_remove_signature_filter
                0x0000000000472580                rte_eth_dev_fdir_get_infos
                0x00000000004725e0                rte_eth_dev_fdir_add_perfect_filter
                0x0000000000472690                rte_eth_dev_fdir_update_perfect_filter
                0x0000000000472740                rte_eth_dev_fdir_remove_perfect_filter
                0x00000000004727e0                rte_eth_dev_fdir_set_masks
                0x0000000000472850                rte_eth_dev_flow_ctrl_set
                0x00000000004728b0                rte_eth_dev_priority_flow_ctrl_set
                0x0000000000472910                rte_eth_dev_rss_reta_update
                0x00000000004729c0                rte_eth_dev_rss_reta_query
                0x0000000000472a20                rte_eth_led_on
                0x0000000000472a70                rte_eth_led_off
                0x0000000000472ac0                rte_eth_dev_mac_addr_add
                0x0000000000472cb0                rte_eth_dev_mac_addr_remove
                0x0000000000472db0                rte_eth_dev_set_vf_rxmode
                0x0000000000472e50                rte_eth_dev_uc_hash_table_set
                0x0000000000473060                rte_eth_dev_uc_all_hash_table_set
                0x00000000004730b0                rte_eth_dev_set_vf_rx
                0x0000000000473140                rte_eth_dev_set_vf_tx
                0x00000000004731d0                rte_eth_dev_set_vf_vlan_filter
                0x0000000000473240                rte_eth_mirror_rule_set
                0x00000000004732d0                rte_eth_mirror_rule_reset
                0x0000000000473330                rte_eth_dev_callback_register
                0x0000000000473410                rte_eth_dev_callback_unregister
                0x0000000000473500                _rte_eth_dev_callback_process
 *fill*         0x00000000004735bb        0x1 90909090
 .text          0x00000000004735bc      0xb5c /home/born/DPDK-OVS/DPDK-1.6.0/build/lib/librte_malloc.a(rte_malloc.o)
                0x0000000000473914                rte_free
                0x0000000000473961                rte_malloc_socket
                0x00000000004739f8                rte_malloc
                0x0000000000473a25                rte_zmalloc_socket
                0x0000000000473a77                rte_zmalloc
                0x0000000000473aa4                rte_calloc_socket
                0x0000000000473adf                rte_calloc
                0x0000000000473b16                rte_realloc
                0x0000000000473f4c                rte_malloc_validate
                0x0000000000473fc5                rte_malloc_get_socket_stats
                0x000000000047401f                rte_malloc_dump_stats
                0x0000000000474105                rte_malloc_set_limit
 .text          0x0000000000474118      0x733 /home/born/DPDK-OVS/DPDK-1.6.0/build/lib/librte_malloc.a(malloc_elem.o)
                0x00000000004741a9                malloc_elem_init
                0x0000000000474219                malloc_elem_mkend
                0x00000000004742ed                malloc_elem_can_hold
                0x00000000004743b0                malloc_elem_alloc
                0x00000000004745aa                malloc_elem_free
                0x00000000004746c3                malloc_elem_resize
 *fill*         0x000000000047484b        0x1 90909090
 .text          0x000000000047484c      0x8e9 /home/born/DPDK-OVS/DPDK-1.6.0/build/lib/librte_malloc.a(malloc_heap.o)
                0x0000000000474f30                malloc_heap_alloc
                0x0000000000475042                malloc_heap_get_stats
 *fill*         0x0000000000475135        0xb 90909090
 .text          0x0000000000475140      0xf98 /home/born/DPDK-OVS/DPDK-1.6.0/build/lib/librte_mempool.a(rte_mempool.o)
                0x0000000000475330                rte_mempool_obj_iter
                0x0000000000475460                rte_mempool_calc_obj_size
                0x00000000004755c0                rte_mempool_xmem_size
                0x0000000000475600                rte_mempool_xmem_usage
                0x00000000004756a0                rte_mempool_xmem_create
                0x0000000000475b90                rte_mempool_create
                0x0000000000475bf0                rte_mempool_count
                0x0000000000475c40                rte_mempool_audit
                0x0000000000475cb0                rte_mempool_dump
                0x0000000000475f80                rte_mempool_list_dump
                0x0000000000476010                rte_mempool_lookup
 *fill*         0x00000000004760d8        0x8 90909090
 .text          0x00000000004760e0      0x6c8 /home/born/DPDK-OVS/DPDK-1.6.0/build/lib/librte_ring.a(rte_ring.o)
                0x0000000000476210                rte_ring_create
                0x0000000000476500                rte_ring_set_water_mark
                0x0000000000476520                rte_ring_dump
                0x0000000000476650                rte_ring_list_dump
                0x00000000004766e0                rte_ring_lookup
 *fill*         0x00000000004767a8        0x8 90909090
 .text          0x00000000004767b0     0x1fb7 /home/born/DPDK-OVS/DPDK-1.6.0/build/lib/librte_eal.a(eal.o)
                0x0000000000476a30                rte_eal_get_configuration
                0x0000000000476a40                eal_parse_sysfs_value
                0x0000000000476bf0                rte_set_application_usage_hook
                0x0000000000476c00                rte_eal_init
                0x0000000000478750                rte_eal_lcore_role
                0x0000000000478760                rte_eal_process_type
 *fill*         0x0000000000478767        0x9 90909090
 .text          0x0000000000478770      0xd81 /home/born/DPDK-OVS/DPDK-1.6.0/build/lib/librte_eal.a(eal_hugepage_info.o)
                0x0000000000478e90                eal_hugepage_info_init
 *fill*         0x00000000004794f1        0xf 90909090
 .text          0x0000000000479500     0x23d2 /home/born/DPDK-OVS/DPDK-1.6.0/build/lib/librte_eal.a(eal_memory.o)
                0x000000000047a030                rte_eal_memory_init
 *fill*         0x000000000047b8d2        0xe 90909090
 .text          0x000000000047b8e0      0x423 /home/born/DPDK-OVS/DPDK-1.6.0/build/lib/librte_eal.a(eal_thread.o)
                0x000000000047b9d0                rte_eal_remote_launch
                0x000000000047bab0                eal_thread_init_master
                0x000000000047baf0                eal_thread_loop
 *fill*         0x000000000047bd03        0xd 90909090
 .text          0x000000000047bd10      0x2bf /home/born/DPDK-OVS/DPDK-1.6.0/build/lib/librte_eal.a(eal_log.o)
                0x000000000047bec0                rte_eal_log_init
                0x000000000047bf60                rte_eal_log_early_init
 *fill*         0x000000000047bfcf        0x1 90909090
 .text          0x000000000047bfd0     0x1e11 /home/born/DPDK-OVS/DPDK-1.6.0/build/lib/librte_eal.a(eal_pci.o)
                0x000000000047db70                rte_eal_pci_probe_one_driver
                0x000000000047dd50                rte_eal_pci_init
 *fill*         0x000000000047dde1        0xf 90909090
 .text          0x000000000047ddf0      0x17b /home/born/DPDK-OVS/DPDK-1.6.0/build/lib/librte_eal.a(eal_debug.o)
                0x000000000047ddf0                rte_dump_stack
                0x000000000047de80                rte_dump_registers
                0x000000000047de90                rte_exit
 *fill*         0x000000000047df6b        0x5 90909090
 .text          0x000000000047df70      0x5a6 /home/born/DPDK-OVS/DPDK-1.6.0/build/lib/librte_eal.a(eal_lcore.o)
                0x000000000047e3b0                rte_eal_cpu_init
 *fill*         0x000000000047e516        0xa 90909090
 .text          0x000000000047e520      0x413 /home/born/DPDK-OVS/DPDK-1.6.0/build/lib/librte_eal.a(eal_timer.o)
                0x000000000047e520                rte_get_tsc_hz
                0x000000000047e530                rte_delay_us
                0x000000000047e680                rte_eal_timer_init
 *fill*         0x000000000047e933        0xd 90909090
 .text          0x000000000047e940      0xade /home/born/DPDK-OVS/DPDK-1.6.0/build/lib/librte_eal.a(eal_interrupts.o)
                0x000000000047eda0                rte_intr_callback_register
                0x000000000047efe0                rte_intr_callback_unregister
                0x000000000047f1e0                rte_intr_enable
                0x000000000047f2c0                rte_intr_disable
                0x000000000047f3a0                rte_eal_intr_init
 *fill*         0x000000000047f41e        0x2 90909090
 .text          0x000000000047f420      0x5b6 /home/born/DPDK-OVS/DPDK-1.6.0/build/lib/librte_eal.a(eal_alarm.o)
                0x000000000047f570                rte_eal_alarm_init
                0x000000000047f5e0                rte_eal_alarm_set
                0x000000000047f7f0                rte_eal_alarm_cancel
 *fill*         0x000000000047f9d6        0xa 90909090
 .text          0x000000000047f9e0     0x1b22 /home/born/DPDK-OVS/DPDK-1.6.0/build/lib/librte_eal.a(eal_ivshmem.o)
                0x00000000004807b0                rte_eal_ivshmem_obj_init
                0x0000000000480af0                rte_eal_ivshmem_init
 *fill*         0x0000000000481502        0xe 90909090
 .text          0x0000000000481510      0xc54 /home/born/DPDK-OVS/DPDK-1.6.0/build/lib/librte_eal.a(eal_common_memzone.o)
                0x0000000000481c00                rte_memzone_reserve_aligned
                0x0000000000481cd0                rte_memzone_reserve
                0x0000000000481ce0                rte_memzone_reserve_bounded
                0x0000000000481db0                rte_memzone_lookup
                0x0000000000481e80                rte_memzone_dump
                0x0000000000481f50                rte_eal_memzone_init
 *fill*         0x0000000000482164        0xc 90909090
 .text          0x0000000000482170      0xd90 /home/born/DPDK-OVS/DPDK-1.6.0/build/lib/librte_eal.a(eal_common_log.o)
                0x0000000000482170                rte_log_add_in_history
                0x0000000000482720                rte_log_set_history
                0x0000000000482730                rte_openlog_stream
                0x0000000000482750                rte_set_log_level
                0x0000000000482760                rte_set_log_type
                0x0000000000482790                rte_log_cur_msg_loglevel
                0x00000000004827c0                rte_log_cur_msg_logtype
                0x00000000004827f0                rte_log_dump_history
                0x0000000000482d80                rte_vlog
                0x0000000000482e20                rte_eal_common_log_init
 .text          0x0000000000482f00      0x24a /home/born/DPDK-OVS/DPDK-1.6.0/build/lib/librte_eal.a(eal_common_launch.o)
                0x0000000000482f00                rte_eal_wait_lcore
                0x0000000000482f50                rte_eal_mp_remote_launch
                0x00000000004830c0                rte_eal_get_lcore_state