Archive member included because of file (symbol)

/home/born/DPDK-OVS/DPDK-1.6.0/build/lib/librte_kni.a(rte_kni.o)
                              test_kni.o (rte_kni_alloc)
/home/born/DPDK-OVS/DPDK-1.6.0/build/lib/librte_ivshmem.a(rte_ivshmem.o)
                              test_ivshmem.o (rte_ivshmem_metadata_add_ring)
/home/born/DPDK-OVS/DPDK-1.6.0/build/lib/librte_pmd_e1000.a(igb_ethdev.o)
                              test_kni.o (rte_igb_pmd_init)
/home/born/DPDK-OVS/DPDK-1.6.0/build/lib/librte_pmd_e1000.a(igb_rxtx.o)
                              /home/born/DPDK-OVS/DPDK-1.6.0/build/lib/librte_pmd_e1000.a(igb_ethdev.o) (eth_igb_recv_pkts)
/home/born/DPDK-OVS/DPDK-1.6.0/build/lib/librte_pmd_e1000.a(igb_pf.o)
                              /home/born/DPDK-OVS/DPDK-1.6.0/build/lib/librte_pmd_e1000.a(igb_ethdev.o) (igb_pf_host_init)
/home/born/DPDK-OVS/DPDK-1.6.0/build/lib/librte_pmd_e1000.a(em_ethdev.o)
                              test_kni.o (rte_em_pmd_init)
/home/born/DPDK-OVS/DPDK-1.6.0/build/lib/librte_pmd_e1000.a(em_rxtx.o)
                              /home/born/DPDK-OVS/DPDK-1.6.0/build/lib/librte_pmd_e1000.a(em_ethdev.o) (eth_em_recv_pkts)
/home/born/DPDK-OVS/DPDK-1.6.0/build/lib/librte_pmd_e1000.a(e1000_82541.o)
                              /home/born/DPDK-OVS/DPDK-1.6.0/build/lib/librte_pmd_e1000.a(em_ethdev.o) (e1000_init_script_state_82541)
/home/born/DPDK-OVS/DPDK-1.6.0/build/lib/librte_pmd_e1000.a(e1000_82543.o)
                              /home/born/DPDK-OVS/DPDK-1.6.0/build/lib/librte_pmd_e1000.a(em_ethdev.o) (e1000_set_tbi_compatibility_82543)
/home/born/DPDK-OVS/DPDK-1.6.0/build/lib/librte_pmd_e1000.a(e1000_82571.o)
                              /home/born/DPDK-OVS/DPDK-1.6.0/build/lib/librte_pmd_e1000.a(em_ethdev.o) (e1000_set_laa_state_82571)
/home/born/DPDK-OVS/DPDK-1.6.0/build/lib/librte_pmd_e1000.a(e1000_82575.o)
                              /home/born/DPDK-OVS/DPDK-1.6.0/build/lib/librte_pmd_e1000.a(igb_pf.o) (e1000_vmdq_set_anti_spoofing_pf)
/home/born/DPDK-OVS/DPDK-1.6.0/build/lib/librte_pmd_e1000.a(e1000_i210.o)
                              /home/born/DPDK-OVS/DPDK-1.6.0/build/lib/librte_pmd_e1000.a(e1000_82575.o) (e1000_acquire_swfw_sync_i210)
/home/born/DPDK-OVS/DPDK-1.6.0/build/lib/librte_pmd_e1000.a(e1000_api.o)
                              /home/born/DPDK-OVS/DPDK-1.6.0/build/lib/librte_pmd_e1000.a(igb_ethdev.o) (e1000_set_mac_type)
/home/born/DPDK-OVS/DPDK-1.6.0/build/lib/librte_pmd_e1000.a(e1000_ich8lan.o)
                              /home/born/DPDK-OVS/DPDK-1.6.0/build/lib/librte_pmd_e1000.a(e1000_api.o) (e1000_init_function_pointers_ich8lan)
/home/born/DPDK-OVS/DPDK-1.6.0/build/lib/librte_pmd_e1000.a(e1000_mac.o)
                              /home/born/DPDK-OVS/DPDK-1.6.0/build/lib/librte_pmd_e1000.a(e1000_i210.o) (e1000_null_ops_generic)
/home/born/DPDK-OVS/DPDK-1.6.0/build/lib/librte_pmd_e1000.a(e1000_manage.o)
                              /home/born/DPDK-OVS/DPDK-1.6.0/build/lib/librte_pmd_e1000.a(e1000_api.o) (e1000_mng_enable_host_if_generic)
/home/born/DPDK-OVS/DPDK-1.6.0/build/lib/librte_pmd_e1000.a(e1000_mbx.o)
                              /home/born/DPDK-OVS/DPDK-1.6.0/build/lib/librte_pmd_e1000.a(igb_pf.o) (e1000_read_mbx)
/home/born/DPDK-OVS/DPDK-1.6.0/build/lib/librte_pmd_e1000.a(e1000_nvm.o)
                              /home/born/DPDK-OVS/DPDK-1.6.0/build/lib/librte_pmd_e1000.a(e1000_i210.o) (e1000_null_write_nvm)
/home/born/DPDK-OVS/DPDK-1.6.0/build/lib/librte_pmd_e1000.a(e1000_osdep.o)
                              /home/born/DPDK-OVS/DPDK-1.6.0/build/lib/librte_pmd_e1000.a(e1000_mac.o) (e1000_write_pci_cfg)
/home/born/DPDK-OVS/DPDK-1.6.0/build/lib/librte_pmd_e1000.a(e1000_phy.o)
                              /home/born/DPDK-OVS/DPDK-1.6.0/build/lib/librte_pmd_e1000.a(e1000_api.o) (e1000_init_phy_ops_generic)
/home/born/DPDK-OVS/DPDK-1.6.0/build/lib/librte_pmd_e1000.a(e1000_vf.o)
                              /home/born/DPDK-OVS/DPDK-1.6.0/build/lib/librte_pmd_e1000.a(e1000_api.o) (e1000_init_function_pointers_vf)
/home/born/DPDK-OVS/DPDK-1.6.0/build/lib/librte_pmd_e1000.a(e1000_80003es2lan.o)
                              /home/born/DPDK-OVS/DPDK-1.6.0/build/lib/librte_pmd_e1000.a(e1000_api.o) (e1000_init_function_pointers_80003es2lan)
/home/born/DPDK-OVS/DPDK-1.6.0/build/lib/librte_pmd_e1000.a(e1000_82540.o)
                              /home/born/DPDK-OVS/DPDK-1.6.0/build/lib/librte_pmd_e1000.a(e1000_api.o) (e1000_init_function_pointers_82540)
/home/born/DPDK-OVS/DPDK-1.6.0/build/lib/librte_pmd_e1000.a(e1000_82542.o)
                              /home/born/DPDK-OVS/DPDK-1.6.0/build/lib/librte_pmd_e1000.a(e1000_api.o) (e1000_init_function_pointers_82542)
/home/born/DPDK-OVS/DPDK-1.6.0/build/lib/librte_pmd_ixgbe.a(ixgbe_ethdev.o)
                              test_kni.o (rte_ixgbe_pmd_init)
/home/born/DPDK-OVS/DPDK-1.6.0/build/lib/librte_pmd_ixgbe.a(ixgbe_fdir.o)
[...]
Memory Configuration

Name             Origin             Length             Attributes
*default*        0x0000000000000000 0xffffffffffffffff

Linker script and memory map

LOAD /usr/lib/gcc/x86_64-linux-gnu/4.6/../../../x86_64-linux-gnu/crt1.o
LOAD /usr/lib/gcc/x86_64-linux-gnu/4.6/../../../x86_64-linux-gnu/crti.o
LOAD /usr/lib/gcc/x86_64-linux-gnu/4.6/crtbegin.o
LOAD commands.o
LOAD test.o
LOAD test_pci.o
LOAD test_prefetch.o
LOAD test_byteorder.o
LOAD test_per_lcore.o
LOAD test_atomic.o
LOAD test_malloc.o
LOAD test_cycles.o
LOAD test_spinlock.o
LOAD test_memory.o
LOAD test_memzone.o
LOAD test_ring.o
LOAD test_ring_perf.o
LOAD test_rwlock.o
LOAD test_timer.o
LOAD test_mempool.o
LOAD test_mempool_perf.o
LOAD test_mbuf.o
LOAD test_logs.o
LOAD test_memcpy.o
LOAD test_memcpy_perf.o
LOAD test_hash.o
LOAD test_hash_perf.o
LOAD test_lpm.o
LOAD test_lpm6.o
LOAD test_debug.o
LOAD test_errno.o
LOAD test_tailq.o
LOAD test_string_fns.o
LOAD test_mp_secondary.o
LOAD test_cpuflags.o
LOAD test_eal_flags.o
LOAD test_alarm.o
LOAD test_interrupts.o
LOAD test_version.o
LOAD test_eal_fs.o
LOAD test_func_reentrancy.o
LOAD test_cmdline.o
LOAD test_cmdline_num.o
LOAD test_cmdline_etheraddr.o
LOAD test_cmdline_portlist.o
LOAD test_cmdline_ipaddr.o
LOAD test_cmdline_cirbuf.o
LOAD test_cmdline_string.o
LOAD test_cmdline_lib.o
LOAD test_red.o
LOAD test_sched.o
LOAD test_meter.o
LOAD test_kni.o
LOAD test_power.o
LOAD test_common.o
LOAD test_timer_perf.o
LOAD test_ivshmem.o
LOAD test_pmd_ring.o
LOAD /home/born/DPDK-OVS/DPDK-1.6.0/build/lib/librte_kni.a
LOAD /home/born/DPDK-OVS/DPDK-1.6.0/build/lib/librte_ivshmem.a
LOAD /home/born/DPDK-OVS/DPDK-1.6.0/build/lib/librte_pmd_e1000.a
LOAD /home/born/DPDK-OVS/DPDK-1.6.0/build/lib/librte_pmd_ixgbe.a
LOAD /home/born/DPDK-OVS/DPDK-1.6.0/build/lib/librte_pmd_virtio.a
LOAD /home/born/DPDK-OVS/DPDK-1.6.0/build/lib/librte_pmd_vmxnet3.a
LOAD /home/born/DPDK-OVS/DPDK-1.6.0/build/lib/librte_timer.a
LOAD /home/born/DPDK-OVS/DPDK-1.6.0/build/lib/librte_hash.a
LOAD /home/born/DPDK-OVS/DPDK-1.6.0/build/lib/librte_lpm.a
LOAD /home/born/DPDK-OVS/DPDK-1.6.0/build/lib/librte_power.a
LOAD /home/born/DPDK-OVS/DPDK-1.6.0/build/lib/librte_meter.a
LOAD /home/born/DPDK-OVS/DPDK-1.6.0/build/lib/librte_sched.a
LOAD /usr/lib/gcc/x86_64-linux-gnu/4.6/../../../x86_64-linux-gnu/libm.so
LOAD /usr/lib/gcc/x86_64-linux-gnu/4.6/../../../x86_64-linux-gnu/librt.so
START GROUP
LOAD /home/born/DPDK-OVS/DPDK-1.6.0/build/lib/librte_mbuf.a
LOAD /home/born/DPDK-OVS/DPDK-1.6.0/build/lib/libethdev.a
LOAD /home/born/DPDK-OVS/DPDK-1.6.0/build/lib/librte_pmd_ring.a
LOAD /home/born/DPDK-OVS/DPDK-1.6.0/build/lib/librte_malloc.a
LOAD /home/born/DPDK-OVS/DPDK-1.6.0/build/lib/librte_mempool.a
LOAD /home/born/DPDK-OVS/DPDK-1.6.0/build/lib/librte_ring.a
LOAD /home/born/DPDK-OVS/DPDK-1.6.0/build/lib/librte_eal.a
LOAD /home/born/DPDK-OVS/DPDK-1.6.0/build/lib/librte_cmdline.a
LOAD /usr/lib/gcc/x86_64-linux-gnu/4.6/../../../x86_64-linux-gnu/librt.so
LOAD /usr/lib/gcc/x86_64-linux-gnu/4.6/../../../x86_64-linux-gnu/libm.so
END GROUP
LOAD /usr/lib/gcc/x86_64-linux-gnu/4.6/libgcc.a
LOAD /usr/lib/gcc/x86_64-linux-gnu/4.6/libgcc_s.so
LOAD /usr/lib/gcc/x86_64-linux-gnu/4.6/../../../x86_64-linux-gnu/libpthread.so
START GROUP
LOAD /lib/x86_64-linux-gnu/libpthread.so.0
LOAD /usr/lib/x86_64-linux-gnu/libpthread_nonshared.a
END GROUP
LOAD /usr/lib/gcc/x86_64-linux-gnu/4.6/../../../x86_64-linux-gnu/libc.so
START GROUP
LOAD /lib/x86_64-linux-gnu/libc.so.6
LOAD /usr/lib/x86_64-linux-gnu/libc_nonshared.a
LOAD /lib/x86_64-linux-gnu/ld-linux-x86-64.so.2
END GROUP
LOAD /usr/lib/gcc/x86_64-linux-gnu/4.6/libgcc.a
LOAD /usr/lib/gcc/x86_64-linux-gnu/4.6/libgcc_s.so
LOAD /usr/lib/gcc/x86_64-linux-gnu/4.6/crtend.o
LOAD /usr/lib/gcc/x86_64-linux-gnu/4.6/../../../x86_64-linux-gnu/crtn.o
                0x0000000000400000                PROVIDE (__executable_start, 0x400000)
                0x0000000000400270                . = (0x400000 + SIZEOF_HEADERS)

.interp         0x0000000000400270       0x1c
 *(.interp)
 .interp        0x0000000000400270       0x1c /usr/lib/gcc/x86_64-linux-gnu/4.6/../../../x86_64-linux-gnu/crt1.o

.note.ABI-tag   0x000000000040028c       0x20
 .note.ABI-tag  0x000000000040028c       0x20 /usr/lib/gcc/x86_64-linux-gnu/4.6/../../../x86_64-linux-gnu/crt1.o

.note.gnu.build-id
                0x00000000004002ac       0x24
 *(.note.gnu.build-id)
 .note.gnu.build-id
                0x00000000004002ac       0x24 /usr/lib/gcc/x86_64-linux-gnu/4.6/../../../x86_64-linux-gnu/crt1.o

.hash
 *(.hash)

.gnu.hash       0x00000000004002d0      0xa04
 *(.gnu.hash)
 .gnu.hash      0x00000000004002d0      0xa04 /usr/lib/gcc/x86_64-linux-gnu/4.6/../../../x86_64-linux-gnu/crt1.o

.dynsym         0x0000000000400cd8     0x28c8
 *(.dynsym)
 .dynsym        0x0000000000400cd8     0x28c8 /usr/lib/gcc/x86_64-linux-gnu/4.6/../../../x86_64-linux-gnu/crt1.o

.dynstr         0x00000000004035a0     0x23a5
 *(.dynstr)
 .dynstr        0x00000000004035a0     0x23a5 /usr/lib/gcc/x86_64-linux-gnu/4.6/../../../x86_64-linux-gnu/crt1.o

.gnu.version    0x0000000000405946      0x366
 *(.gnu.version)
 .gnu.version   0x0000000000405946      0x366 /usr/lib/gcc/x86_64-linux-gnu/4.6/../../../x86_64-linux-gnu/crt1.o

.gnu.version_d  0x0000000000405cb0        0x0
 *(.gnu.version_d)
 .gnu.version_d
                0x0000000000000000        0x0 /usr/lib/gcc/x86_64-linux-gnu/4.6/../../../x86_64-linux-gnu/crt1.o

.gnu.version_r  0x0000000000405cb0      0x120
 *(.gnu.version_r)
 .gnu.version_r
                0x0000000000405cb0      0x120 /usr/lib/gcc/x86_64-linux-gnu/4.6/../../../x86_64-linux-gnu/crt1.o

.rela.dyn       0x0000000000405dd0     0x1da0
 *(.rela.init)
 *(.rela.text .rela.text.* .rela.gnu.linkonce.t.*)
 .rela.text     0x0000000000000000        0x0 /usr/lib/gcc/x86_64-linux-gnu/4.6/../../../x86_64-linux-gnu/crt1.o
 *(.rela.fini)
 *(.rela.rodata .rela.rodata.* .rela.gnu.linkonce.r.*)
 *(.rela.data .rela.data.* .rela.gnu.linkonce.d.*)
 .rela.data.rel
                0x0000000000000000        0x0 /usr/lib/gcc/x86_64-linux-gnu/4.6/../../../x86_64-linux-gnu/crt1.o
 .rela.data     0x0000000000000000        0x0 /usr/lib/gcc/x86_64-linux-gnu/4.6/../../../x86_64-linux-gnu/crt1.o
 *(.rela.tdata .rela.tdata.* .rela.gnu.linkonce.td.*)
 *(.rela.tbss .rela.tbss.* .rela.gnu.linkonce.tb.*)
 *(.rela.ctors)
 *(.rela.dtors)
 *(.rela.got)
 .rela.got      0x0000000000405dd0     0x1da0 /usr/lib/gcc/x86_64-linux-gnu/4.6/../../../x86_64-linux-gnu/crt1.o
 *(.rela.bss .rela.bss.* .rela.gnu.linkonce.b.*)
 .rela.bss      0x0000000000000000        0x0 /usr/lib/gcc/x86_64-linux-gnu/4.6/../../../x86_64-linux-gnu/crt1.o
 *(.rela.ldata .rela.ldata.* .rela.gnu.linkonce.l.*)
 *(.rela.lbss .rela.lbss.* .rela.gnu.linkonce.lb.*)
 *(.rela.lrodata .rela.lrodata.* .rela.gnu.linkonce.lr.*)
 *(.rela.ifunc)

.rela.plt       0x0000000000407b70      0xaf8
 *(.rela.plt)
 .rela.plt      0x0000000000407b70      0xaf8 /usr/lib/gcc/x86_64-linux-gnu/4.6/../../../x86_64-linux-gnu/crt1.o
                0x0000000000408668                PROVIDE (__rela_iplt_start, .)
 *(.rela.iplt)
 .rela.iplt     0x0000000000000000        0x0 /usr/lib/gcc/x86_64-linux-gnu/4.6/../../../x86_64-linux-gnu/crt1.o
                0x0000000000408668                PROVIDE (__rela_iplt_end, .)

.init           0x0000000000408668       0x18
 *(.init)
 .init          0x0000000000408668        0x9 /usr/lib/gcc/x86_64-linux-gnu/4.6/../../../x86_64-linux-gnu/crti.o
                0x0000000000408668                _init
 .init          0x0000000000408671        0x5 /usr/lib/gcc/x86_64-linux-gnu/4.6/crtbegin.o
 .init          0x0000000000408676        0x5 /usr/lib/gcc/x86_64-linux-gnu/4.6/crtend.o
 .init          0x000000000040867b        0x5 /usr/lib/gcc/x86_64-linux-gnu/4.6/../../../x86_64-linux-gnu/crtn.o

.plt            0x0000000000408680      0x760
 *(.plt)
 .plt           0x0000000000408680      0x760 /usr/lib/gcc/x86_64-linux-gnu/4.6/../../../x86_64-linux-gnu/crt1.o
                0x0000000000408690                getenv@@GLIBC_2.2.5
                0x00000000004086a0                free@@GLIBC_2.2.5
                0x00000000004086b0                putchar@@GLIBC_2.2.5
                0x00000000004086c0                pthread_create@@GLIBC_2.2.5
                0x00000000004086d0                __vfprintf_chk@@GLIBC_2.3.4
                0x00000000004086e0                abort@@GLIBC_2.2.5
                0x00000000004086f0                __errno_location@@GLIBC_2.2.5
                0x0000000000408700                ldexp@@GLIBC_2.2.5
                0x0000000000408710                unlink@@GLIBC_2.2.5
                0x0000000000408720                remove@@GLIBC_2.2.5
                0x0000000000408730                strncmp@@GLIBC_2.2.5
                0x0000000000408740                fopencookie@@GLIBC_2.2.5
                0x0000000000408750                __read_chk@@GLIBC_2.4
                0x0000000000408760                unlinkat@@GLIBC_2.4
                0x0000000000408770                puts@@GLIBC_2.2.5
                0x0000000000408780                qsort@@GLIBC_2.2.5
                0x0000000000408790                vsnprintf@@GLIBC_2.2.5
                0x00000000004087a0                backtrace_symbols@@GLIBC_2.2.5
                0x00000000004087b0                __xpg_strerror_r@@GLIBC_2.3.4
                0x00000000004087c0                readlink@@GLIBC_2.2.5
                0x00000000004087d0                fcntl@@GLIBC_2.2.5
                0x00000000004087e0                setenv@@GLIBC_2.2.5
                0x00000000004087f0                write@@GLIBC_2.2.5
                0x0000000000408800                fclose@@GLIBC_2.2.5
                0x0000000000408810                opendir@@GLIBC_2.2.5
                0x0000000000408820                backtrace@@GLIBC_2.2.5
                0x0000000000408830                openat@@GLIBC_2.4
                0x0000000000408840                __stack_chk_fail@@GLIBC_2.4
                0x0000000000408850                getuid@@GLIBC_2.2.5
                0x0000000000408860                mmap@@GLIBC_2.2.5
                0x0000000000408870                getopt_long@@GLIBC_2.2.5
                0x0000000000408880                setbuf@@GLIBC_2.2.5
                0x0000000000408890                system@@GLIBC_2.2.5
                0x00000000004088a0                pthread_setaffinity_np@@GLIBC_2.3.4
                0x00000000004088b0                strchr@@GLIBC_2.2.5
                0x00000000004088c0                printf@@GLIBC_2.2.5
                0x00000000004088d0                nanosleep@@GLIBC_2.2.5
                0x00000000004088e0                strrchr@@GLIBC_2.2.5
                0x00000000004088f0                ftruncate@@GLIBC_2.2.5
                0x0000000000408900                lseek@@GLIBC_2.2.5
                0x0000000000408910                gettimeofday@@GLIBC_2.2.5
                0x0000000000408920                iopl@@GLIBC_2.2.5
                0x0000000000408930                fputs@@GLIBC_2.2.5
                0x0000000000408940                fnmatch@@GLIBC_2.2.5
                0x0000000000408950                memset@@GLIBC_2.2.5
                0x0000000000408960                pow@@GLIBC_2.2.5
                0x0000000000408970                ioctl@@GLIBC_2.2.5
                0x0000000000408980                index@@GLIBC_2.2.5
                0x0000000000408990                strnlen@@GLIBC_2.2.5
                0x00000000004089a0                log@@GLIBC_2.2.5
                0x00000000004089b0                close@@GLIBC_2.2.5
                0x00000000004089c0                pipe@@GLIBC_2.2.5
                0x00000000004089d0                closedir@@GLIBC_2.2.5
                0x00000000004089e0                epoll_ctl@@GLIBC_2.3.2
                0x00000000004089f0                __strdup@@GLIBC_2.2.5
                0x0000000000408a00                read@@GLIBC_2.2.5
                0x0000000000408a10                __libc_start_main@@GLIBC_2.2.5
                0x0000000000408a20                memcmp@@GLIBC_2.2.5
                0x0000000000408a30                fgets@@GLIBC_2.2.5
                0x0000000000408a40                __tls_get_addr@@GLIBC_2.3
                0x0000000000408a50                strtoull@@GLIBC_2.2.5
                0x0000000000408a60                __vdprintf_chk@@GLIBC_2.8
                0x0000000000408a70                strcmp@@GLIBC_2.2.5
                0x0000000000408a80                dirfd@@GLIBC_2.2.5
                0x0000000000408a90                __strndup@@GLIBC_2.2.5
                0x0000000000408aa0                __memcpy_chk@@GLIBC_2.3.4
                0x0000000000408ab0                basename@@GLIBC_2.2.5
                0x0000000000408ac0                timerfd_create@@GLIBC_2.8
                0x0000000000408ad0                strtol@@GLIBC_2.2.5
                0x0000000000408ae0                memcpy@@GLIBC_2.14
                0x0000000000408af0                __xpg_basename@@GLIBC_2.2.5
                0x0000000000408b00                fileno@@GLIBC_2.2.5
                0x0000000000408b10                readdir@@GLIBC_2.2.5
                0x0000000000408b20                malloc@@GLIBC_2.2.5
                0x0000000000408b30                strncasecmp@@GLIBC_2.2.5
                0x0000000000408b40                fflush@@GLIBC_2.2.5
                0x0000000000408b50                __sched_cpufree@@GLIBC_2.7
                0x0000000000408b60                __fxstat@@GLIBC_2.2.5
                0x0000000000408b70                clock_gettime@@GLIBC_2.2.5
                0x0000000000408b80                lrand48@@GLIBC_2.2.5
                0x0000000000408b90                mkstemp@@GLIBC_2.2.5
                0x0000000000408ba0                fseek@@GLIBC_2.2.5
                0x0000000000408bb0                __sched_cpualloc@@GLIBC_2.7
                0x0000000000408bc0                __vsnprintf_chk@@GLIBC_2.3.4
                0x0000000000408bd0                srand48@@GLIBC_2.2.5
                0x0000000000408be0                munmap@@GLIBC_2.2.5
                0x0000000000408bf0                __printf_chk@@GLIBC_2.3.4
                0x0000000000408c00                epoll_wait@@GLIBC_2.3.2
                0x0000000000408c10                __syslog_chk@@GLIBC_2.4
                0x0000000000408c20                pthread_self@@GLIBC_2.2.5
                0x0000000000408c30                tcgetattr@@GLIBC_2.2.5
                0x0000000000408c40                tcsetattr@@GLIBC_2.2.5
                0x0000000000408c50                open@@GLIBC_2.2.5
                0x0000000000408c60                access@@GLIBC_2.2.5
                0x0000000000408c70                fopen@@GLIBC_2.2.5
                0x0000000000408c80                perror@@GLIBC_2.2.5
                0x0000000000408c90                sysconf@@GLIBC_2.2.5
                0x0000000000408ca0                strtoul@@GLIBC_2.2.5
                0x0000000000408cb0                timerfd_settime@@GLIBC_2.8
                0x0000000000408cc0                flock@@GLIBC_2.2.5
                0x0000000000408cd0                openlog@@GLIBC_2.2.5
                0x0000000000408ce0                getpagesize@@GLIBC_2.2.5
                0x0000000000408cf0                epoll_create@@GLIBC_2.3.2
                0x0000000000408d00                exit@@GLIBC_2.2.5
                0x0000000000408d10                fwrite@@GLIBC_2.2.5
                0x0000000000408d20                __fprintf_chk@@GLIBC_2.3.4
                0x0000000000408d30                strerror@@GLIBC_2.2.5
                0x0000000000408d40                sleep@@GLIBC_2.2.5
                0x0000000000408d50                wait@@GLIBC_2.2.5
                0x0000000000408d60                execv@@GLIBC_2.2.5
                0x0000000000408d70                fork@@GLIBC_2.2.5
                0x0000000000408d80                strstr@@GLIBC_2.2.5
                0x0000000000408d90                getdtablesize@@GLIBC_2.2.5
                0x0000000000408da0                rand@@GLIBC_2.2.5
                0x0000000000408db0                __ctype_tolower_loc@@GLIBC_2.3
                0x0000000000408dc0                __ctype_b_loc@@GLIBC_2.3
                0x0000000000408dd0                usleep@@GLIBC_2.2.5
 *(.iplt)
 .iplt          0x0000000000000000        0x0 /usr/lib/gcc/x86_64-linux-gnu/4.6/../../../x86_64-linux-gnu/crt1.o

.text           0x0000000000408de0    0xd4968
 *(.text.unlikely .text.*_unlikely)
 .text.unlikely
                0x0000000000408de0       0x1d test_cycles.o
 .text.unlikely
                0x0000000000408dfd        0x3 test_ring.o
 .text.unlikely
                0x0000000000408e00       0x3a test_timer.o
 .text.unlikely
                0x0000000000408e3a       0x1d test_mempool.o
 .text.unlikely
                0x0000000000408e57       0x56 test_mempool_perf.o
 .text.unlikely
                0x0000000000408ead       0x17 test_mbuf.o
 .text.unlikely
                0x0000000000408ec4      0x135 test_hash.o
 .text.unlikely
                0x0000000000408ff9       0x1d test_timer_perf.o
 .text.unlikely
                0x0000000000409016       0x1d /home/born/DPDK-OVS/DPDK-1.6.0/build/lib/librte_kni.a(rte_kni.o)
 .text.unlikely
                0x0000000000409033      0x602 /home/born/DPDK-OVS/DPDK-1.6.0/build/lib/librte_sched.a(rte_sched.o)
 .text.unlikely
                0x0000000000409635       0xcd /home/born/DPDK-OVS/DPDK-1.6.0/build/lib/librte_eal.a(eal_debug.o)
                0x0000000000409635                __rte_panic
 .text.unlikely
                0x0000000000409702       0x8a /home/born/DPDK-OVS/DPDK-1.6.0/build/lib/librte_eal.a(eal_common_log.o)
                0x0000000000409702                rte_log
 *(.text.exit .text.exit.*)
 *(.text.startup .text.startup.*)
 *fill*         0x000000000040978c        0x4 90909090
 .text.startup  0x0000000000409790      0x25c test.o
                0x0000000000409790                main
 *fill*         0x00000000004099ec        0x4 90909090
 .text.startup  0x00000000004099f0       0xd7 /home/born/DPDK-OVS/DPDK-1.6.0/build/lib/librte_eal.a(eal_common_cpuflags.o)
                0x00000000004099f0                rte_cpu_check_supported
 *(.text.hot .text.hot.*)
 *(.text .stub .text.* .gnu.linkonce.t.*)
 *fill*         0x0000000000409ac7        0x1 90909090
 .text          0x0000000000409ac8       0x2c /usr/lib/gcc/x86_64-linux-gnu/4.6/../../../x86_64-linux-gnu/crt1.o
                0x0000000000409ac8                _start
 .text          0x0000000000409af4       0x17 /usr/lib/gcc/x86_64-linux-gnu/4.6/../../../x86_64-linux-gnu/crti.o
 *fill*         0x0000000000409b0b        0x5 90909090
 .text          0x0000000000409b10       0x92 /usr/lib/gcc/x86_64-linux-gnu/4.6/crtbegin.o
 *fill*         0x0000000000409ba2        0xe 90909090
 .text          0x0000000000409bb0      0x9f9 commands.o
 *fill*         0x000000000040a5a9        0x7 90909090
 .text          0x000000000040a5b0        0x3 test.o
 *fill*         0x000000000040a5b3        0xd 90909090
 .text          0x000000000040a5c0      0x224 test_pci.o
                0x000000000040a630                test_pci
 *fill*         0x000000000040a7e4        0xc 90909090
 .text          0x000000000040a7f0       0x12 test_prefetch.o
                0x000000000040a7f0                test_prefetch
 *fill*         0x000000000040a802        0xe 90909090
 .text          0x000000000040a810      0x105 test_byteorder.o
                0x000000000040a810                test_byteorder
 *fill*         0x000000000040a915        0xb 90909090
 .text          0x000000000040a920      0x2dd test_per_lcore.o
                0x000000000040aa30                test_per_lcore
 *fill*         0x000000000040abfd        0x3 90909090
 .text          0x000000000040ac00      0x6eb test_atomic.o
                0x000000000040af50                test_atomic
 *fill*         0x000000000040b2eb        0x5 90909090
 .text          0x000000000040b2f0     0x1cb7 test_malloc.o
                0x000000000040bdb0                test_malloc
 *fill*         0x000000000040cfa7        0x9 90909090
 .text          0x000000000040cfb0      0x1e0 test_cycles.o
                0x000000000040cfb0                test_cycles
 .text          0x000000000040d190      0xca7 test_spinlock.o
                0x000000000040d680                test_spinlock
 *fill*         0x000000000040de37        0x9 90909090
 .text          0x000000000040de40       0x87 test_memory.o
                0x000000000040de40                test_memory
 *fill*         0x000000000040dec7        0x9 90909090
 .text          0x000000000040ded0     0x1663 test_memzone.o
                0x000000000040e040                test_memzone
 *fill*         0x000000000040f533        0xd 90909090
 .text          0x000000000040f540     0x75fd test_ring.o
                0x0000000000413340                test_ring
 *fill*         0x0000000000416b3d        0x3 90909090
 .text          0x0000000000416b40     0x225f test_ring_perf.o
                0x0000000000418550                test_ring_perf
 *fill*         0x0000000000418d9f        0x1 90909090
 .text          0x0000000000418da0      0x35b test_rwlock.o
                0x0000000000418ef0                test_rwlock
 *fill*         0x00000000004190fb        0x5 90909090
 .text          0x0000000000419100      0xc87 test_timer.o
                0x0000000000419b40                test_timer
 *fill*         0x0000000000419d87        0x9 90909090
 .text          0x0000000000419d90     0x2c65 test_mempool.o
                0x000000000041bbc0                test_mempool
 *fill*         0x000000000041c9f5        0xb 90909090
 .text          0x000000000041ca00     0x1573 test_mempool_perf.o
                0x000000000041d990                test_mempool_perf
 *fill*         0x000000000041df73        0xd 90909090
 .text          0x000000000041df80     0x62e1 test_mbuf.o
                0x0000000000422480                test_mbuf
 *fill*         0x0000000000424261        0xf 90909090
 .text          0x0000000000424270      0x1e8 test_logs.o
                0x0000000000424270                test_logs
 *fill*         0x0000000000424458        0x8 90909090
 .text          0x0000000000424460      0x8b0 test_memcpy.o
                0x0000000000424ca0                test_memcpy
 .text          0x0000000000424d10     0xbbf5 test_memcpy_perf.o
                0x00000000004308f0                test_memcpy_perf
 *fill*         0x0000000000430905        0xb 90909090
 .text          0x0000000000430910     0x298c test_hash.o
                0x0000000000431930                test_hash
 *fill*         0x000000000043329c        0x4 90909090
 .text          0x00000000004332a0      0xf45 test_hash_perf.o
                0x0000000000433cb0                test_hash_perf
 *fill*         0x00000000004341e5        0xb 90909090
 .text          0x00000000004341f0     0x28ce test_lpm.o
                0x0000000000436a50                test_lpm
 *fill*         0x0000000000436abe        0x2 90909090
 .text          0x0000000000436ac0     0x3fee test_lpm6.o
                0x000000000043aa40                test_lpm6
 *fill*         0x000000000043aaae        0x2 90909090
 .text          0x000000000043aab0      0x2fd test_debug.o
                0x000000000043aac0                test_debug
 *fill*         0x000000000043adad        0x3 90909090
 .text          0x000000000043adb0      0x59f test_errno.o
                0x000000000043aee0                test_errno
 *fill*         0x000000000043b34f        0x1 90909090
 .text          0x000000000043b350      0x34f test_tailq.o
                0x000000000043b350                test_tailq
 *fill*         0x000000000043b69f        0x1 90909090
 .text          0x000000000043b6a0     0x1322 test_string_fns.o
                0x000000000043c330                test_string_fns
 *fill*         0x000000000043c9c2        0xe 90909090
 .text          0x000000000043c9d0      0x9d5 test_mp_secondary.o
                0x000000000043cf90                test_mp_secondary
 *fill*         0x000000000043d3a5        0xb 90909090
 .text          0x000000000043d3b0      0x59c test_cpuflags.o
                0x000000000043d3b0                test_cpuflags
 *fill*         0x000000000043d94c        0x4 90909090
 .text          0x000000000043d950     0x39b9 test_eal_flags.o
                0x0000000000440db0                test_eal_flags
 *fill*         0x0000000000441309        0x7 90909090
 .text          0x0000000000441310      0x72c test_alarm.o
                0x0000000000441420                test_alarm
 *fill*         0x0000000000441a3c        0x4 90909090
 .text          0x0000000000441a40      0x886 test_interrupts.o
                0x0000000000441ca0                test_interrupt
 *fill*         0x00000000004422c6        0xa 90909090
 .text          0x00000000004422d0       0x25 test_version.o
                0x00000000004422d0                test_version
 *fill*         0x00000000004422f5        0xb 90909090
 .text          0x0000000000442300      0x6b1 test_eal_fs.o
                0x00000000004429a0                test_eal_fs
 *fill*         0x00000000004429b1        0xf 90909090
 .text          0x00000000004429c0     0x4d62 test_func_reentrancy.o
                0x00000000004474d0                test_func_reentrancy
 *fill*         0x0000000000447722        0xe 90909090
 .text          0x0000000000447730      0x153 test_cmdline.o
                0x0000000000447730                test_cmdline
 *fill*         0x0000000000447883        0xd 90909090
 .text          0x0000000000447890     0x1302 test_cmdline_num.o
                0x00000000004479c0                test_parse_num_invalid_param
                0x0000000000447bb0                test_parse_num_invalid_data
                0x0000000000447cb0                test_parse_num_valid
 *fill*         0x0000000000448b92        0xe 90909090
 .text          0x0000000000448ba0      0xaa0 test_cmdline_etheraddr.o
                0x0000000000448cd0                test_parse_etheraddr_invalid_param
                0x0000000000448e10                test_parse_etheraddr_invalid_data
                0x0000000000448eb0                test_parse_etheraddr_valid
 .text          0x0000000000449640      0x501 test_cmdline_portlist.o
                0x0000000000449640                test_parse_portlist_invalid_param
                0x0000000000449760                test_parse_portlist_invalid_data
                0x00000000004497e0                test_parse_portlist_valid
 *fill*         0x0000000000449b41        0xf 90909090
 .text          0x0000000000449b50     0x258c test_cmdline_ipaddr.o
                0x0000000000449eb0                test_parse_ipaddr_valid
                0x000000000044bb90                test_parse_ipaddr_invalid_data
                0x000000000044bf70                test_parse_ipaddr_invalid_param
 *fill*         0x000000000044c0dc        0x4 90909090
 .text          0x000000000044c0e0     0x1d63 test_cmdline_cirbuf.o
                0x000000000044c210                test_cirbuf_invalid_param
                0x000000000044c410                test_cirbuf_char
                0x000000000044c8f0                test_cirbuf_string
                0x000000000044d2d0                test_cirbuf_align
 *fill*         0x000000000044de43        0xd 90909090
 .text          0x000000000044de50     0x119f test_cmdline_string.o
                0x000000000044df80                test_parse_string_invalid_param
                0x000000000044e190                test_parse_string_invalid_data
                0x000000000044e700                test_parse_string_valid
 *fill*         0x000000000044efef        0x1 90909090
 .text          0x000000000044eff0      0x5f9 test_cmdline_lib.o
                0x000000000044f480                test_cmdline_lib
 *fill*         0x000000000044f5e9        0x7 90909090
 .text          0x000000000044f5f0     0x4fd0 test_red.o
                0x0000000000453fe0                test_red
 .text          0x00000000004545c0      0x9ab test_sched.o
                0x00000000004545c0                test_sched
 *fill*         0x0000000000454f6b        0x5 90909090
 .text          0x0000000000454f70     0x2c3e test_meter.o
                0x0000000000455600                test_meter
 *fill*         0x0000000000457bae        0x2 90909090
 .text          0x0000000000457bb0     0x1dd2 test_kni.o
                0x00000000004588d0                test_kni
 *fill*         0x0000000000459982        0xe 90909090
 .text          0x0000000000459990      0x866 test_power.o
                0x0000000000459bb0                test_power
 *fill*         0x000000000045a1f6        0xa 90909090
 .text          0x000000000045a200      0x306 test_common.o
                0x000000000045a200                test_common
 *fill*         0x000000000045a506        0xa 90909090
 .text          0x000000000045a510      0x79d test_timer_perf.o
                0x000000000045a520                test_timer_perf
 *fill*         0x000000000045acad        0x3 90909090
 .text          0x000000000045acb0     0x150f test_ivshmem.o
                0x000000000045b810                test_ivshmem
 *fill*         0x000000000045c1bf        0x1 90909090
 .text          0x000000000045c1c0     0x17bc test_pmd_ring.o
                0x000000000045d570                test_pmd_ring
 *fill*         0x000000000045d97c        0x4 90909090
 .text          0x000000000045d980     0x1d38 /home/born/DPDK-OVS/DPDK-1.6.0/build/lib/librte_kni.a(rte_kni.o)
                0x000000000045e590                rte_kni_alloc
                0x000000000045edc0                rte_kni_create
                0x000000000045ef10                rte_kni_release
                0x000000000045f140                rte_kni_handle_request
                0x000000000045f2c0                rte_kni_tx_burst
                0x000000000045f3e0                rte_kni_rx_burst
                0x000000000045f440                rte_kni_get_port_id
                0x000000000045f450                rte_kni_get
                0x000000000045f4d0                rte_kni_info_get
                0x000000000045f530                rte_kni_register_handlers
                0x000000000045f630                rte_kni_unregister_handlers
                0x000000000045f690                rte_kni_close
 *fill*         0x000000000045f6b8        0x8 90909090
 .text          0x000000000045f6c0     0x18d6 /home/born/DPDK-OVS/DPDK-1.6.0/build/lib/librte_ivshmem.a(rte_ivshmem.o)
                0x00000000004605b0                rte_ivshmem_metadata_add_ring
                0x00000000004606d0                rte_ivshmem_metadata_add_memzone
                0x0000000000460790                rte_ivshmem_metadata_add_mempool
                0x0000000000460940                rte_ivshmem_metadata_create
                0x0000000000460aa0                rte_ivshmem_metadata_cmdline_generate
                0x0000000000460e50                rte_ivshmem_metadata_dump
 *fill*         0x0000000000460f96        0xa 90909090
 .text          0x0000000000460fa0     0x2217 /home/born/DPDK-OVS/DPDK-1.6.0/build/lib/librte_pmd_e1000.a(igb_ethdev.o)
                0x0000000000463180                rte_igb_pmd_init
                0x00000000004631a0                rte_igbvf_pmd_init
 *fill*         0x00000000004631b7        0x9 90909090
 .text          0x00000000004631c0     0x55a1 /home/born/DPDK-OVS/DPDK-1.6.0/build/lib/librte_pmd_e1000.a(igb_rxtx.o)
                0x00000000004631c0                eth_igb_recv_pkts
                0x0000000000464070                eth_igb_xmit_pkts
                0x0000000000465ac0                eth_igb_recv_scattered_pkts
                0x00000000004667a0                eth_igb_tx_queue_release
                0x00000000004667e0                eth_igb_tx_queue_setup
                0x0000000000466b60                eth_igb_rx_queue_release
                0x0000000000466ba0                eth_igb_rx_queue_setup
                0x0000000000466ee0                eth_igb_rx_queue_count
                0x0000000000466f50                eth_igb_rx_descriptor_done
                0x0000000000466f90                igb_dev_clear_queues
                0x00000000004670a0                eth_igb_rx_init
                0x0000000000467de0                eth_igb_tx_init
                0x0000000000467fc0                eth_igbvf_rx_init
                0x0000000000468620                eth_igbvf_tx_init
 *fill*         0x0000000000468761        0xf 90909090
 .text          0x0000000000468770      0x90c /home/born/DPDK-OVS/DPDK-1.6.0/build/lib/librte_pmd_e1000.a(igb_pf.o)
                0x0000000000468810                igb_pf_host_init
                0x0000000000468980                igb_pf_host_configure
                0x0000000000468ab0                igb_pf_mbx_process
 *fill*         0x000000000046907c        0x4 90909090
 .text          0x0000000000469080     0x1407 /home/born/DPDK-OVS/DPDK-1.6.0/build/lib/librte_pmd_e1000.a(em_ethdev.o)
                0x000000000046a470                rte_em_pmd_init
 *fill*         0x000000000046a487        0x9 90909090
 .text          0x000000000046a490     0x485d /home/born/DPDK-OVS/DPDK-1.6.0/build/lib/librte_pmd_e1000.a(em_rxtx.o)
                0x000000000046a490                eth_em_recv_pkts
                0x000000000046b9f0                eth_em_recv_scattered_pkts
                0x000000000046c670                eth_em_xmit_pkts
                0x000000000046d9c0                eth_em_tx_queue_release
                0x000000000046da00                eth_em_tx_queue_setup
                0x000000000046de60                eth_em_rx_queue_release
                0x000000000046dea0                eth_em_rx_queue_setup
                0x000000000046e200                eth_em_rx_queue_count
                0x000000000046e270                eth_em_rx_descriptor_done
                0x000000000046e2b0                em_dev_clear_queues
                0x000000000046e380                eth_em_rx_init
                0x000000000046ebb0                eth_em_tx_init
 *fill*         0x000000000046eced        0x3 90909090
 .text          0x000000000046ecf0     0x14e7 /home/born/DPDK-OVS/DPDK-1.6.0/build/lib/librte_pmd_e1000.a(e1000_82541.o)
                0x0000000000470190                e1000_init_function_pointers_82541
                0x00000000004701c0                e1000_init_script_state_82541
 *fill*         0x00000000004701d7        0x9 90909090
 .text          0x00000000004701e0     0x1d05 /home/born/DPDK-OVS/DPDK-1.6.0/build/lib/librte_pmd_e1000.a(e1000_82543.o)
                0x00000000004718a0                e1000_init_function_pointers_82543
                0x00000000004718d0                e1000_set_tbi_compatibility_82543
                0x0000000000471ab0                e1000_tbi_sbp_enabled_82543
                0x0000000000471d60                e1000_tbi_adjust_stats_82543
 *fill*         0x0000000000471ee5        0xb 90909090
 .text          0x0000000000471ef0     0x1f22 /home/born/DPDK-OVS/DPDK-1.6.0/build/lib/librte_pmd_e1000.a(e1000_82571.o)
                0x0000000000473510                e1000_init_function_pointers_82571
                0x0000000000473540                e1000_check_phy_82574
                0x00000000004735c0                e1000_get_laa_state_82571
                0x0000000000473840                e1000_set_laa_state_82571
 *fill*         0x0000000000473e12        0xe 90909090
 .text          0x0000000000473e20     0x40d6 /home/born/DPDK-OVS/DPDK-1.6.0/build/lib/librte_pmd_e1000.a(e1000_82575.o)
                0x0000000000473e20                e1000_init_nvm_params_82575
                0x0000000000476da0                e1000_init_function_pointers_82575
                0x0000000000476de0                e1000_rx_fifo_flush_82575
                0x0000000000477160                e1000_vmdq_set_anti_spoofing_pf
                0x00000000004771c0                e1000_vmdq_set_loopback_pf
                0x0000000000477230                e1000_vmdq_set_replication_pf
                0x0000000000477260                e1000_rxpbs_adjust_82580
                0x0000000000477280                e1000_read_emi_reg
                0x00000000004772e0                e1000_set_eee_i350
                0x0000000000477360                e1000_set_eee_i354
                0x00000000004774c0                e1000_get_eee_status_i354
                0x0000000000477520                e1000_set_i2c_bb
                0x0000000000477550                e1000_i2c_bus_clear
                0x00000000004778a0                e1000_write_i2c_byte_generic
                0x00000000004779a0                e1000_read_i2c_byte_generic
 *fill*         0x0000000000477ef6        0xa 90909090
 .text          0x0000000000477f00      0xef0 /home/born/DPDK-OVS/DPDK-1.6.0/build/lib/librte_pmd_e1000.a(e1000_i210.o)
                0x0000000000477f00                e1000_read_nvm_srrd_i210
                0x0000000000478130                e1000_validate_nvm_checksum_i210
                0x00000000004781b0                e1000_write_nvm_srwr_i210
                0x0000000000478760                e1000_acquire_swfw_sync_i210
                0x0000000000478800                e1000_release_swfw_sync_i210
                0x0000000000478860                e1000_read_invm_version
                0x00000000004789c0                e1000_get_flash_presence_i210
                0x0000000000478ac0                e1000_update_flash_i210
                0x0000000000478b40                e1000_update_nvm_checksum_i210
                0x0000000000478c50                e1000_init_function_pointers_i210
                0x0000000000478c70                e1000_read_xmdio_reg
                0x0000000000478d30                e1000_write_xmdio_reg
 .text          0x0000000000478df0      0xeb2 /home/born/DPDK-OVS/DPDK-1.6.0/build/lib/librte_pmd_e1000.a(e1000_api.o)
                0x0000000000478df0                e1000_init_mac_params
                0x0000000000478e10                e1000_init_nvm_params
                0x0000000000478e30                e1000_init_phy_params
                0x0000000000478e50                e1000_init_mbx_params
                0x0000000000478e70                e1000_set_mac_type
                0x0000000000479500                e1000_setup_init_funcs
                0x0000000000479690                e1000_get_bus_info
                0x00000000004796b0                e1000_clear_vfta
                0x00000000004796d0                e1000_write_vfta
                0x00000000004796f0                e1000_update_mc_addr_list
                0x0000000000479710                e1000_force_mac_fc
                0x0000000000479720                e1000_check_for_link
                0x0000000000479740                e1000_check_mng_mode
                0x0000000000479760                e1000_mng_write_dhcp_info
                0x0000000000479770                e1000_reset_hw
                0x0000000000479790                e1000_init_hw
                0x00000000004797b0                e1000_setup_link
                0x00000000004797d0                e1000_get_speed_and_duplex
                0x00000000004797f0                e1000_setup_led
                0x0000000000479810                e1000_cleanup_led
                0x0000000000479830                e1000_blink_led
                0x0000000000479850                e1000_id_led_init
                0x0000000000479870                e1000_led_on
                0x0000000000479890                e1000_led_off
                0x00000000004798b0                e1000_reset_adaptive
                0x00000000004798c0                e1000_update_adaptive
                0x00000000004798d0                e1000_disable_pcie_master
                0x00000000004798e0                e1000_config_collision_dist
                0x0000000000479900                e1000_rar_set
                0x0000000000479920                e1000_validate_mdi_setting
                0x0000000000479940                e1000_hash_mc_addr
                0x0000000000479950                e1000_enable_tx_pkt_filtering
                0x0000000000479960                e1000_mng_host_if_write
                0x0000000000479970                e1000_mng_write_cmd_header
                0x0000000000479980                e1000_mng_enable_host_if
                0x0000000000479990                e1000_check_reset_block
                0x00000000004799b0                e1000_read_phy_reg
                0x00000000004799d0                e1000_write_phy_reg
                0x00000000004799f0                e1000_release_phy
                0x0000000000479a10                e1000_acquire_phy
                0x0000000000479a30                e1000_cfg_on_link_up
                0x0000000000479a50                e1000_read_kmrn_reg
                0x0000000000479a60                e1000_write_kmrn_reg
                0x0000000000479a70                e1000_get_cable_length
                0x0000000000479a90                e1000_get_phy_info
                0x0000000000479ab0                e1000_phy_hw_reset
                0x0000000000479ad0                e1000_phy_commit
                0x0000000000479af0                e1000_set_d0_lplu_state
                0x0000000000479b10                e1000_set_d3_lplu_state
                0x0000000000479b30                e1000_read_mac_addr
                0x0000000000479b50                e1000_read_pba_string
                0x0000000000479b60                e1000_read_pba_length
                0x0000000000479b70                e1000_read_pba_num
                0x0000000000479b80                e1000_validate_nvm_checksum
                0x0000000000479ba0                e1000_update_nvm_checksum
                0x0000000000479bc0                e1000_reload_nvm
                0x0000000000479be0                e1000_read_nvm
                0x0000000000479c00                e1000_write_nvm
                0x0000000000479c20                e1000_write_8bit_ctrl_reg
                0x0000000000479c30                e1000_power_up_phy
                0x0000000000479c50                e1000_power_down_phy
                0x0000000000479c70                e1000_power_up_fiber_serdes_link
                0x0000000000479c90                e1000_shutdown_fiber_serdes_link
 *fill*         0x0000000000479ca2        0xe 90909090
 .text          0x0000000000479cb0     0x50ca /home/born/DPDK-OVS/DPDK-1.6.0/build/lib/librte_pmd_e1000.a(e1000_ich8lan.o)
                0x000000000047b5a0                e1000_toggle_lanphypc_pch_lpt
                0x000000000047bac0                e1000_read_emi_reg_locked
                0x000000000047bb20                e1000_write_emi_reg_locked
                0x000000000047bb80                e1000_set_eee_pchlan
                0x000000000047bd20                e1000_enable_ulp_lpt_lp
                0x000000000047bf00                e1000_disable_ulp_lpt_lp
                0x000000000047c280                e1000_init_function_pointers_ich8lan
                0x000000000047c2e0                e1000_configure_k1_ich8lan
                0x000000000047d4f0                e1000_copy_rx_addrs_to_phy_ich8lan
                0x000000000047d680                e1000_lv_jumbo_workaround_ich8lan
                0x000000000047df30                e1000_set_kmrn_lock_loss_workaround_ich8lan
                0x000000000047e230                e1000_gig_downshift_workaround_ich8lan
                0x000000000047e2b0                e1000_igp3_phy_powerdown_workaround_ich8lan
                0x000000000047ea10                e1000_suspend_workarounds_ich8lan
                0x000000000047ec70                e1000_resume_workarounds_pchlan
 *fill*         0x000000000047ed7a        0x6 90909090
 .text          0x000000000047ed80     0x1b8a /home/born/DPDK-OVS/DPDK-1.6.0/build/lib/librte_pmd_e1000.a(e1000_mac.o)
                0x000000000047ed80                e1000_null_ops_generic
                0x000000000047ed90                e1000_null_mac_generic
                0x000000000047eda0                e1000_null_link_info
                0x000000000047edb0                e1000_null_mng_mode
                0x000000000047edc0                e1000_null_update_mc
                0x000000000047edd0                e1000_null_write_vfta
                0x000000000047eeb0                e1000_setup_led_generic
                0x000000000047ef50                e1000_init_mac_ops_generic
                0x000000000047f020                e1000_null_rar_set
                0x000000000047f030                e1000_get_bus_info_pci_generic
                0x000000000047f0f0                e1000_get_bus_info_pcie_generic
                0x000000000047f190                e1000_set_lan_id_multi_port_pci
                0x000000000047f1d0                e1000_set_lan_id_single_port
                0x000000000047f1e0                e1000_clear_vfta_generic
                0x000000000047f210                e1000_write_vfta_generic
                0x000000000047f230                e1000_init_rx_addrs_generic
                0x000000000047f2c0                e1000_check_alt_mac_addr_generic
                0x000000000047f470                e1000_hash_mc_addr_generic
                0x000000000047f500                e1000_update_mc_addr_list_generic
                0x000000000047f660                e1000_pcix_mmrbc_workaround_generic
                0x000000000047f6f0                e1000_clear_hw_cntrs_base_generic
                0x000000000047f7e0                e1000_set_default_fc_generic
                0x000000000047f870                e1000_commit_fc_settings_generic
                0x000000000047f8c0                e1000_poll_fiber_serdes_link_generic
                0x000000000047f920                e1000_setup_fiber_serdes_link_generic
                0x000000000047f9b0                e1000_set_fc_watermarks_generic
                0x000000000047f9f0                e1000_setup_link_generic
                0x000000000047fa90                e1000_force_mac_fc_generic
                0x000000000047fb00                e1000_config_fc_after_link_up_generic
                0x000000000047fda0                e1000_check_for_serdes_link_generic
                0x000000000047ff00                e1000_check_for_fiber_link_generic
                0x000000000047ff90                e1000_check_for_copper_link_generic
                0x0000000000480000                e1000_get_speed_and_duplex_copper_generic
                0x0000000000480040                e1000_get_speed_and_duplex_fiber_serdes_generic
                0x0000000000480050                e1000_put_hw_semaphore_generic
                0x0000000000480070                e1000_get_hw_semaphore_generic
                0x0000000000480110                e1000_get_auto_rd_done_generic
                0x0000000000480220                e1000_valid_led_default_generic
                0x0000000000480260                e1000_id_led_init_generic
                0x0000000000480530                e1000_cleanup_led_generic
                0x0000000000480550                e1000_blink_led_generic
                0x0000000000480660                e1000_led_on_generic
                0x00000000004806a0                e1000_led_off_generic
                0x00000000004806e0                e1000_set_pcie_no_snoop_generic
                0x0000000000480710                e1000_disable_pcie_master_generic
                0x0000000000480780                e1000_reset_adaptive_generic
                0x00000000004807e0                e1000_update_adaptive_generic
                0x00000000004808a0                e1000_validate_mdi_setting_crossover_generic
                0x00000000004808b0                e1000_write_8bit_ctrl_reg_generic
 *fill*         0x000000000048090a        0x6 90909090
 .text          0x0000000000480910      0x9b7 /home/born/DPDK-OVS/DPDK-1.6.0/build/lib/librte_pmd_e1000.a(e1000_manage.o)
                0x0000000000480910                e1000_calculate_checksum
                0x0000000000480a00                e1000_mng_enable_host_if_generic
                0x0000000000480b40                e1000_check_mng_mode_generic
                0x0000000000480b60                e1000_enable_tx_pkt_filtering_generic
                0x0000000000480c70                e1000_mng_write_cmd_header_generic
                0x0000000000480cc0                e1000_mng_host_if_write_generic
                0x0000000000480e90                e1000_mng_write_dhcp_info_generic
                0x0000000000480f30                e1000_enable_mng_pass_thru
                0x0000000000481000                e1000_host_interface_command
                0x0000000000481120                e1000_load_firmware
 *fill*         0x00000000004812c7        0x9 90909090
 .text          0x00000000004812d0      0x90b /home/born/DPDK-OVS/DPDK-1.6.0/build/lib/librte_pmd_e1000.a(e1000_mbx.o)
                0x0000000000481660                e1000_write_posted_mbx
                0x0000000000481740                e1000_read_posted_mbx
                0x0000000000481920                e1000_read_mbx
                0x0000000000481950                e1000_write_mbx
                0x0000000000481980                e1000_check_for_msg
                0x00000000004819a0                e1000_check_for_ack
                0x00000000004819c0                e1000_check_for_rst
                0x00000000004819e0                e1000_init_mbx_ops_generic
                0x0000000000481a40                e1000_init_mbx_params_vf
                0x0000000000481b00                e1000_init_mbx_params_pf
 *fill*         0x0000000000481bdb        0x5 90909090
 .text          0x0000000000481be0     0x2370 /home/born/DPDK-OVS/DPDK-1.6.0/build/lib/librte_pmd_e1000.a(e1000_nvm.o)
                0x0000000000481be0                e1000_null_read_nvm
                0x0000000000481bf0                e1000_null_nvm_generic
                0x0000000000481c00                e1000_null_led_default
                0x0000000000481c10                e1000_null_write_nvm
                0x0000000000482120                e1000_init_nvm_ops_generic
                0x0000000000482190                e1000_poll_eerd_eewr_done
                0x0000000000482200                e1000_acquire_nvm_generic
                0x0000000000482260                e1000_stop_nvm
                0x0000000000482310                e1000_release_nvm_generic
                0x0000000000482330                e1000_read_nvm_spi
                0x00000000004828e0                e1000_read_nvm_microwire
                0x0000000000482f20                e1000_read_nvm_eerd
                0x0000000000482fb0                e1000_write_nvm_spi
                0x0000000000483140                e1000_write_nvm_microwire
                0x00000000004832e0                e1000_read_pba_string_generic
                0x00000000004836c0                e1000_read_pba_length_generic
                0x00000000004837a0                e1000_read_pba_num_generic
                0x0000000000483810                e1000_write_pba_raw
                0x0000000000483920                e1000_get_pba_block_size
                0x0000000000483a10                e1000_read_pba_raw
                0x0000000000483b60                e1000_read_mac_addr_generic
                0x0000000000483be0                e1000_validate_nvm_checksum_generic
                0x0000000000483c40                e1000_update_nvm_checksum_generic
                0x0000000000483cc0                e1000_get_fw_version
 .text          0x0000000000483f50       0x56 /home/born/DPDK-OVS/DPDK-1.6.0/build/lib/librte_pmd_e1000.a(e1000_osdep.o)
                0x0000000000483f50                e1000_write_pci_cfg
                0x0000000000483f60                e1000_read_pci_cfg
                0x0000000000483f70                e1000_pci_set_mwi
                0x0000000000483f80                e1000_pci_clear_mwi
                0x0000000000483f90                e1000_read_pcie_cap_reg
                0x0000000000483fa0                e1000_write_pcie_cap_reg
 *fill*         0x0000000000483fa6        0xa 90909090
 .text          0x0000000000483fb0     0x3d22 /home/born/DPDK-OVS/DPDK-1.6.0/build/lib/librte_pmd_e1000.a(e1000_phy.o)
                0x0000000000483fb0                e1000_null_set_page
                0x0000000000483fc0                e1000_null_read_reg
                0x0000000000483fd0                e1000_null_phy_generic
                0x0000000000483fe0                e1000_null_lplu_state
                0x0000000000483ff0                e1000_null_write_reg
                0x0000000000484000                e1000_read_i2c_byte_null
                0x0000000000484010                e1000_write_i2c_byte_null
                0x00000000004840d0                e1000_init_phy_ops_generic
                0x00000000004841c0                e1000_check_reset_block_generic
                0x00000000004841e0                e1000_get_phy_id
                0x00000000004842d0                e1000_phy_reset_dsp_generic
                0x0000000000484320                e1000_read_phy_reg_mdic
                0x00000000004843f0                e1000_write_phy_reg_mdic
                0x00000000004844b0                e1000_read_phy_reg_i2c
                0x0000000000484530                e1000_write_phy_reg_i2c
                0x00000000004845b0                e1000_read_sfp_data_byte
                0x0000000000484620                e1000_write_sfp_data_byte
                0x00000000004846c0                e1000_read_phy_reg_m88
                0x0000000000484730                e1000_write_phy_reg_m88
                0x00000000004847a0                e1000_set_page_igp
                0x00000000004847c0                e1000_read_phy_reg_igp
                0x0000000000484850                e1000_read_phy_reg_igp_locked
                0x00000000004848c0                e1000_write_phy_reg_igp
                0x0000000000484950                e1000_write_phy_reg_igp_locked
                0x00000000004849c0                e1000_read_kmrn_reg_generic
                0x0000000000484a50                e1000_read_kmrn_reg_locked
                0x0000000000484ab0                e1000_write_kmrn_reg_generic
                0x0000000000484b30                e1000_write_kmrn_reg_locked
                0x0000000000484b60                e1000_copper_link_setup_82577
                0x0000000000484c40                e1000_copper_link_setup_m88
                0x0000000000484ea0                e1000_copper_link_setup_m88_gen2
                0x0000000000484fb0                e1000_copper_link_setup_igp
                0x0000000000485130                e1000_phy_setup_autoneg
                0x0000000000485280                e1000_copper_link_autoneg
                0x0000000000485390                e1000_phy_force_speed_duplex_setup
                0x0000000000485430                e1000_set_d3_lplu_state_generic
                0x00000000004855a0                e1000_check_downshift_generic
                0x0000000000485660                e1000_check_polarity_m88
                0x0000000000485690                e1000_check_polarity_igp
                0x0000000000485700                e1000_check_polarity_ife
                0x0000000000485750                e1000_phy_has_link_generic
                0x0000000000485890                e1000_phy_force_speed_duplex_ife
                0x0000000000485970                e1000_phy_force_speed_duplex_m88
                0x0000000000485bc0                e1000_phy_force_speed_duplex_igp
                0x0000000000485ca0                e1000_setup_copper_link_generic
                0x0000000000485d10                e1000_get_cable_length_m88
                0x0000000000485d90                e1000_get_cable_length_m88_gen2
                0x0000000000485fe0                e1000_get_cable_length_igp_2
                0x00000000004861f0                e1000_get_phy_info_m88
                0x0000000000486310                e1000_get_phy_info_igp
                0x0000000000486410                e1000_get_phy_info_ife
                0x00000000004864e0                e1000_phy_sw_reset_generic
                0x0000000000486550                e1000_phy_hw_reset_generic
                0x0000000000486600                e1000_get_cfg_done_generic
                0x0000000000486620                e1000_phy_init_script_igp3
                0x0000000000486880                e1000_get_phy_type_from_id
                0x0000000000486a00                e1000_determine_phy_address
                0x0000000000486bb0                e1000_enable_phy_wakeup_reg_access_bm
                0x0000000000486c50                e1000_disable_phy_wakeup_reg_access_bm
                0x0000000000487180                e1000_write_phy_reg_bm2
                0x0000000000487220                e1000_read_phy_reg_bm2
                0x00000000004872d0                e1000_read_phy_reg_bm
                0x00000000004873d0                e1000_write_phy_reg_bm
                0x00000000004874d0                e1000_power_up_phy_copper
                0x0000000000487560                e1000_power_down_phy_copper
                0x0000000000487600                e1000_read_phy_reg_hv
                0x0000000000487610                e1000_read_phy_reg_hv_locked
                0x0000000000487620                e1000_read_phy_reg_page_hv
                0x0000000000487630                e1000_write_phy_reg_hv
                0x0000000000487640                e1000_write_phy_reg_hv_locked
                0x0000000000487650                e1000_write_phy_reg_page_hv
                0x0000000000487670                e1000_link_stall_workaround_hv
                0x0000000000487720                e1000_check_polarity_82577
                0x0000000000487750                e1000_phy_force_speed_duplex_82577
                0x00000000004877f0                e1000_get_phy_info_82577
                0x00000000004878f0                e1000_get_cable_length_82577
                0x0000000000487940                e1000_write_phy_reg_gs40g
                0x00000000004879d0                e1000_read_phy_reg_gs40g
                0x0000000000487a50                e1000_is_mphy_ready
                0x0000000000487ab0                e1000_write_phy_reg_mphy
                0x0000000000487bd0                e1000_read_phy_reg_mphy
 *fill*         0x0000000000487cd2        0xe 90909090
 .text          0x0000000000487ce0      0x717 /home/born/DPDK-OVS/DPDK-1.6.0/build/lib/librte_pmd_e1000.a(e1000_vf.o)
                0x0000000000488260                e1000_init_function_pointers_vf
                0x00000000004882a0                e1000_vfta_set_vf
                0x0000000000488300                e1000_rlpml_set_vf
                0x0000000000488350                e1000_promisc_set_vf
 *fill*         0x00000000004883f7        0x9 90909090
 .text          0x0000000000488400     0x1e58 /home/born/DPDK-OVS/DPDK-1.6.0/build/lib/librte_pmd_e1000.a(e1000_80003es2lan.o)
                0x000000000048a230                e1000_init_function_pointers_80003es2lan
 *fill*         0x000000000048a258        0x8 90909090
 .text          0x000000000048a260      0xa68 /home/born/DPDK-OVS/DPDK-1.6.0/build/lib/librte_pmd_e1000.a(e1000_82540.o)
                0x000000000048aca0                e1000_init_function_pointers_82540
 *fill*         0x000000000048acc8        0x8 90909090
 .text          0x000000000048acd0      0x926 /home/born/DPDK-OVS/DPDK-1.6.0/build/lib/librte_pmd_e1000.a(e1000_82542.o)
                0x000000000048b360                e1000_init_function_pointers_82542
                0x000000000048b390                e1000_translate_register_82542
 *fill*         0x000000000048b5f6        0xa 90909090
 .text          0x000000000048b600     0x451d /home/born/DPDK-OVS/DPDK-1.6.0/build/lib/librte_pmd_ixgbe.a(ixgbe_ethdev.o)
                0x000000000048f520                rte_ixgbe_pmd_init
                0x000000000048f540                rte_ixgbevf_pmd_init
                0x000000000048f560                ixgbe_vlan_hw_filter_disable
                0x000000000048f580                ixgbe_vlan_hw_filter_enable
                0x000000000048f5d0                ixgbe_vlan_hw_strip_disable_all
                0x000000000048f690                ixgbe_vlan_hw_strip_enable_all
 *fill*         0x000000000048fb1d        0x3 90909090
 .text          0x000000000048fb20     0x1330 /home/born/DPDK-OVS/DPDK-1.6.0/build/lib/librte_pmd_ixgbe.a(ixgbe_fdir.o)
                0x0000000000490000                ixgbe_fdir_configure
                0x0000000000490270                ixgbe_fdir_add_signature_filter
                0x0000000000490370                ixgbe_fdir_update_signature_filter
                0x0000000000490470                ixgbe_fdir_remove_signature_filter
                0x0000000000490690                ixgbe_fdir_set_masks
                0x0000000000490940                ixgbe_fdir_add_perfect_filter
                0x0000000000490a50                ixgbe_fdir_update_perfect_filter
                0x0000000000490b60                ixgbe_fdir_remove_perfect_filter
                0x0000000000490d70                ixgbe_fdir_info_get
 .text          0x0000000000490e50      0xcec /home/born/DPDK-OVS/DPDK-1.6.0/build/lib/librte_pmd_ixgbe.a(ixgbe_pf.o)
                0x0000000000490ef0                ixgbe_pf_host_init
                0x0000000000491250                ixgbe_pf_host_configure
                0x00000000004914e0                ixgbe_pf_mbx_process
 *fill*         0x0000000000491b3c        0x4 90909090
 .text          0x0000000000491b40     0x6449 /home/born/DPDK-OVS/DPDK-1.6.0/build/lib/librte_pmd_ixgbe.a(ixgbe_common.o)
                0x0000000000491b40                ixgbe_get_mac_addr_generic
                0x0000000000491b80                ixgbe_get_bus_info_generic
                0x0000000000491bc0                ixgbe_set_lan_id_multi_port_pcie
                0x0000000000491c00                ixgbe_led_on_generic
                0x0000000000491c30                ixgbe_led_off_generic
                0x0000000000491c60                ixgbe_calc_eeprom_checksum_generic
                0x0000000000491d80                ixgbe_validate_eeprom_checksum_generic
                0x0000000000491e10                ixgbe_update_eeprom_checksum_generic
                0x0000000000491e50                ixgbe_set_rar_generic
                0x0000000000491f50                ixgbe_clear_rar_generic
                0x0000000000491fd0                ixgbe_disable_mc_generic
                0x0000000000491ff0                ixgbe_enable_rx_dma_generic
                0x00000000004920c0                ixgbe_release_swfw_sync
                0x0000000000492110                ixgbe_acquire_swfw_sync
                0x00000000004922e0                ixgbe_blink_led_start_generic
                0x0000000000492400                ixgbe_blink_led_stop_generic
                0x0000000000492520                ixgbe_clear_hw_cntrs_generic
                0x0000000000492d90                ixgbe_init_hw_generic
                0x0000000000492db0                ixgbe_init_eeprom_params_generic
                0x0000000000492e30                ixgbe_enable_mc_generic
                0x0000000000494bb0                ixgbe_read_eeprom_buffer_bit_bang_generic
                0x0000000000494cd0                ixgbe_write_eeprom_buffer_bit_bang_generic
                0x0000000000494fe0                ixgbe_read_eeprom_bit_bang_generic
                0x00000000004950c0                ixgbe_write_eeprom_generic
                0x00000000004951a0                ixgbe_init_ops_generic
                0x00000000004953f0                ixgbe_device_supports_autoneg_fc
                0x0000000000495420                ixgbe_start_hw_generic
                0x0000000000495700                ixgbe_start_hw_gen2
                0x00000000004957e0                ixgbe_read_pba_string_generic
                0x0000000000495b90                ixgbe_read_pba_num_generic
                0x0000000000495c10                ixgbe_write_pba_raw
                0x0000000000495d20                ixgbe_get_pba_block_size
                0x0000000000495e10                ixgbe_read_pba_raw
                0x0000000000495f70                ixgbe_poll_eerd_eewr_done
                0x0000000000495fe0                ixgbe_write_eewr_buffer_generic
                0x0000000000496080                ixgbe_write_eewr_generic
                0x00000000004960a0                ixgbe_read_eerd_buffer_generic
                0x0000000000496130                ixgbe_read_eerd_generic
                0x0000000000496140                ixgbe_validate_mac_addr
                0x0000000000496190                ixgbe_init_rx_addrs_generic
                0x00000000004962b0                ixgbe_add_uc_addr
                0x00000000004962f0                ixgbe_update_uc_addr_list_generic
                0x0000000000496440                ixgbe_set_mta
                0x0000000000496510                ixgbe_update_mc_addr_list_generic
                0x0000000000496680                ixgbe_fc_autoneg
                0x0000000000496850                ixgbe_fc_enable_generic
                0x0000000000496df0                ixgbe_disable_pcie_master
                0x0000000000496e60                ixgbe_stop_adapter_generic
                0x0000000000496f30                ixgbe_disable_sec_rx_path_generic
                0x0000000000496f80                ixgbe_enable_sec_rx_path_generic
                0x0000000000496fa0                ixgbe_get_san_mac_addr_generic
                0x0000000000497090                ixgbe_set_san_mac_addr_generic
                0x0000000000497160                ixgbe_get_pcie_msix_count_generic
                0x0000000000497170                ixgbe_insert_mac_addr_generic
                0x00000000004972c0                ixgbe_clear_vmdq_generic
                0x0000000000497370                ixgbe_set_vmdq_generic
                0x00000000004973c0                ixgbe_set_vmdq_san_mac_generic
                0x0000000000497430                ixgbe_init_uta_tables_generic
                0x0000000000497460                ixgbe_find_vlvf_slot
                0x00000000004974c0                ixgbe_set_vlvf_generic
                0x0000000000497660                ixgbe_set_vfta_generic
                0x0000000000497710                ixgbe_clear_vfta_generic
                0x0000000000497790                ixgbe_check_mac_link_generic
                0x0000000000497880                ixgbe_get_wwn_prefix_generic
                0x0000000000497930                ixgbe_get_fcoe_boot_status_generic
                0x00000000004979d0                ixgbe_set_mac_anti_spoofing
                0x0000000000497aa0                ixgbe_set_vlan_anti_spoofing
                0x0000000000497af0                ixgbe_get_device_caps_generic
                0x0000000000497b10                ixgbe_enable_relaxed_ordering_gen2
                0x0000000000497bd0                ixgbe_set_fw_drv_ver_generic
                0x0000000000497d70                ixgbe_set_rxpba_generic
                0x0000000000497f10                ixgbe_clear_tx_pending
 *fill*         0x0000000000497f89        0x7 90909090
 .text          0x0000000000497f90     0x2d1a /home/born/DPDK-OVS/DPDK-1.6.0/build/lib/librte_pmd_ixgbe.a(ixgbe_82599.o)
                0x0000000000497f90                ixgbe_get_supported_physical_layer_82599
                0x00000000004981e0                ixgbe_enable_rx_dma_82599
                0x0000000000498220                ixgbe_write_analog_reg8_82599
                0x0000000000498250                ixgbe_read_analog_reg8_82599
                0x00000000004982a0                ixgbe_enable_tx_laser_multispeed_fiber
                0x00000000004982c0                ixgbe_disable_tx_laser_multispeed_fiber
                0x00000000004982e0                ixgbe_identify_phy_82599
                0x00000000004983b0                ixgbe_get_link_capabilities_82599
                0x0000000000498560                ixgbe_get_media_type_82599
                0x0000000000498620                ixgbe_flap_tx_laser_multispeed_fiber
                0x0000000000498660                ixgbe_start_hw_82599
                0x0000000000498730                ixgbe_reinit_fdir_tables_82599
                0x00000000004989e0                ixgbe_init_fdir_signature_82599
                0x0000000000498b10                ixgbe_init_fdir_perfect_82599
                0x0000000000498c40                ixgbe_atr_compute_sig_hash_82599
                0x0000000000498d10                ixgbe_fdir_add_signature_filter_82599
                0x0000000000498d90                ixgbe_atr_compute_perfect_hash_82599
                0x0000000000498ec0                ixgbe_fdir_set_input_mask_82599
                0x00000000004990f0                ixgbe_fdir_write_perfect_filter_82599
                0x00000000004992c0                ixgbe_fdir_erase_perfect_filter_82599
                0x0000000000499430                ixgbe_fdir_add_perfect_filter_82599
                0x0000000000499520                ixgbe_verify_lesm_fw_enabled_82599
                0x00000000004995c0                ixgbe_init_mac_link_ops_82599
                0x0000000000499690                ixgbe_init_ops_82599
                0x0000000000499900                ixgbe_init_phy_ops_82599
                0x00000000004999c0                ixgbe_reset_pipeline_82599
                0x0000000000499b50                ixgbe_reset_hw_82599
                0x0000000000499f10                ixgbe_setup_mac_link_82599
                0x000000000049a1a0                ixgbe_setup_mac_link_smartspeed
                0x000000000049a6a0                ixgbe_setup_mac_link_multispeed_fiber
                0x000000000049aa20                ixgbe_start_mac_link_82599
                0x000000000049ab60                ixgbe_setup_sfp_modules_82599
 *fill*         0x000000000049acaa        0x6 90909090
 .text          0x000000000049acb0     0x21ce /home/born/DPDK-OVS/DPDK-1.6.0/build/lib/librte_pmd_ixgbe.a(ixgbe_phy.o)
                0x000000000049acb0                ixgbe_setup_phy_link_speed_generic
                0x000000000049ad10                ixgbe_get_phy_firmware_version_generic
                0x000000000049ad30                ixgbe_read_i2c_eeprom_generic
                0x000000000049ad50                ixgbe_write_i2c_eeprom_generic
                0x000000000049ad70                ixgbe_tn_check_overtemp
                0x000000000049adc0                ixgbe_write_phy_reg_generic
                0x000000000049aed0                ixgbe_read_phy_reg_generic
                0x000000000049b220                ixgbe_i2c_bus_clear
                0x000000000049b470                ixgbe_write_i2c_byte_generic
                0x000000000049b590                ixgbe_read_i2c_byte_generic
                0x000000000049b840                ixgbe_init_phy_ops_generic
                0x000000000049b920                ixgbe_validate_phy_addr
                0x000000000049b960                ixgbe_get_phy_id
                0x000000000049b9e0                ixgbe_get_phy_type_from_id
                0x000000000049ba20                ixgbe_identify_phy_generic
                0x000000000049bae0                ixgbe_reset_phy_generic
                0x000000000049bbc0                ixgbe_get_copper_link_capabilities_generic
                0x000000000049bc20                ixgbe_setup_phy_link_generic
                0x000000000049bfd0                ixgbe_check_phy_link_tnx
                0x000000000049c220                ixgbe_setup_phy_link_tnx
                0x000000000049c5d0                ixgbe_get_phy_firmware_version_tnx
                0x000000000049c5f0                ixgbe_identify_sfp_module_generic
                0x000000000049cac0                ixgbe_identify_module_generic
                0x000000000049caf0                ixgbe_get_sfp_init_sequence_offsets
                0x000000000049cca0                ixgbe_reset_phy_nl
 *fill*         0x000000000049ce7e        0x2 90909090
 .text          0x000000000049ce80      0xc2a /home/born/DPDK-OVS/DPDK-1.6.0/build/lib/librte_pmd_ixgbe.a(ixgbe_api.o)
                0x000000000049ce80                ixgbe_set_mac_type
                0x000000000049d040                ixgbe_init_shared_code
                0x000000000049d0c0                ixgbe_init_hw
                0x000000000049d0e0                ixgbe_reset_hw
                0x000000000049d100                ixgbe_start_hw
                0x000000000049d120                ixgbe_enable_relaxed_ordering
                0x000000000049d140                ixgbe_clear_hw_cntrs
                0x000000000049d160                ixgbe_get_media_type
                0x000000000049d180                ixgbe_get_mac_addr
                0x000000000049d1a0                ixgbe_get_san_mac_addr
                0x000000000049d1c0                ixgbe_set_san_mac_addr
                0x000000000049d1e0                ixgbe_get_device_caps
                0x000000000049d200                ixgbe_get_wwn_prefix
                0x000000000049d220                ixgbe_get_fcoe_boot_status
                0x000000000049d240                ixgbe_get_bus_info
                0x000000000049d260                ixgbe_get_num_of_tx_queues
                0x000000000049d270                ixgbe_get_num_of_rx_queues
                0x000000000049d280                ixgbe_stop_adapter
                0x000000000049d2a0                ixgbe_read_pba_string
                0x000000000049d2b0                ixgbe_read_pba_num
                0x000000000049d2c0                ixgbe_identify_phy
                0x000000000049d300                ixgbe_reset_phy
                0x000000000049d350                ixgbe_get_phy_firmware_version
                0x000000000049d370                ixgbe_read_phy_reg
                0x000000000049d3e0                ixgbe_write_phy_reg
                0x000000000049d460                ixgbe_setup_phy_link
                0x000000000049d480                ixgbe_check_phy_link
                0x000000000049d4a0                ixgbe_setup_phy_link_speed
                0x000000000049d4c0                ixgbe_check_link
                0x000000000049d4e0                ixgbe_disable_tx_laser
                0x000000000049d500                ixgbe_enable_tx_laser
                0x000000000049d520                ixgbe_flap_tx_laser
                0x000000000049d540                ixgbe_setup_link
                0x000000000049d560                ixgbe_get_link_capabilities
                0x000000000049d580                ixgbe_led_on
                0x000000000049d5a0                ixgbe_led_off
                0x000000000049d5c0                ixgbe_blink_led_start
                0x000000000049d5e0                ixgbe_blink_led_stop
                0x000000000049d600                ixgbe_init_eeprom_params
                0x000000000049d620                ixgbe_write_eeprom
                0x000000000049d640                ixgbe_write_eeprom_buffer
                0x000000000049d660                ixgbe_read_eeprom
                0x000000000049d680                ixgbe_read_eeprom_buffer
                0x000000000049d6a0                ixgbe_validate_eeprom_checksum
                0x000000000049d6c0                ixgbe_update_eeprom_checksum
                0x000000000049d6e0                ixgbe_insert_mac_addr
                0x000000000049d700                ixgbe_set_rar
                0x000000000049d720                ixgbe_clear_rar
                0x000000000049d740                ixgbe_set_vmdq
                0x000000000049d760                ixgbe_set_vmdq_san_mac
                0x000000000049d780                ixgbe_clear_vmdq
                0x000000000049d7a0                ixgbe_init_rx_addrs
                0x000000000049d7c0                ixgbe_get_num_rx_addrs
                0x000000000049d7d0                ixgbe_update_uc_addr_list
                0x000000000049d7f0                ixgbe_update_mc_addr_list
                0x000000000049d810                ixgbe_enable_mc
                0x000000000049d830                ixgbe_disable_mc
                0x000000000049d850                ixgbe_clear_vfta
                0x000000000049d870                ixgbe_set_vfta
                0x000000000049d890                ixgbe_set_vlvf
                0x000000000049d8b0                ixgbe_fc_enable
                0x000000000049d8d0                ixgbe_set_fw_drv_ver
                0x000000000049d900                ixgbe_read_analog_reg8
                0x000000000049d920                ixgbe_write_analog_reg8
                0x000000000049d940                ixgbe_init_uta_tables
                0x000000000049d960                ixgbe_read_i2c_byte
                0x000000000049d980                ixgbe_write_i2c_byte
                0x000000000049d9b0                ixgbe_write_i2c_eeprom
                0x000000000049d9d0                ixgbe_read_i2c_eeprom
                0x000000000049d9f0                ixgbe_get_supported_physical_layer
                0x000000000049da10                ixgbe_enable_rx_dma
                0x000000000049da30                ixgbe_disable_sec_rx_path
                0x000000000049da50                ixgbe_enable_sec_rx_path
                0x000000000049da70                ixgbe_acquire_swfw_semaphore
                0x000000000049da90                ixgbe_release_swfw_semaphore
 *fill*         0x000000000049daaa        0x6 90909090
 .text          0x000000000049dab0      0x8d2 /home/born/DPDK-OVS/DPDK-1.6.0/build/lib/librte_pmd_ixgbe.a(ixgbe_vf.o)
                0x000000000049dab0                ixgbe_start_hw_vf
                0x000000000049dac0                ixgbe_init_hw_vf
                0x000000000049db00                ixgbe_set_vfta_vf
                0x000000000049db70                ixgbe_get_mac_addr_vf
                0x000000000049dbb0                ixgbe_setup_mac_link_vf
                0x000000000049dbc0                ixgbe_check_mac_link_vf
                0x000000000049dc80                ixgbe_update_mc_addr_list_vf
                0x000000000049dda0                ixgbe_stop_adapter_vf
                0x000000000049de40                ixgbe_reset_hw_vf
                0x000000000049df30                ixgbevf_set_uc_addr_vf
                0x000000000049dfc0                ixgbe_set_rar_vf
                0x000000000049e060                ixgbe_init_ops_vf
                0x000000000049e170                ixgbe_get_num_of_tx_queues_vf
                0x000000000049e180                ixgbe_get_num_of_rx_queues_vf
                0x000000000049e190                ixgbevf_rlpml_set_vf
                0x000000000049e1e0                ixgbevf_negotiate_api_version
                0x000000000049e260                ixgbevf_get_queues
 *fill*         0x000000000049e382        0xe 90909090
 .text          0x000000000049e390     0x24bf /home/born/DPDK-OVS/DPDK-1.6.0/build/lib/librte_pmd_ixgbe.a(ixgbe_dcb.o)
                0x000000000049e390                ixgbe_dcb_calculate_tc_credits
                0x000000000049e620                ixgbe_dcb_calculate_tc_credits_cee
                0x000000000049f370                ixgbe_dcb_unpack_pfc_cee
                0x000000000049f420                ixgbe_dcb_unpack_refill_cee
                0x000000000049f480                ixgbe_dcb_unpack_max_cee
                0x000000000049f4d0                ixgbe_dcb_unpack_bwgid_cee
                0x000000000049f520                ixgbe_dcb_unpack_tsa_cee
                0x000000000049f570                ixgbe_dcb_get_tc_from_up
                0x000000000049f5d0                ixgbe_dcb_unpack_map_cee
                0x000000000049f670                ixgbe_dcb_check_config_cee
                0x00000000004a0170                ixgbe_dcb_get_tc_stats
                0x00000000004a01b0                ixgbe_dcb_get_pfc_stats
                0x00000000004a01f0                ixgbe_dcb_config_rx_arbiter_cee
                0x00000000004a0310                ixgbe_dcb_config_tx_desc_arbiter_cee
                0x00000000004a03e0                ixgbe_dcb_config_tx_data_arbiter_cee
                0x00000000004a04d0                ixgbe_dcb_config_pfc_cee
                0x00000000004a0580                ixgbe_dcb_config_tc_stats
                0x00000000004a05b0                ixgbe_dcb_config_pfc
                0x00000000004a05f0                ixgbe_dcb_hw_config_cee
                0x00000000004a0760                ixgbe_dcb_hw_config
 *fill*         0x00000000004a084f        0x1 90909090
 .text          0x00000000004a0850      0xf2a /home/born/DPDK-OVS/DPDK-1.6.0/build/lib/librte_pmd_ixgbe.a(ixgbe_dcb_82599.o)
                0x00000000004a0850                ixgbe_dcb_get_tc_stats_82599
                0x00000000004a0910                ixgbe_dcb_get_pfc_stats_82599
                0x00000000004a0970                ixgbe_dcb_config_rx_arbiter_82599
                0x00000000004a0b90                ixgbe_dcb_config_tx_desc_arbiter_82599
                0x00000000004a0e10                ixgbe_dcb_config_tx_data_arbiter_82599
                0x00000000004a1100                ixgbe_dcb_config_pfc_82599
                0x00000000004a1420                ixgbe_dcb_config_tc_stats_82599
                0x00000000004a15d0                ixgbe_dcb_config_82599
                0x00000000004a16e0                ixgbe_dcb_hw_config_82599
 *fill*         0x00000000004a177a        0x6 90909090
 .text          0x00000000004a1780      0xc19 /home/born/DPDK-OVS/DPDK-1.6.0/build/lib/librte_pmd_ixgbe.a(ixgbe_dcb_82598.o)
                0x00000000004a1780                ixgbe_dcb_get_tc_stats_82598
                0x00000000004a1800                ixgbe_dcb_get_pfc_stats_82598
                0x00000000004a1860                ixgbe_dcb_config_rx_arbiter_82598
                0x00000000004a19e0                ixgbe_dcb_config_tx_desc_arbiter_82598
                0x00000000004a1c80                ixgbe_dcb_config_tx_data_arbiter_82598
                0x00000000004a1f20                ixgbe_dcb_config_pfc_82598
                0x00000000004a2230                ixgbe_dcb_config_tc_stats_82598
                0x00000000004a2310                ixgbe_dcb_hw_config_82598
 *fill*         0x00000000004a2399        0x7 90909090
 .text          0x00000000004a23a0      0x8f3 /home/born/DPDK-OVS/DPDK-1.6.0/build/lib/librte_pmd_ixgbe.a(ixgbe_mbx.o)
                0x00000000004a26b0                ixgbe_write_posted_mbx
                0x00000000004a2770                ixgbe_read_posted_mbx
                0x00000000004a2a20                ixgbe_read_mbx
                0x00000000004a2a50                ixgbe_write_mbx
                0x00000000004a2a80                ixgbe_check_for_msg
                0x00000000004a2aa0                ixgbe_check_for_ack
                0x00000000004a2ac0                ixgbe_check_for_rst
                0x00000000004a2ae0                ixgbe_init_mbx_ops_generic
                0x00000000004a2b00                ixgbe_init_mbx_params_vf
                0x00000000004a2bc0                ixgbe_init_mbx_params_pf
 *fill*         0x00000000004a2c93        0xd 90909090
 .text          0x00000000004a2ca0     0x906c /home/born/DPDK-OVS/DPDK-1.6.0/build/lib/librte_pmd_ixgbe.a(ixgbe_rxtx.o)
                0x00000000004a2f50                ixgbe_recv_pkts
                0x00000000004a4310                ixgbe_recv_pkts_bulk_alloc
                0x00000000004a44a0                ixgbe_xmit_pkts
                0x00000000004a58d0                ixgbe_recv_scattered_pkts
                0x00000000004a8970                ixgbe_xmit_pkts_simple
                0x00000000004a8a30                ixgbe_dev_tx_queue_release
                0x00000000004a8a70                ixgbe_dev_tx_queue_setup
                0x00000000004a8fb0                ixgbe_dev_rx_queue_release
                0x00000000004a8fe0                ixgbe_dev_rx_queue_setup
                0x00000000004a9340                ixgbe_dev_rx_queue_count
                0x00000000004a93b0                ixgbe_dev_rx_descriptor_done
                0x00000000004a93f0                ixgbe_dev_clear_queues
                0x00000000004a94a0                ixgbe_configure_dcb
                0x00000000004a9fe0                ixgbe_dev_rx_init
                0x00000000004aab20                ixgbe_dev_tx_init
                0x00000000004aadd0                ixgbe_dev_rxtx_start
                0x00000000004ab4a0                ixgbevf_dev_rx_init
                0x00000000004ab950                ixgbevf_dev_tx_init
                0x00000000004ab9c0                ixgbevf_dev_rxtx_start
 *fill*         0x00000000004abd0c        0x4 90909090
 .text          0x00000000004abd10     0x1738 /home/born/DPDK-OVS/DPDK-1.6.0/build/lib/librte_pmd_ixgbe.a(ixgbe_82598.o)
                0x00000000004abdd0                ixgbe_set_vmdq_82598
                0x00000000004abe80                ixgbe_set_vfta_82598
                0x00000000004abf90                ixgbe_get_supported_physical_layer_82598
                0x00000000004ac160                ixgbe_enable_relaxed_ordering_82598
                0x00000000004ac1e0                ixgbe_set_lan_id_multi_port_pcie_82598
                0x00000000004ac260                ixgbe_read_i2c_eeprom_82598
                0x00000000004ac340                ixgbe_write_analog_reg8_82598
                0x00000000004ac370                ixgbe_read_analog_reg8_82598
                0x00000000004ac8c0                ixgbe_fc_enable_82598
                0x00000000004ad080                ixgbe_init_phy_ops_82598
                0x00000000004ad1f0                ixgbe_set_pcie_completion_timeout
                0x00000000004ad220                ixgbe_start_hw_82598
                0x00000000004ad2c0                ixgbe_init_ops_82598
 *fill*         0x00000000004ad448        0x8 90909090
 .text          0x00000000004ad450      0xee0 /home/born/DPDK-OVS/DPDK-1.6.0/build/lib/librte_pmd_ixgbe.a(ixgbe_x540.o)
                0x00000000004ad450                ixgbe_get_media_type_X540
                0x00000000004ad460                ixgbe_setup_mac_link_X540
                0x00000000004ad470                ixgbe_get_supported_physical_layer_X540
                0x00000000004ad4c0                ixgbe_blink_led_start_X540
                0x00000000004ad530                ixgbe_blink_led_stop_X540
                0x00000000004ad580                ixgbe_write_eewr_X540
                0x00000000004ad600                ixgbe_validate_eeprom_checksum_X540
                0x00000000004ad6c0                ixgbe_calc_eeprom_checksum_X540
                0x00000000004ad800                ixgbe_read_eerd_X540
                0x00000000004ad880                ixgbe_write_eewr_buffer_X540
                0x00000000004ad910                ixgbe_read_eerd_buffer_X540
                0x00000000004ad9a0                ixgbe_start_hw_X540
                0x00000000004ad9c0                ixgbe_reset_hw_X540
                0x00000000004adbb0                ixgbe_init_eeprom_params_X540
                0x00000000004adc00                ixgbe_acquire_swfw_sync_X540
                0x00000000004ade00                ixgbe_release_swfw_sync_X540
                0x00000000004adee0                ixgbe_update_eeprom_checksum_X540
                0x00000000004ae050                ixgbe_init_ops_X540
                0x00000000004ae320                ixgbe_get_link_capabilities_X540
 .text          0x00000000004ae330     0x18d7 /home/born/DPDK-OVS/DPDK-1.6.0/build/lib/librte_pmd_virtio.a(virtio_ethdev.o)
                0x00000000004af560                virtio_dev_queue_setup
                0x00000000004afbf0                rte_virtio_pmd_init
 *fill*         0x00000000004afc07        0x9 90909090
 .text          0x00000000004afc10       0x78 /home/born/DPDK-OVS/DPDK-1.6.0/build/lib/librte_pmd_virtio.a(virtqueue.o)
                0x00000000004afc10                virtqueue_disable_intr
                0x00000000004afc20                virtqueue_detatch_unused
 *fill*         0x00000000004afc88        0x8 90909090
 .text          0x00000000004afc90      0x174 /home/born/DPDK-OVS/DPDK-1.6.0/build/lib/librte_pmd_virtio.a(virtio_pci.o)
                0x00000000004afc90                vtpci_read_dev_config
                0x00000000004afd00                vtpci_write_dev_config
                0x00000000004afd80                vtpci_negotiate_features
                0x00000000004afd90                vtpci_get_status
                0x00000000004afda0                vtpci_set_status
                0x00000000004afde0                vtpci_reinit_complete
                0x00000000004afdf0                vtpci_reset
 *fill*         0x00000000004afe04        0xc 90909090
 .text          0x00000000004afe10     0x2d7c /home/born/DPDK-OVS/DPDK-1.6.0/build/lib/librte_pmd_virtio.a(virtio_rxtx.o)
                0x00000000004b0b00                virtio_dev_rxtx_start
                0x00000000004b0b50                virtio_dev_rx_queue_setup
                0x00000000004b0bc0                virtio_dev_tx_queue_setup
                0x00000000004b0c10                virtio_recv_pkts
                0x00000000004b20d0                virtio_xmit_pkts
 *fill*         0x00000000004b2b8c        0x4 90909090
 .text          0x00000000004b2b90      0xc47 /home/born/DPDK-OVS/DPDK-1.6.0/build/lib/librte_pmd_vmxnet3.a(vmxnet3_ethdev.o)
                0x00000000004b37c0                rte_vmxnet3_pmd_init
 *fill*         0x00000000004b37d7        0x9 90909090
 .text          0x00000000004b37e0     0x379b /home/born/DPDK-OVS/DPDK-1.6.0/build/lib/librte_pmd_vmxnet3.a(vmxnet3_rxtx.o)
                0x00000000004b3f80                vmxnet3_dev_tx_queue_release
                0x00000000004b4010                vmxnet3_dev_rx_queue_release
                0x00000000004b40b0                vmxnet3_dev_clear_queues
                0x00000000004b4160                vmxnet3_xmit_pkts
                0x00000000004b4430                vmxnet3_recv_pkts
                0x00000000004b6370                vmxnet3_dev_tx_queue_setup
                0x00000000004b65c0                vmxnet3_dev_rx_queue_setup
                0x00000000004b68b0                vmxnet3_dev_rxtx_init
                0x00000000004b6e10                vmxnet3_rss_configure
                0x00000000004b6f50                vmxnet3_vlan_configure
 *fill*         0x00000000004b6f7b        0x5 90909090
 .text          0x00000000004b6f80      0xa7c /home/born/DPDK-OVS/DPDK-1.6.0/build/lib/librte_timer.a(rte_timer.o)
                0x00000000004b7470                rte_timer_subsystem_init
                0x00000000004b74b0                rte_timer_init
                0x00000000004b74c0                rte_timer_reset
                0x00000000004b75b0                rte_timer_reset_sync
                0x00000000004b7600                rte_timer_stop
                0x00000000004b76a0                rte_timer_stop_sync
                0x00000000004b76d0                rte_timer_pending
                0x00000000004b76e0                rte_timer_manage
                0x00000000004b79f0                rte_timer_dump_stats
 *fill*         0x00000000004b79fc        0x4 90909090
 .text          0x00000000004b7a00     0x1656 /home/born/DPDK-OVS/DPDK-1.6.0/build/lib/librte_hash.a(rte_hash.o)
                0x00000000004b7bb0                rte_hash_find_existing
                0x00000000004b7c80                rte_hash_create
                0x00000000004b7fa0                rte_hash_free
                0x00000000004b8040                rte_hash_add_key_with_hash
                0x00000000004b8590                rte_hash_add_key
                0x00000000004b8af0                rte_hash_del_key_with_hash
                0x00000000004b8bf0                rte_hash_del_key
                0x00000000004b8d00                rte_hash_lookup_with_hash
                0x00000000004b8e00                rte_hash_lookup
                0x00000000004b8f00                rte_hash_lookup_bulk
 *fill*         0x00000000004b9056        0xa 90909090
 .text          0x00000000004b9060      0x4f6 /home/born/DPDK-OVS/DPDK-1.6.0/build/lib/librte_hash.a(rte_fbk_hash.o)
                0x00000000004b91a0                rte_fbk_hash_find_existing
                0x00000000004b9270                rte_fbk_hash_create
                0x00000000004b94c0                rte_fbk_hash_free
 *fill*         0x00000000004b9556        0xa 90909090
 .text          0x00000000004b9560     0x10b2 /home/born/DPDK-OVS/DPDK-1.6.0/build/lib/librte_lpm.a(rte_lpm.o)
                0x00000000004b9690                rte_lpm_find_existing
                0x00000000004b9760                rte_lpm_create
                0x00000000004b9960                rte_lpm_free
                0x00000000004b9a00                rte_lpm_add
                0x00000000004ba040                rte_lpm_delete
                0x00000000004ba520                rte_lpm_delete_all
 *fill*         0x00000000004ba612        0xe 90909090
 .text          0x00000000004ba620     0x20a0 /home/born/DPDK-OVS/DPDK-1.6.0/build/lib/librte_lpm.a(rte_lpm6.o)
                0x00000000004bada0                rte_lpm6_create
                0x00000000004bb040                rte_lpm6_find_existing
                0x00000000004bb110                rte_lpm6_free
                0x00000000004bb1c0                rte_lpm6_lookup
                0x00000000004bb270                rte_lpm6_lookup_bulk_func
                0x00000000004bb370                rte_lpm6_delete
                0x00000000004bb860                rte_lpm6_add
                0x00000000004bc130                rte_lpm6_delete_bulk_func
                0x00000000004bc670                rte_lpm6_delete_all
 .text          0x00000000004bc6c0     0x1759 /home/born/DPDK-OVS/DPDK-1.6.0/build/lib/librte_power.a(rte_power.o)
                0x00000000004bd1b0                rte_power_exit