Archive member included because of file (symbol)

/home/born/DPDK-OVS/DPDK-1.6.0/build/lib/librte_cmdline.a(cmdline.o)
                              commands.o (cmdline_printf)
/home/born/DPDK-OVS/DPDK-1.6.0/build/lib/librte_cmdline.a(cmdline_parse.o)
                              /home/born/DPDK-OVS/DPDK-1.6.0/build/lib/librte_cmdline.a(cmdline.o) (cmdline_parse)
/home/born/DPDK-OVS/DPDK-1.6.0/build/lib/librte_cmdline.a(cmdline_parse_num.o)
                              commands.o (cmdline_token_num_ops)
/home/born/DPDK-OVS/DPDK-1.6.0/build/lib/librte_cmdline.a(cmdline_parse_string.o)
                              commands.o (cmdline_token_string_ops)
/home/born/DPDK-OVS/DPDK-1.6.0/build/lib/librte_cmdline.a(cmdline_rdline.o)
                              /home/born/DPDK-OVS/DPDK-1.6.0/build/lib/librte_cmdline.a(cmdline.o) (rdline_init)
/home/born/DPDK-OVS/DPDK-1.6.0/build/lib/librte_cmdline.a(cmdline_vt100.o)
                              /home/born/DPDK-OVS/DPDK-1.6.0/build/lib/librte_cmdline.a(cmdline_rdline.o) (vt100_init)
/home/born/DPDK-OVS/DPDK-1.6.0/build/lib/librte_cmdline.a(cmdline_socket.o)
                              cmdline_test.o (cmdline_stdin_new)
/home/born/DPDK-OVS/DPDK-1.6.0/build/lib/librte_cmdline.a(cmdline_cirbuf.o)
                              /home/born/DPDK-OVS/DPDK-1.6.0/build/lib/librte_cmdline.a(cmdline_rdline.o) (cirbuf_init)
/usr/lib/x86_64-linux-gnu/libc_nonshared.a(elf-init.oS)
                              /usr/lib/gcc/x86_64-linux-gnu/4.6/../../../x86_64-linux-gnu/crt1.o (__libc_csu_init)

Discarded input sections

 .note.GNU-stack
                0x0000000000000000        0x0 /usr/lib/gcc/x86_64-linux-gnu/4.6/../../../x86_64-linux-gnu/crt1.o
 .gnu_debuglink
                0x0000000000000000        0xc /usr/lib/gcc/x86_64-linux-gnu/4.6/../../../x86_64-linux-gnu/crt1.o
 .note.GNU-stack
                0x0000000000000000        0x0 /usr/lib/gcc/x86_64-linux-gnu/4.6/../../../x86_64-linux-gnu/crti.o
 .gnu_debuglink
                0x0000000000000000        0xc /usr/lib/gcc/x86_64-linux-gnu/4.6/../../../x86_64-linux-gnu/crti.o
 .note.GNU-stack
                0x0000000000000000        0x0 /usr/lib/gcc/x86_64-linux-gnu/4.6/crtbegin.o
 .note.GNU-stack
                0x0000000000000000        0x0 cmdline_test.o
 .note.GNU-stack
                0x0000000000000000        0x0 commands.o
 .note.GNU-stack
                0x0000000000000000        0x0 /home/born/DPDK-OVS/DPDK-1.6.0/build/lib/librte_cmdline.a(cmdline.o)
 .note.GNU-stack
                0x0000000000000000        0x0 /home/born/DPDK-OVS/DPDK-1.6.0/build/lib/librte_cmdline.a(cmdline_parse.o)
 .note.GNU-stack
                0x0000000000000000        0x0 /home/born/DPDK-OVS/DPDK-1.6.0/build/lib/librte_cmdline.a(cmdline_parse_num.o)
 .note.GNU-stack
                0x0000000000000000        0x0 /home/born/DPDK-OVS/DPDK-1.6.0/build/lib/librte_cmdline.a(cmdline_parse_string.o)
 .note.GNU-stack
                0x0000000000000000        0x0 /home/born/DPDK-OVS/DPDK-1.6.0/build/lib/librte_cmdline.a(cmdline_rdline.o)
 .note.GNU-stack
                0x0000000000000000        0x0 /home/born/DPDK-OVS/DPDK-1.6.0/build/lib/librte_cmdline.a(cmdline_vt100.o)
 .note.GNU-stack
                0x0000000000000000        0x0 /home/born/DPDK-OVS/DPDK-1.6.0/build/lib/librte_cmdline.a(cmdline_socket.o)
 .note.GNU-stack
                0x0000000000000000        0x0 /home/born/DPDK-OVS/DPDK-1.6.0/build/lib/librte_cmdline.a(cmdline_cirbuf.o)
 .note.GNU-stack
                0x0000000000000000        0x0 /usr/lib/x86_64-linux-gnu/libc_nonshared.a(elf-init.oS)
 .note.GNU-stack
                0x0000000000000000        0x0 /usr/lib/gcc/x86_64-linux-gnu/4.6/crtend.o
 .note.GNU-stack
                0x0000000000000000        0x0 /usr/lib/gcc/x86_64-linux-gnu/4.6/../../../x86_64-linux-gnu/crtn.o
 .gnu_debuglink
                0x0000000000000000        0xc /usr/lib/gcc/x86_64-linux-gnu/4.6/../../../x86_64-linux-gnu/crtn.o

Memory Configuration

Name             Origin             Length             Attributes
*default*        0x0000000000000000 0xffffffffffffffff

Linker script and memory map

LOAD /usr/lib/gcc/x86_64-linux-gnu/4.6/../../../x86_64-linux-gnu/crt1.o
LOAD /usr/lib/gcc/x86_64-linux-gnu/4.6/../../../x86_64-linux-gnu/crti.o
LOAD /usr/lib/gcc/x86_64-linux-gnu/4.6/crtbegin.o
LOAD cmdline_test.o
LOAD commands.o
LOAD /home/born/DPDK-OVS/DPDK-1.6.0/build/lib/librte_kni.a
LOAD /home/born/DPDK-OVS/DPDK-1.6.0/build/lib/librte_ivshmem.a
LOAD /home/born/DPDK-OVS/DPDK-1.6.0/build/lib/librte_pmd_e1000.a
LOAD /home/born/DPDK-OVS/DPDK-1.6.0/build/lib/librte_pmd_ixgbe.a
LOAD /home/born/DPDK-OVS/DPDK-1.6.0/build/lib/librte_pmd_virtio.a
LOAD /home/born/DPDK-OVS/DPDK-1.6.0/build/lib/librte_pmd_vmxnet3.a
LOAD /home/born/DPDK-OVS/DPDK-1.6.0/build/lib/librte_timer.a
LOAD /home/born/DPDK-OVS/DPDK-1.6.0/build/lib/librte_hash.a
LOAD /home/born/DPDK-OVS/DPDK-1.6.0/build/lib/librte_lpm.a
LOAD /home/born/DPDK-OVS/DPDK-1.6.0/build/lib/librte_power.a
LOAD /home/born/DPDK-OVS/DPDK-1.6.0/build/lib/librte_meter.a
LOAD /home/born/DPDK-OVS/DPDK-1.6.0/build/lib/librte_sched.a
LOAD /usr/lib/gcc/x86_64-linux-gnu/4.6/../../../x86_64-linux-gnu/libm.so
LOAD /usr/lib/gcc/x86_64-linux-gnu/4.6/../../../x86_64-linux-gnu/librt.so
START GROUP
LOAD /home/born/DPDK-OVS/DPDK-1.6.0/build/lib/librte_mbuf.a
LOAD /home/born/DPDK-OVS/DPDK-1.6.0/build/lib/libethdev.a
LOAD /home/born/DPDK-OVS/DPDK-1.6.0/build/lib/librte_pmd_ring.a
LOAD /home/born/DPDK-OVS/DPDK-1.6.0/build/lib/librte_malloc.a
LOAD /home/born/DPDK-OVS/DPDK-1.6.0/build/lib/librte_mempool.a
LOAD /home/born/DPDK-OVS/DPDK-1.6.0/build/lib/librte_ring.a
LOAD /home/born/DPDK-OVS/DPDK-1.6.0/build/lib/librte_eal.a
LOAD /home/born/DPDK-OVS/DPDK-1.6.0/build/lib/librte_cmdline.a
LOAD /usr/lib/gcc/x86_64-linux-gnu/4.6/../../../x86_64-linux-gnu/librt.so
LOAD /usr/lib/gcc/x86_64-linux-gnu/4.6/../../../x86_64-linux-gnu/libm.so
END GROUP
LOAD /usr/lib/gcc/x86_64-linux-gnu/4.6/libgcc.a
LOAD /usr/lib/gcc/x86_64-linux-gnu/4.6/libgcc_s.so
LOAD /usr/lib/gcc/x86_64-linux-gnu/4.6/../../../x86_64-linux-gnu/libpthread.so
START GROUP
LOAD /lib/x86_64-linux-gnu/libpthread.so.0
LOAD /usr/lib/x86_64-linux-gnu/libpthread_nonshared.a
END GROUP
LOAD /usr/lib/gcc/x86_64-linux-gnu/4.6/../../../x86_64-linux-gnu/libc.so
START GROUP
LOAD /lib/x86_64-linux-gnu/libc.so.6
LOAD /usr/lib/x86_64-linux-gnu/libc_nonshared.a
LOAD /lib/x86_64-linux-gnu/ld-linux-x86-64.so.2
END GROUP
LOAD /usr/lib/gcc/x86_64-linux-gnu/4.6/libgcc.a
LOAD /usr/lib/gcc/x86_64-linux-gnu/4.6/libgcc_s.so
LOAD /usr/lib/gcc/x86_64-linux-gnu/4.6/crtend.o
LOAD /usr/lib/gcc/x86_64-linux-gnu/4.6/../../../x86_64-linux-gnu/crtn.o
                0x0000000000400000                PROVIDE (__executable_start, 0x400000)
                0x0000000000400238                . = (0x400000 + SIZEOF_HEADERS)

.interp         0x0000000000400238       0x1c
 *(.interp)
 .interp        0x0000000000400238       0x1c /usr/lib/gcc/x86_64-linux-gnu/4.6/../../../x86_64-linux-gnu/crt1.o

.note.ABI-tag   0x0000000000400254       0x20
 .note.ABI-tag  0x0000000000400254       0x20 /usr/lib/gcc/x86_64-linux-gnu/4.6/../../../x86_64-linux-gnu/crt1.o

.note.gnu.build-id
                0x0000000000400274       0x24
 *(.note.gnu.build-id)
 .note.gnu.build-id
                0x0000000000400274       0x24 /usr/lib/gcc/x86_64-linux-gnu/4.6/../../../x86_64-linux-gnu/crt1.o

.hash
 *(.hash)

.gnu.hash       0x0000000000400298       0x30
 *(.gnu.hash)
 .gnu.hash      0x0000000000400298       0x30 /usr/lib/gcc/x86_64-linux-gnu/4.6/../../../x86_64-linux-gnu/crt1.o

.dynsym         0x00000000004002c8      0x2a0
 *(.dynsym)
 .dynsym        0x00000000004002c8      0x2a0 /usr/lib/gcc/x86_64-linux-gnu/4.6/../../../x86_64-linux-gnu/crt1.o

.dynstr         0x0000000000400568      0x182
 *(.dynstr)
 .dynstr        0x0000000000400568      0x182 /usr/lib/gcc/x86_64-linux-gnu/4.6/../../../x86_64-linux-gnu/crt1.o

.gnu.version    0x00000000004006ea       0x38
 *(.gnu.version)
 .gnu.version   0x00000000004006ea       0x38 /usr/lib/gcc/x86_64-linux-gnu/4.6/../../../x86_64-linux-gnu/crt1.o

.gnu.version_d  0x0000000000400728        0x0
 *(.gnu.version_d)
 .gnu.version_d
                0x0000000000000000        0x0 /usr/lib/gcc/x86_64-linux-gnu/4.6/../../../x86_64-linux-gnu/crt1.o

.gnu.version_r  0x0000000000400728       0x90
 *(.gnu.version_r)
 .gnu.version_r
                0x0000000000400728       0x90 /usr/lib/gcc/x86_64-linux-gnu/4.6/../../../x86_64-linux-gnu/crt1.o

.rela.dyn       0x00000000004007b8       0x78
 *(.rela.init)
 *(.rela.text .rela.text.* .rela.gnu.linkonce.t.*)
 .rela.text     0x0000000000000000        0x0 /usr/lib/gcc/x86_64-linux-gnu/4.6/../../../x86_64-linux-gnu/crt1.o
 *(.rela.fini)
 *(.rela.rodata .rela.rodata.* .rela.gnu.linkonce.r.*)
 *(.rela.data .rela.data.* .rela.gnu.linkonce.d.*)
 .rela.data.rel
                0x0000000000000000        0x0 /usr/lib/gcc/x86_64-linux-gnu/4.6/../../../x86_64-linux-gnu/crt1.o
 *(.rela.tdata .rela.tdata.* .rela.gnu.linkonce.td.*)
 *(.rela.tbss .rela.tbss.* .rela.gnu.linkonce.tb.*)
 *(.rela.ctors)
 *(.rela.dtors)
 *(.rela.got)
 .rela.got      0x00000000004007b8       0x78 /usr/lib/gcc/x86_64-linux-gnu/4.6/../../../x86_64-linux-gnu/crt1.o
 *(.rela.bss .rela.bss.* .rela.gnu.linkonce.b.*)
 .rela.bss      0x0000000000000000        0x0 /usr/lib/gcc/x86_64-linux-gnu/4.6/../../../x86_64-linux-gnu/crt1.o
 *(.rela.ldata .rela.ldata.* .rela.gnu.linkonce.l.*)
 *(.rela.lbss .rela.lbss.* .rela.gnu.linkonce.lb.*)
 *(.rela.lrodata .rela.lrodata.* .rela.gnu.linkonce.lr.*)
 *(.rela.ifunc)

.rela.plt       0x0000000000400830      0x1f8
 *(.rela.plt)
 .rela.plt      0x0000000000400830      0x1f8 /usr/lib/gcc/x86_64-linux-gnu/4.6/../../../x86_64-linux-gnu/crt1.o
                0x0000000000400a28                PROVIDE (__rela_iplt_start, .)
 *(.rela.iplt)
 .rela.iplt     0x0000000000000000        0x0 /usr/lib/gcc/x86_64-linux-gnu/4.6/../../../x86_64-linux-gnu/crt1.o
                0x0000000000400a28                PROVIDE (__rela_iplt_end, .)

.init           0x0000000000400a28       0x18
 *(.init)
 .init          0x0000000000400a28        0x9 /usr/lib/gcc/x86_64-linux-gnu/4.6/../../../x86_64-linux-gnu/crti.o
                0x0000000000400a28                _init
 .init          0x0000000000400a31        0x5 /usr/lib/gcc/x86_64-linux-gnu/4.6/crtbegin.o
 .init          0x0000000000400a36        0x5 /usr/lib/gcc/x86_64-linux-gnu/4.6/crtend.o
 .init          0x0000000000400a3b        0x5 /usr/lib/gcc/x86_64-linux-gnu/4.6/../../../x86_64-linux-gnu/crtn.o

.plt            0x0000000000400a40      0x160
 *(.plt)
 .plt           0x0000000000400a40      0x160 /usr/lib/gcc/x86_64-linux-gnu/4.6/../../../x86_64-linux-gnu/crt1.o
                0x0000000000400a50                free@@GLIBC_2.2.5
                0x0000000000400a60                __errno_location@@GLIBC_2.2.5
                0x0000000000400a70                strncmp@@GLIBC_2.2.5
                0x0000000000400a80                write@@GLIBC_2.2.5
                0x0000000000400a90                __stack_chk_fail@@GLIBC_2.4
                0x0000000000400aa0                setbuf@@GLIBC_2.2.5
                0x0000000000400ab0                memset@@GLIBC_2.2.5
                0x0000000000400ac0                strnlen@@GLIBC_2.2.5
                0x0000000000400ad0                close@@GLIBC_2.2.5
                0x0000000000400ae0                read@@GLIBC_2.2.5
                0x0000000000400af0                __libc_start_main@@GLIBC_2.2.5
                0x0000000000400b00                memcmp@@GLIBC_2.2.5
                0x0000000000400b10                __vdprintf_chk@@GLIBC_2.8
                0x0000000000400b20                memcpy@@GLIBC_2.14
                0x0000000000400b30                fileno@@GLIBC_2.2.5
                0x0000000000400b40                malloc@@GLIBC_2.2.5
                0x0000000000400b50                __vsnprintf_chk@@GLIBC_2.3.4
                0x0000000000400b60                tcgetattr@@GLIBC_2.2.5
                0x0000000000400b70                tcsetattr@@GLIBC_2.2.5
                0x0000000000400b80                open@@GLIBC_2.2.5
                0x0000000000400b90                __ctype_b_loc@@GLIBC_2.3
 *(.iplt)
 .iplt          0x0000000000000000        0x0 /usr/lib/gcc/x86_64-linux-gnu/4.6/../../../x86_64-linux-gnu/crt1.o

.text           0x0000000000400ba0     0x3f48
 *(.text.unlikely .text.*_unlikely)
 *(.text.exit .text.exit.*)
 *(.text.startup .text.startup.*)
 .text.startup  0x0000000000400ba0       0x35 cmdline_test.o
                0x0000000000400ba0                main
 *(.text.hot .text.hot.*)
 *(.text .stub .text.* .gnu.linkonce.t.*)
 *fill*         0x0000000000400bd5        0x3 90909090
 .text          0x0000000000400bd8       0x2c /usr/lib/gcc/x86_64-linux-gnu/4.6/../../../x86_64-linux-gnu/crt1.o
                0x0000000000400bd8                _start
 .text          0x0000000000400c04       0x17 /usr/lib/gcc/x86_64-linux-gnu/4.6/../../../x86_64-linux-gnu/crti.o
 *fill*         0x0000000000400c1b        0x5 90909090
 .text          0x0000000000400c20       0x92 /usr/lib/gcc/x86_64-linux-gnu/4.6/crtbegin.o
 *fill*         0x0000000000400cb2        0x2 90909090
 .text          0x0000000000400cb4        0x0 cmdline_test.o
 *fill*         0x0000000000400cb4        0xc 90909090
 .text          0x0000000000400cc0      0x118 commands.o
 *fill*         0x0000000000400dd8        0x8 90909090
 .text          0x0000000000400de0      0x5d6 /home/born/DPDK-OVS/DPDK-1.6.0/build/lib/librte_cmdline.a(cmdline.o)
                0x0000000000400f30                cmdline_write_char
                0x0000000000400f70                cmdline_set_prompt
                0x0000000000400fb0                cmdline_new
                0x0000000000401090                cmdline_free
                0x00000000004010f0                cmdline_printf
                0x0000000000401210                cmdline_in
                0x0000000000401350                cmdline_quit
                0x0000000000401370                cmdline_interact
 *fill*         0x00000000004013b6        0xa 90909090
 .text          0x00000000004013c0      0xbe2 /home/born/DPDK-OVS/DPDK-1.6.0/build/lib/librte_cmdline.a(cmdline_parse.o)
                0x0000000000401660                cmdline_isendoftoken
                0x00000000004016b0                cmdline_parse
                0x0000000000401930                cmdline_complete
 *fill*         0x0000000000401fa2        0xe 90909090
 .text          0x0000000000401fb0      0x698 /home/born/DPDK-OVS/DPDK-1.6.0/build/lib/librte_cmdline.a(cmdline_parse_num.o)
                0x00000000004020e0                cmdline_get_help_num
                0x0000000000402140                cmdline_parse_num
 *fill*         0x0000000000402648        0x8 90909090
 .text          0x0000000000402650      0x4ed /home/born/DPDK-OVS/DPDK-1.6.0/build/lib/librte_cmdline.a(cmdline_parse_string.o)
                0x0000000000402780                cmdline_get_help_string
                0x0000000000402850                cmdline_complete_get_nb_string
                0x00000000004028d0                cmdline_complete_get_elt_string
                0x00000000004029c0                cmdline_parse_string
 *fill*         0x0000000000402b3d        0x3 90909090
 .text          0x0000000000402b40     0x1292 /home/born/DPDK-OVS/DPDK-1.6.0/build/lib/librte_cmdline.a(cmdline_rdline.o)
                0x0000000000402d00                rdline_init
                0x0000000000402db0                rdline_newline
                0x0000000000402e90                rdline_stop
                0x0000000000402ea0                rdline_quit
                0x0000000000402eb0                rdline_restart
                0x0000000000402ec0                rdline_reset
                0x0000000000402f20                rdline_get_buffer
                0x0000000000402fb0                rdline_redisplay
                0x0000000000403080                rdline_get_history_item
                0x00000000004031a0                rdline_add_history
                0x00000000004032a0                rdline_char_in
                0x0000000000403db0                rdline_clear_history
 *fill*         0x0000000000403dd2        0xe 90909090
 .text          0x0000000000403de0      0x153 /home/born/DPDK-OVS/DPDK-1.6.0/build/lib/librte_cmdline.a(cmdline_vt100.o)
                0x0000000000403de0                vt100_init
                0x0000000000403df0                vt100_parser
 *fill*         0x0000000000403f33        0xd 90909090
 .text          0x0000000000403f40      0x1e2 /home/born/DPDK-OVS/DPDK-1.6.0/build/lib/librte_cmdline.a(cmdline_socket.o)
                0x0000000000403f40                cmdline_file_new
                0x0000000000403fb0                cmdline_stdin_new
                0x00000000004040f0                cmdline_stdin_exit
 *fill*         0x0000000000404122        0xe 90909090
 .text          0x0000000000404130      0x8dc /home/born/DPDK-OVS/DPDK-1.6.0/build/lib/librte_cmdline.a(cmdline_cirbuf.o)
                0x0000000000404130                cirbuf_init
                0x0000000000404160                cirbuf_add_buf_head
                0x0000000000404240                cirbuf_add_buf_tail
                0x0000000000404320                cirbuf_add_head_safe
                0x0000000000404380                cirbuf_add_head
                0x00000000004043d0                cirbuf_add_tail_safe
                0x0000000000404420                cirbuf_add_tail
                0x0000000000404460                cirbuf_align_left
                0x00000000004045d0                cirbuf_align_right
                0x0000000000404730                cirbuf_del_buf_head
                0x0000000000404790                cirbuf_del_buf_tail
                0x00000000004047d0                cirbuf_del_head_safe
                0x0000000000404810                cirbuf_del_head
                0x0000000000404830                cirbuf_del_tail_safe
                0x0000000000404870                cirbuf_del_tail
                0x0000000000404890                cirbuf_get_buf_head
                0x0000000000404930                cirbuf_get_buf_tail
                0x00000000004049f0                cirbuf_get_head
                0x0000000000404a00                cirbuf_get_tail
 *fill*         0x0000000000404a0c        0x4 90909090
 .text          0x0000000000404a10       0x92 /usr/lib/x86_64-linux-gnu/libc_nonshared.a(elf-init.oS)
                0x0000000000404a10                __libc_csu_init
                0x0000000000404aa0                __libc_csu_fini
 *fill*         0x0000000000404aa2        0xe 90909090
 .text          0x0000000000404ab0       0x36 /usr/lib/gcc/x86_64-linux-gnu/4.6/crtend.o
 *fill*         0x0000000000404ae6        0x2 90909090
 .text          0x0000000000404ae8        0x0 /usr/lib/gcc/x86_64-linux-gnu/4.6/../../../x86_64-linux-gnu/crtn.o
 *(.gnu.warning)

.fini           0x0000000000404ae8        0xe
 *(.fini)
 .fini          0x0000000000404ae8        0x4 /usr/lib/gcc/x86_64-linux-gnu/4.6/../../../x86_64-linux-gnu/crti.o
                0x0000000000404ae8                _fini
 .fini          0x0000000000404aec        0x5 /usr/lib/gcc/x86_64-linux-gnu/4.6/crtbegin.o
 .fini          0x0000000000404af1        0x5 /usr/lib/gcc/x86_64-linux-gnu/4.6/../../../x86_64-linux-gnu/crtn.o
                0x0000000000404af6                PROVIDE (__etext, .)
                0x0000000000404af6                PROVIDE (_etext, .)
                0x0000000000404af6                PROVIDE (etext, .)

.rodata         0x0000000000404af8      0x4ab
 *(.rodata .rodata.* .gnu.linkonce.r.*)
 .rodata.cst4   0x0000000000404af8        0x4 /usr/lib/gcc/x86_64-linux-gnu/4.6/../../../x86_64-linux-gnu/crt1.o
                0x0000000000404af8                _IO_stdin_used
 .rodata.str1.1
                0x0000000000404afc        0xf cmdline_test.o
 .rodata.str1.1
                0x0000000000404b0b      0x139 commands.o
                                        0x13d (size before relaxing)
 *fill*         0x0000000000404c44        0x4 00
 .rodata.str1.8
                0x0000000000404c48      0x1d0 commands.o
                                        0x1cb (size before relaxing)
 .rodata.str1.1
                0x0000000000404e18       0x35 /home/born/DPDK-OVS/DPDK-1.6.0/build/lib/librte_cmdline.a(cmdline.o)
                                         0x38 (size before relaxing)
 .rodata.str1.1
                0x0000000000404e4d       0x20 /home/born/DPDK-OVS/DPDK-1.6.0/build/lib/librte_cmdline.a(cmdline_parse.o)
                                         0x23 (size before relaxing)
 .rodata.str1.1
                0x0000000000404e6d       0x1b /home/born/DPDK-OVS/DPDK-1.6.0/build/lib/librte_cmdline.a(cmdline_parse_num.o)
                                         0x35 (size before relaxing)
 .rodata        0x0000000000404e88       0x30 /home/born/DPDK-OVS/DPDK-1.6.0/build/lib/librte_cmdline.a(cmdline_parse_num.o)
 .rodata.str1.1
                0x0000000000404eb8       0x2a /home/born/DPDK-OVS/DPDK-1.6.0/build/lib/librte_cmdline.a(cmdline_parse_string.o)
                                         0x2d (size before relaxing)
 .rodata.str1.1
                0x0000000000404ee2       0x21 /home/born/DPDK-OVS/DPDK-1.6.0/build/lib/librte_cmdline.a(cmdline_rdline.o)
 *fill*         0x0000000000404f03        0x1 00
 .rodata        0x0000000000404f04       0x68 /home/born/DPDK-OVS/DPDK-1.6.0/build/lib/librte_cmdline.a(cmdline_rdline.o)
 .rodata.str1.1
                0x0000000000404f6c       0x37 /home/born/DPDK-OVS/DPDK-1.6.0/build/lib/librte_cmdline.a(cmdline_vt100.o)
                                         0x43 (size before relaxing)

.rodata1
 *(.rodata1)

.eh_frame_hdr   0x0000000000404fa4      0x26c
 *(.eh_frame_hdr)
 .eh_frame_hdr  0x0000000000404fa4      0x26c /usr/lib/gcc/x86_64-linux-gnu/4.6/../../../x86_64-linux-gnu/crt1.o

.eh_frame       0x0000000000405210      0xbf4
 *(.eh_frame)
 .eh_frame      0x0000000000405210       0x40 /usr/lib/gcc/x86_64-linux-gnu/4.6/../../../x86_64-linux-gnu/crt1.o
 .eh_frame      0x0000000000405250       0x20 cmdline_test.o
                                         0x38 (size before relaxing)
 .eh_frame      0x0000000000405270       0xf0 commands.o
                                         0xe0 (size before relaxing)
 .eh_frame      0x0000000000405360      0x1c0 /home/born/DPDK-OVS/DPDK-1.6.0/build/lib/librte_cmdline.a(cmdline.o)
                                        0x1b8 (size before relaxing)
 .eh_frame      0x0000000000405520      0x130 /home/born/DPDK-OVS/DPDK-1.6.0/build/lib/librte_cmdline.a(cmdline_parse.o)
                                        0x140 (size before relaxing)
 .eh_frame      0x0000000000405650       0xc0 /home/born/DPDK-OVS/DPDK-1.6.0/build/lib/librte_cmdline.a(cmdline_parse_num.o)
                                         0xd0 (size before relaxing)
 .eh_frame      0x0000000000405710       0xf0 /home/born/DPDK-OVS/DPDK-1.6.0/build/lib/librte_cmdline.a(cmdline_parse_string.o)
                                        0x100 (size before relaxing)
 .eh_frame      0x0000000000405800      0x2c0 /home/born/DPDK-OVS/DPDK-1.6.0/build/lib/librte_cmdline.a(cmdline_rdline.o)
                                        0x2a8 (size before relaxing)
 .eh_frame      0x0000000000405ac0       0x80 /home/born/DPDK-OVS/DPDK-1.6.0/build/lib/librte_cmdline.a(cmdline_vt100.o)
                                         0x90 (size before relaxing)
 .eh_frame      0x0000000000405b40       0x78 /home/born/DPDK-OVS/DPDK-1.6.0/build/lib/librte_cmdline.a(cmdline_socket.o)
                                         0x90 (size before relaxing)
 .eh_frame      0x0000000000405bb8      0x208 /home/born/DPDK-OVS/DPDK-1.6.0/build/lib/librte_cmdline.a(cmdline_cirbuf.o)
                                        0x1e0 (size before relaxing)
 .eh_frame      0x0000000000405dc0       0x40 /usr/lib/x86_64-linux-gnu/libc_nonshared.a(elf-init.oS)
                                         0x58 (size before relaxing)
 .eh_frame      0x0000000000405e00        0x4 /usr/lib/gcc/x86_64-linux-gnu/4.6/crtend.o

.gcc_except_table
 *(.gcc_except_table .gcc_except_table.*)

.exception_ranges
 *(.exception_ranges .exception_ranges*)
                0x0000000000405e04                . = (ALIGN (0x200000) - ((0x200000 - .) & 0x1fffff))
                0x0000000000606da4                . = DATA_SEGMENT_ALIGN (0x200000, 0x1000)

.eh_frame
 *(.eh_frame)

.gcc_except_table
 *(.gcc_except_table .gcc_except_table.*)

.exception_ranges
 *(.exception_ranges .exception_ranges*)

.tdata
 *(.tdata .tdata.* .gnu.linkonce.td.*)

.tbss
 *(.tbss .tbss.* .gnu.linkonce.tb.*)
 *(.tcommon)

.preinit_array  0x0000000000606da4        0x0
                0x0000000000606da4                PROVIDE (__preinit_array_start, .)
 *(.preinit_array)
                0x0000000000606da4                PROVIDE (__preinit_array_end, .)

.init_array     0x0000000000606da4        0x0
                0x0000000000606da4                PROVIDE (__init_array_start, .)
 *(SORT(.init_array.*) SORT(.ctors.*))
 *(.init_array)
 *(EXCLUDE_FILE(*crtend?.o *crtend.o *crtbegin?.o *crtbegin.o) .ctors)
                0x0000000000606da4                PROVIDE (__init_array_end, .)

.fini_array     0x0000000000606da4        0x0
                0x0000000000606da4                PROVIDE (__fini_array_start, .)
 *(SORT(.fini_array.*) SORT(.dtors.*))
 *(.fini_array)
 *(EXCLUDE_FILE(*crtend?.o *crtend.o *crtbegin?.o *crtbegin.o) .dtors)
                0x0000000000606da4                PROVIDE (__fini_array_end, .)

.ctors          0x0000000000606da8       0x10
 *crtbegin.o(.ctors)
 .ctors         0x0000000000606da8        0x8 /usr/lib/gcc/x86_64-linux-gnu/4.6/crtbegin.o
 *crtbegin?.o(.ctors)
 *(EXCLUDE_FILE(*crtend?.o *crtend.o) .ctors)
 *(SORT(.ctors.*))
 *(.ctors)
 .ctors         0x0000000000606db0        0x8 /usr/lib/gcc/x86_64-linux-gnu/4.6/crtend.o

.dtors          0x0000000000606db8       0x10
 *crtbegin.o(.dtors)
 .dtors         0x0000000000606db8        0x8 /usr/lib/gcc/x86_64-linux-gnu/4.6/crtbegin.o
 *crtbegin?.o(.dtors)
 *(EXCLUDE_FILE(*crtend?.o *crtend.o) .dtors)
 *(SORT(.dtors.*))
 *(.dtors)
 .dtors         0x0000000000606dc0        0x8 /usr/lib/gcc/x86_64-linux-gnu/4.6/crtend.o
                0x0000000000606dc0                __DTOR_END__

.jcr            0x0000000000606dc8        0x8
 *(.jcr)
 .jcr           0x0000000000606dc8        0x0 /usr/lib/gcc/x86_64-linux-gnu/4.6/crtbegin.o
 .jcr           0x0000000000606dc8        0x8 /usr/lib/gcc/x86_64-linux-gnu/4.6/crtend.o

.data.rel.ro    0x0000000000606de0       0x40
 *(.data.rel.ro.local* .gnu.linkonce.d.rel.ro.local.*)
 .data.rel.ro.local
                0x0000000000606de0       0x40 /home/born/DPDK-OVS/DPDK-1.6.0/build/lib/librte_cmdline.a(cmdline_parse_num.o)
 *(.data.rel.ro* .gnu.linkonce.d.rel.ro.*)

.dynamic        0x0000000000606e20      0x1a0
 *(.dynamic)
 .dynamic       0x0000000000606e20      0x1a0 /usr/lib/gcc/x86_64-linux-gnu/4.6/../../../x86_64-linux-gnu/crt1.o
                0x0000000000606e20                _DYNAMIC

.got            0x0000000000606fc0       0x28
 *(.got)
 .got           0x0000000000606fc0       0x28 /usr/lib/gcc/x86_64-linux-gnu/4.6/../../../x86_64-linux-gnu/crt1.o
 *(.igot)
                0x0000000000606fe8                . = DATA_SEGMENT_RELRO_END (., 0x18)

.got.plt        0x0000000000606fe8       0xc0
 *(.got.plt)
 .got.plt       0x0000000000606fe8       0xc0 /usr/lib/gcc/x86_64-linux-gnu/4.6/../../../x86_64-linux-gnu/crt1.o
                0x0000000000606fe8                _GLOBAL_OFFSET_TABLE_
 *(.igot.plt)
 .igot.plt      0x0000000000000000        0x0 /usr/lib/gcc/x86_64-linux-gnu/4.6/../../../x86_64-linux-gnu/crt1.o

.data           0x00000000006070c0      0x4f0
 *(.data .data.* .gnu.linkonce.d.*)
 .data          0x00000000006070c0        0x4 /usr/lib/gcc/x86_64-linux-gnu/4.6/../../../x86_64-linux-gnu/crt1.o
                0x00000000006070c0                data_start
                0x00000000006070c0                __data_start
 .data          0x00000000006070c4        0x0 /usr/lib/gcc/x86_64-linux-gnu/4.6/../../../x86_64-linux-gnu/crti.o
 *fill*         0x00000000006070c4        0x4 00
 .data          0x00000000006070c8        0x8 /usr/lib/gcc/x86_64-linux-gnu/4.6/crtbegin.o
                0x00000000006070c8                __dso_handle
 .data          0x00000000006070d0        0x0 cmdline_test.o
 .data          0x00000000006070d0        0x0 commands.o
 *fill*         0x00000000006070d0       0x10 00
 .data.rel      0x00000000006070e0      0x3b8 commands.o
                0x00000000006070e0                main_ctx
                0x0000000000607140                cmd_clear_history
                0x0000000000607170                cmd_clear_history_tok
                0x0000000000607190                cmd_get_history_bufsize
                0x00000000006071c0                cmd_get_history_bufsize_tok
                0x00000000006071e0                cmd_ambig_2
                0x0000000000607210                cmd_ambig_ambig_2
                0x0000000000607230                cmd_ambig_common_2
                0x0000000000607250                cmd_ambig_1
                0x0000000000607280                cmd_ambig_ambig_1
                0x00000000006072a0                cmd_ambig_common_1
                0x00000000006072c0                cmd_num
                0x00000000006072f0                cmd_num_tok
                0x0000000000607310                cmd_autocomplete_2
                0x0000000000607340                cmd_autocomplete_2_tok
                0x0000000000607360                cmd_autocomplete_1
                0x0000000000607390                cmd_autocomplete_1_tok
                0x00000000006073b0                cmd_single_long
                0x00000000006073e0                cmd_single_long_tok
                0x0000000000607400                cmd_single
                0x0000000000607430                cmd_single_tok
                0x0000000000607450                cmd_quit
                0x0000000000607480                cmd_quit_tok
 .data          0x0000000000607498        0x0 /home/born/DPDK-OVS/DPDK-1.6.0/build/lib/librte_cmdline.a(cmdline.o)
 .data          0x0000000000607498        0x0 /home/born/DPDK-OVS/DPDK-1.6.0/build/lib/librte_cmdline.a(cmdline_parse.o)
 .data          0x0000000000607498        0x0 /home/born/DPDK-OVS/DPDK-1.6.0/build/lib/librte_cmdline.a(cmdline_parse_num.o)
 *fill*         0x0000000000607498        0x8 00
 .data.rel      0x00000000006074a0       0x20 /home/born/DPDK-OVS/DPDK-1.6.0/build/lib/librte_cmdline.a(cmdline_parse_num.o)
                0x00000000006074a0                cmdline_token_num_ops
 .data          0x00000000006074c0        0x0 /home/born/DPDK-OVS/DPDK-1.6.0/build/lib/librte_cmdline.a(cmdline_parse_string.o)
 .data.rel      0x00000000006074c0       0x20 /home/born/DPDK-OVS/DPDK-1.6.0/build/lib/librte_cmdline.a(cmdline_parse_string.o)
                0x00000000006074c0                cmdline_token_string_ops
 .data          0x00000000006074e0        0x0 /home/born/DPDK-OVS/DPDK-1.6.0/build/lib/librte_cmdline.a(cmdline_rdline.o)
 .data          0x00000000006074e0        0x0 /home/born/DPDK-OVS/DPDK-1.6.0/build/lib/librte_cmdline.a(cmdline_vt100.o)
 .data.rel.local
                0x00000000006074e0       0xd0 /home/born/DPDK-OVS/DPDK-1.6.0/build/lib/librte_cmdline.a(cmdline_vt100.o)
                0x00000000006074e0                cmdline_vt100_commands
 .data          0x00000000006075b0        0x0 /home/born/DPDK-OVS/DPDK-1.6.0/build/lib/librte_cmdline.a(cmdline_socket.o)
 .data          0x00000000006075b0        0x0 /home/born/DPDK-OVS/DPDK-1.6.0/build/lib/librte_cmdline.a(cmdline_cirbuf.o)
 .data          0x00000000006075b0        0x0 /usr/lib/x86_64-linux-gnu/libc_nonshared.a(elf-init.oS)
 .data          0x00000000006075b0        0x0 /usr/lib/gcc/x86_64-linux-gnu/4.6/crtend.o
 .data          0x00000000006075b0        0x0 /usr/lib/gcc/x86_64-linux-gnu/4.6/../../../x86_64-linux-gnu/crtn.o

.data1
 *(.data1)
                0x00000000006075b0                _edata = .
                0x00000000006075b0                PROVIDE (edata, .)
                0x00000000006075b0                __bss_start = .

.bss            0x00000000006075b0       0x10
 *(.dynbss)
 .dynbss        0x0000000000000000        0x0 /usr/lib/gcc/x86_64-linux-gnu/4.6/../../../x86_64-linux-gnu/crt1.o
 *(.bss .bss.* .gnu.linkonce.b.*)
 .bss           0x00000000006075b0        0x0 /usr/lib/gcc/x86_64-linux-gnu/4.6/../../../x86_64-linux-gnu/crt1.o
 .bss           0x00000000006075b0        0x0 /usr/lib/gcc/x86_64-linux-gnu/4.6/../../../x86_64-linux-gnu/crti.o
 .bss           0x00000000006075b0       0x10 /usr/lib/gcc/x86_64-linux-gnu/4.6/crtbegin.o
 .bss           0x00000000006075c0        0x0 cmdline_test.o
 .bss           0x00000000006075c0        0x0 commands.o
 .bss           0x00000000006075c0        0x0 /home/born/DPDK-OVS/DPDK-1.6.0/build/lib/librte_cmdline.a(cmdline.o)
 .bss           0x00000000006075c0        0x0 /home/born/DPDK-OVS/DPDK-1.6.0/build/lib/librte_cmdline.a(cmdline_parse.o)
 .bss           0x00000000006075c0        0x0 /home/born/DPDK-OVS/DPDK-1.6.0/build/lib/librte_cmdline.a(cmdline_parse_num.o)
 .bss           0x00000000006075c0        0x0 /home/born/DPDK-OVS/DPDK-1.6.0/build/lib/librte_cmdline.a(cmdline_parse_string.o)
 .bss           0x00000000006075c0        0x0 /home/born/DPDK-OVS/DPDK-1.6.0/build/lib/librte_cmdline.a(cmdline_rdline.o)
 .bss           0x00000000006075c0        0x0 /home/born/DPDK-OVS/DPDK-1.6.0/build/lib/librte_cmdline.a(cmdline_vt100.o)
 .bss           0x00000000006075c0        0x0 /home/born/DPDK-OVS/DPDK-1.6.0/build/lib/librte_cmdline.a(cmdline_socket.o)
 .bss           0x00000000006075c0        0x0 /home/born/DPDK-OVS/DPDK-1.6.0/build/lib/librte_cmdline.a(cmdline_cirbuf.o)
 .bss           0x00000000006075c0        0x0 /usr/lib/x86_64-linux-gnu/libc_nonshared.a(elf-init.oS)
 .bss           0x00000000006075c0        0x0 /usr/lib/gcc/x86_64-linux-gnu/4.6/crtend.o
 .bss           0x00000000006075c0        0x0 /usr/lib/gcc/x86_64-linux-gnu/4.6/../../../x86_64-linux-gnu/crtn.o
 *(COMMON)
                0x00000000006075c0                . = ALIGN ((. != 0x0)?0x8:0x1)

.lbss
 *(.dynlbss)
 *(.lbss .lbss.* .gnu.linkonce.lb.*)
 *(LARGE_COMMON)
                0x00000000006075c0                . = ALIGN (0x8)

.lrodata
 *(.lrodata .lrodata.* .gnu.linkonce.lr.*)

.ldata          0x0000000000a075c0        0x0
 *(.ldata .ldata.* .gnu.linkonce.l.*)
                0x0000000000a075c0                . = ALIGN ((. != 0x0)?0x8:0x1)
                0x0000000000a075c0                . = ALIGN (0x8)
                0x0000000000a075c0                _end = .
                0x0000000000a075c0                PROVIDE (end, .)
                0x0000000000a075c0                . = DATA_SEGMENT_END (.)

.stab
 *(.stab)

.stabstr
 *(.stabstr)

.stab.excl
 *(.stab.excl)

.stab.exclstr
 *(.stab.exclstr)

.stab.index
 *(.stab.index)

.stab.indexstr
 *(.stab.indexstr)

.comment        0x0000000000000000       0x2a
 *(.comment)
 .comment       0x0000000000000000       0x2a /usr/lib/gcc/x86_64-linux-gnu/4.6/crtbegin.o
                                         0x2b (size before relaxing)
 .comment       0x0000000000000000       0x2b cmdline_test.o
 .comment       0x0000000000000000       0x2b commands.o
 .comment       0x0000000000000000       0x2b /home/born/DPDK-OVS/DPDK-1.6.0/build/lib/librte_cmdline.a(cmdline.o)
 .comment       0x0000000000000000       0x2b /home/born/DPDK-OVS/DPDK-1.6.0/build/lib/librte_cmdline.a(cmdline_parse.o)
 .comment       0x0000000000000000       0x2b /home/born/DPDK-OVS/DPDK-1.6.0/build/lib/librte_cmdline.a(cmdline_parse_num.o)
 .comment       0x0000000000000000       0x2b /home/born/DPDK-OVS/DPDK-1.6.0/build/lib/librte_cmdline.a(cmdline_parse_string.o)
 .comment       0x0000000000000000       0x2b /home/born/DPDK-OVS/DPDK-1.6.0/build/lib/librte_cmdline.a(cmdline_rdline.o)
 .comment       0x0000000000000000       0x2b /home/born/DPDK-OVS/DPDK-1.6.0/build/lib/librte_cmdline.a(cmdline_vt100.o)
 .comment       0x0000000000000000       0x2b /home/born/DPDK-OVS/DPDK-1.6.0/build/lib/librte_cmdline.a(cmdline_socket.o)
 .comment       0x0000000000000000       0x2b /home/born/DPDK-OVS/DPDK-1.6.0/build/lib/librte_cmdline.a(cmdline_cirbuf.o)
 .comment       0x0000000000000000       0x2b /usr/lib/x86_64-linux-gnu/libc_nonshared.a(elf-init.oS)
 .comment       0x0000000000000000       0x2b /usr/lib/gcc/x86_64-linux-gnu/4.6/crtend.o

.debug
 *(.debug)

.line
 *(.line)

.debug_srcinfo
 *(.debug_srcinfo)

.debug_sfnames
 *(.debug_sfnames)

.debug_aranges
 *(.debug_aranges)

.debug_pubnames
 *(.debug_pubnames)

.debug_info
 *(.debug_info .gnu.linkonce.wi.*)

.debug_abbrev
 *(.debug_abbrev)

.debug_line
 *(.debug_line)

.debug_frame
 *(.debug_frame)

.debug_str
 *(.debug_str)

.debug_loc
 *(.debug_loc)

.debug_macinfo
 *(.debug_macinfo)

.debug_weaknames
 *(.debug_weaknames)

.debug_funcnames
 *(.debug_funcnames)

.debug_typenames
 *(.debug_typenames)

.debug_varnames
 *(.debug_varnames)

.debug_pubtypes
 *(.debug_pubtypes)

.debug_ranges
 *(.debug_ranges)

.gnu.attributes
 *(.gnu.attributes)

/DISCARD/
 *(.note.GNU-stack)
 *(.gnu_debuglink)
 *(.gnu.lto_*)
OUTPUT(cmdline_test elf64-x86-64)

Cross Reference Table

Symbol                                            File
GLIBC_2.10                                        /lib/x86_64-linux-gnu/libc.so.6
GLIBC_2.11                                        /lib/x86_64-linux-gnu/libpthread.so.0
                                                  /lib/x86_64-linux-gnu/libc.so.6
GLIBC_2.12                                        /lib/x86_64-linux-gnu/libpthread.so.0
                                                  /lib/x86_64-linux-gnu/libc.so.6
GLIBC_2.13                                        /lib/x86_64-linux-gnu/libc.so.6
GLIBC_2.14                                        /lib/x86_64-linux-gnu/libc.so.6
GLIBC_2.15                                        /lib/x86_64-linux-gnu/libc.so.6
GLIBC_2.2.5                                       /lib/x86_64-linux-gnu/libpthread.so.0
                                                  /lib/x86_64-linux-gnu/ld-linux-x86-64.so.2
                                                  /lib/x86_64-linux-gnu/libc.so.6
GLIBC_2.2.6                                       /lib/x86_64-linux-gnu/libpthread.so.0
                                                  /lib/x86_64-linux-gnu/libc.so.6
GLIBC_2.3                                         /lib/x86_64-linux-gnu/libc.so.6
                                                  /lib/x86_64-linux-gnu/ld-linux-x86-64.so.2
GLIBC_2.3.2                                       /lib/x86_64-linux-gnu/libpthread.so.0
                                                  /lib/x86_64-linux-gnu/libc.so.6
GLIBC_2.3.3                                       /lib/x86_64-linux-gnu/libpthread.so.0
                                                  /lib/x86_64-linux-gnu/libc.so.6
GLIBC_2.3.4                                       /lib/x86_64-linux-gnu/libpthread.so.0
                                                  /lib/x86_64-linux-gnu/libc.so.6
GLIBC_2.4                                         /lib/x86_64-linux-gnu/libpthread.so.0
                                                  /lib/x86_64-linux-gnu/ld-linux-x86-64.so.2
                                                  /lib/x86_64-linux-gnu/libc.so.6
GLIBC_2.5                                         /lib/x86_64-linux-gnu/libc.so.6
GLIBC_2.6                                         /lib/x86_64-linux-gnu/libc.so.6
GLIBC_2.7                                         /lib/x86_64-linux-gnu/libc.so.6
GLIBC_2.8                                         /lib/x86_64-linux-gnu/libc.so.6
GLIBC_2.9                                         /lib/x86_64-linux-gnu/libc.so.6
GLIBC_PRIVATE                                     /lib/x86_64-linux-gnu/libpthread.so.0
                                                  /lib/x86_64-linux-gnu/ld-linux-x86-64.so.2
                                                  /lib/x86_64-linux-gnu/libc.so.6
_DYNAMIC                                          /usr/lib/gcc/x86_64-linux-gnu/4.6/../../../x86_64-linux-gnu/crt1.o
_Exit                                             /lib/x86_64-linux-gnu/libc.so.6
_Exit@@GLIBC_2.2.5                                /lib/x86_64-linux-gnu/libc.so.6
_Exit@GLIBC_2.2.5                                 /lib/x86_64-linux-gnu/libc.so.6
_GLOBAL_OFFSET_TABLE_                             /usr/lib/gcc/x86_64-linux-gnu/4.6/../../../x86_64-linux-gnu/crt1.o
                                                  /usr/lib/x86_64-linux-gnu/libc_nonshared.a(elf-init.oS)
                                                  /home/born/DPDK-OVS/DPDK-1.6.0/build/lib/librte_cmdline.a(cmdline_cirbuf.o)
                                                  /home/born/DPDK-OVS/DPDK-1.6.0/build/lib/librte_cmdline.a(cmdline_socket.o)
                                                  /home/born/DPDK-OVS/DPDK-1.6.0/build/lib/librte_cmdline.a(cmdline_vt100.o)
                                                  /home/born/DPDK-OVS/DPDK-1.6.0/build/lib/librte_cmdline.a(cmdline_rdline.o)
                                                  /home/born/DPDK-OVS/DPDK-1.6.0/build/lib/librte_cmdline.a(cmdline_parse_string.o)
                                                  /home/born/DPDK-OVS/DPDK-1.6.0/build/lib/librte_cmdline.a(cmdline_parse_num.o)
                                                  /home/born/DPDK-OVS/DPDK-1.6.0/build/lib/librte_cmdline.a(cmdline_parse.o)
                                                  /home/born/DPDK-OVS/DPDK-1.6.0/build/lib/librte_cmdline.a(cmdline.o)
                                                  commands.o
                                                  cmdline_test.o
                                                  /usr/lib/gcc/x86_64-linux-gnu/4.6/../../../x86_64-linux-gnu/crti.o
_IO_fprintf                                       /lib/x86_64-linux-gnu/libc.so.6
_IO_fprintf@@GLIBC_2.2.5                          /lib/x86_64-linux-gnu/libc.so.6
_IO_fprintf@GLIBC_2.2.5                           /lib/x86_64-linux-gnu/libc.so.6
_IO_stdin_used                                    /usr/lib/gcc/x86_64-linux-gnu/4.6/../../../x86_64-linux-gnu/crt1.o
_Jv_RegisterClasses                               /lib/x86_64-linux-gnu/libpthread.so.0
                                                  /usr/lib/gcc/x86_64-linux-gnu/4.6/crtbegin.o
__DTOR_END__                                      /usr/lib/gcc/x86_64-linux-gnu/4.6/crtend.o
                                                  /usr/lib/gcc/x86_64-linux-gnu/4.6/crtbegin.o
__after_morecore_hook                             /lib/x86_64-linux-gnu/libc.so.6
__after_morecore_hook@@GLIBC_2.2.5                /lib/x86_64-linux-gnu/libc.so.6
__after_morecore_hook@GLIBC_2.2.5                 /lib/x86_64-linux-gnu/libc.so.6
__close                                           /lib/x86_64-linux-gnu/libpthread.so.0
__close@@GLIBC_2.2.5                              /lib/x86_64-linux-gnu/libpthread.so.0
                                                  /lib/x86_64-linux-gnu/libc.so.6
__close@GLIBC_2.2.5                               /lib/x86_64-linux-gnu/libpthread.so.0
__connect                                         /lib/x86_64-linux-gnu/libpthread.so.0
__connect@@GLIBC_2.2.5                            /lib/x86_64-linux-gnu/libpthread.so.0
                                                  /lib/x86_64-linux-gnu/libc.so.6
__connect@GLIBC_2.2.5                             /lib/x86_64-linux-gnu/libpthread.so.0
__ctype_b_loc                                     /lib/x86_64-linux-gnu/libc.so.6
                                                  /home/born/DPDK-OVS/DPDK-1.6.0/build/lib/librte_cmdline.a(cmdline_rdline.o)
__ctype_b_loc@@GLIBC_2.3                          /lib/x86_64-linux-gnu/libc.so.6
__ctype_b_loc@GLIBC_2.3                           /lib/x86_64-linux-gnu/libc.so.6
__ctype_get_mb_cur_max                            /lib/x86_64-linux-gnu/libc.so.6
__ctype_get_mb_cur_max@@GLIBC_2.2.5               /lib/x86_64-linux-gnu/libc.so.6
__ctype_get_mb_cur_max@GLIBC_2.2.5                /lib/x86_64-linux-gnu/libc.so.6
__data_start                                      /usr/lib/gcc/x86_64-linux-gnu/4.6/../../../x86_64-linux-gnu/crt1.o
__dso_handle                                      /usr/lib/gcc/x86_64-linux-gnu/4.6/crtbegin.o
__errno_location                                  /lib/x86_64-linux-gnu/libpthread.so.0
                                                  /home/born/DPDK-OVS/DPDK-1.6.0/build/lib/librte_cmdline.a(cmdline_parse_string.o)
                                                  /home/born/DPDK-OVS/DPDK-1.6.0/build/lib/librte_cmdline.a(cmdline_parse_num.o)
                                                  /home/born/DPDK-OVS/DPDK-1.6.0/build/lib/librte_cmdline.a(cmdline_parse.o)
                                                  /home/born/DPDK-OVS/DPDK-1.6.0/build/lib/librte_cmdline.a(cmdline.o)
__errno_location@@GLIBC_2.2.5                     /lib/x86_64-linux-gnu/libpthread.so.0
                                                  /lib/x86_64-linux-gnu/libc.so.6
__errno_location@GLIBC_2.2.5                      /lib/x86_64-linux-gnu/libpthread.so.0
__fcntl                                           /lib/x86_64-linux-gnu/libpthread.so.0
__fcntl@@GLIBC_2.2.5                              /lib/x86_64-linux-gnu/libpthread.so.0
                                                  /lib/x86_64-linux-gnu/libc.so.6
__fcntl@GLIBC_2.2.5                               /lib/x86_64-linux-gnu/libpthread.so.0
__free_hook                                       /lib/x86_64-linux-gnu/libc.so.6
__free_hook@@GLIBC_2.2.5                          /lib/x86_64-linux-gnu/libc.so.6
__free_hook@GLIBC_2.2.5                           /lib/x86_64-linux-gnu/libc.so.6
__getdelim                                        /lib/x86_64-linux-gnu/libc.so.6
__getdelim@@GLIBC_2.2.5                           /lib/x86_64-linux-gnu/libc.so.6
__getdelim@GLIBC_2.2.5                            /lib/x86_64-linux-gnu/libc.so.6
                                                  /lib/x86_64-linux-gnu/libpthread.so.0
__gmon_start__                                    /usr/lib/gcc/x86_64-linux-gnu/4.6/../../../x86_64-linux-gnu/crti.o
__init_array_end                                  /usr/lib/x86_64-linux-gnu/libc_nonshared.a(elf-init.oS)
__init_array_start                                /usr/lib/x86_64-linux-gnu/libc_nonshared.a(elf-init.oS)
__isascii_l                                       /lib/x86_64-linux-gnu/libc.so.6
__isascii_l@@GLIBC_2.2.5                          /lib/x86_64-linux-gnu/libc.so.6
__isascii_l@GLIBC_2.2.5                           /lib/x86_64-linux-gnu/libc.so.6
__libc_csu_fini                                   /usr/lib/x86_64-linux-gnu/libc_nonshared.a(elf-init.oS)
                                                  /usr/lib/gcc/x86_64-linux-gnu/4.6/../../../x86_64-linux-gnu/crt1.o
__libc_csu_init                                   /usr/lib/x86_64-linux-gnu/libc_nonshared.a(elf-init.oS)
                                                  /usr/lib/gcc/x86_64-linux-gnu/4.6/../../../x86_64-linux-gnu/crt1.o
__libc_start_main                                 /lib/x86_64-linux-gnu/libc.so.6
                                                  /usr/lib/gcc/x86_64-linux-gnu/4.6/../../../x86_64-linux-gnu/crt1.o
__libc_start_main@@GLIBC_2.2.5                    /lib/x86_64-linux-gnu/libc.so.6
__libc_start_main@GLIBC_2.2.5                     /lib/x86_64-linux-gnu/libc.so.6
__lseek                                           /lib/x86_64-linux-gnu/libpthread.so.0
__lseek@@GLIBC_2.2.5                              /lib/x86_64-linux-gnu/libpthread.so.0
                                                  /lib/x86_64-linux-gnu/libc.so.6
__lseek@GLIBC_2.2.5                               /lib/x86_64-linux-gnu/libpthread.so.0
__malloc_hook                                     /lib/x86_64-linux-gnu/libc.so.6
__malloc_hook@@GLIBC_2.2.5                        /lib/x86_64-linux-gnu/libc.so.6
__malloc_hook@GLIBC_2.2.5                         /lib/x86_64-linux-gnu/libc.so.6
__malloc_initialize_hook                          /lib/x86_64-linux-gnu/libc.so.6
__malloc_initialize_hook@@GLIBC_2.2.5             /lib/x86_64-linux-gnu/libc.so.6
__malloc_initialize_hook@GLIBC_2.2.5              /lib/x86_64-linux-gnu/libc.so.6
__memalign_hook                                   /lib/x86_64-linux-gnu/libc.so.6
__memalign_hook@@GLIBC_2.2.5                      /lib/x86_64-linux-gnu/libc.so.6
__memalign_hook@GLIBC_2.2.5                       /lib/x86_64-linux-gnu/libc.so.6
__nanosleep                                       /lib/x86_64-linux-gnu/libpthread.so.0
__nanosleep@@GLIBC_2.2.6                          /lib/x86_64-linux-gnu/libpthread.so.0
                                                  /lib/x86_64-linux-gnu/libc.so.6
__nanosleep@GLIBC_2.2.6                           /lib/x86_64-linux-gnu/libpthread.so.0
__open                                            /lib/x86_64-linux-gnu/libpthread.so.0
__open64                                          /lib/x86_64-linux-gnu/libpthread.so.0
__open64@@GLIBC_2.2.5                             /lib/x86_64-linux-gnu/libpthread.so.0
                                                  /lib/x86_64-linux-gnu/libc.so.6
__open64@GLIBC_2.2.5                              /lib/x86_64-linux-gnu/libpthread.so.0
__open@@GLIBC_2.2.5                               /lib/x86_64-linux-gnu/libpthread.so.0
                                                  /lib/x86_64-linux-gnu/libc.so.6
__open@GLIBC_2.2.5                                /lib/x86_64-linux-gnu/libpthread.so.0
__openat64_2                                      /lib/x86_64-linux-gnu/libc.so.6
__openat64_2@@GLIBC_2.7                           /lib/x86_64-linux-gnu/libc.so.6
__openat64_2@GLIBC_2.7                            /lib/x86_64-linux-gnu/libc.so.6
__pread64                                         /lib/x86_64-linux-gnu/libpthread.so.0
__pread64@@GLIBC_2.2.5                            /lib/x86_64-linux-gnu/libpthread.so.0
                                                  /lib/x86_64-linux-gnu/libc.so.6
__pread64@GLIBC_2.2.5                             /lib/x86_64-linux-gnu/libpthread.so.0
__pwrite64                                        /lib/x86_64-linux-gnu/libpthread.so.0
__pwrite64@@GLIBC_2.2.5                           /lib/x86_64-linux-gnu/libpthread.so.0
                                                  /lib/x86_64-linux-gnu/libc.so.6
__pwrite64@GLIBC_2.2.5                            /lib/x86_64-linux-gnu/libpthread.so.0
__read                                            /lib/x86_64-linux-gnu/libpthread.so.0
__read@@GLIBC_2.2.5                               /lib/x86_64-linux-gnu/libpthread.so.0
                                                  /lib/x86_64-linux-gnu/libc.so.6
__read@GLIBC_2.2.5                                /lib/x86_64-linux-gnu/libpthread.so.0
__realloc_hook                                    /lib/x86_64-linux-gnu/libc.so.6
__realloc_hook@@GLIBC_2.2.5                       /lib/x86_64-linux-gnu/libc.so.6
__realloc_hook@GLIBC_2.2.5                        /lib/x86_64-linux-gnu/libc.so.6
__send                                            /lib/x86_64-linux-gnu/libpthread.so.0
__send@@GLIBC_2.2.5                               /lib/x86_64-linux-gnu/libpthread.so.0
                                                  /lib/x86_64-linux-gnu/libc.so.6
__send@GLIBC_2.2.5                                /lib/x86_64-linux-gnu/libpthread.so.0
__stack_chk_fail                                  /lib/x86_64-linux-gnu/libc.so.6
                                                  /home/born/DPDK-OVS/DPDK-1.6.0/build/lib/librte_cmdline.a(cmdline_socket.o)
                                                  /home/born/DPDK-OVS/DPDK-1.6.0/build/lib/librte_cmdline.a(cmdline_rdline.o)
                                                  /home/born/DPDK-OVS/DPDK-1.6.0/build/lib/librte_cmdline.a(cmdline_parse.o)
__stack_chk_fail@@GLIBC_2.4                       /lib/x86_64-linux-gnu/libc.so.6
__stack_chk_fail@GLIBC_2.4                        /lib/x86_64-linux-gnu/libc.so.6
__strtoll_l                                       /lib/x86_64-linux-gnu/libc.so.6
__strtoll_l@@GLIBC_2.2.5                          /lib/x86_64-linux-gnu/libc.so.6
__strtoll_l@GLIBC_2.2.5                           /lib/x86_64-linux-gnu/libc.so.6
__strtoull_l                                      /lib/x86_64-linux-gnu/libc.so.6
__strtoull_l@@GLIBC_2.2.5                         /lib/x86_64-linux-gnu/libc.so.6
__strtoull_l@GLIBC_2.2.5                          /lib/x86_64-linux-gnu/libc.so.6
__toascii_l                                       /lib/x86_64-linux-gnu/libc.so.6
__toascii_l@@GLIBC_2.2.5                          /lib/x86_64-linux-gnu/libc.so.6
__toascii_l@GLIBC_2.2.5                           /lib/x86_64-linux-gnu/libc.so.6
__vdprintf_chk                                    /lib/x86_64-linux-gnu/libc.so.6
                                                  /home/born/DPDK-OVS/DPDK-1.6.0/build/lib/librte_cmdline.a(cmdline.o)
__vdprintf_chk@@GLIBC_2.8                         /lib/x86_64-linux-gnu/libc.so.6
__vdprintf_chk@GLIBC_2.8                          /lib/x86_64-linux-gnu/libc.so.6
__vsnprintf                                       /lib/x86_64-linux-gnu/libc.so.6
__vsnprintf@@GLIBC_2.2.5                          /lib/x86_64-linux-gnu/libc.so.6
__vsnprintf@GLIBC_2.2.5                           /lib/x86_64-linux-gnu/libc.so.6
__vsnprintf_chk                                   /lib/x86_64-linux-gnu/libc.so.6
                                                  /home/born/DPDK-OVS/DPDK-1.6.0/build/lib/librte_cmdline.a(cmdline_parse_string.o)
                                                  /home/born/DPDK-OVS/DPDK-1.6.0/build/lib/librte_cmdline.a(cmdline_parse_num.o)
                                                  /home/born/DPDK-OVS/DPDK-1.6.0/build/lib/librte_cmdline.a(cmdline_parse.o)
                                                  /home/born/DPDK-OVS/DPDK-1.6.0/build/lib/librte_cmdline.a(cmdline.o)
__vsnprintf_chk@@GLIBC_2.3.4                      /lib/x86_64-linux-gnu/libc.so.6
__vsnprintf_chk@GLIBC_2.3.4                       /lib/x86_64-linux-gnu/libc.so.6
__vsscanf                                         /lib/x86_64-linux-gnu/libc.so.6
__vsscanf@@GLIBC_2.2.5                            /lib/x86_64-linux-gnu/libc.so.6
__vsscanf@GLIBC_2.2.5                             /lib/x86_64-linux-gnu/libc.so.6
__wait                                            /lib/x86_64-linux-gnu/libpthread.so.0
__wait@@GLIBC_2.2.5                               /lib/x86_64-linux-gnu/libpthread.so.0
                                                  /lib/x86_64-linux-gnu/libc.so.6
__wait@GLIBC_2.2.5                                /lib/x86_64-linux-gnu/libpthread.so.0
__waitpid                                         /lib/x86_64-linux-gnu/libc.so.6
__waitpid@@GLIBC_2.2.5                            /lib/x86_64-linux-gnu/libc.so.6
__waitpid@GLIBC_2.2.5                             /lib/x86_64-linux-gnu/libc.so.6
__wcstoll_l                                       /lib/x86_64-linux-gnu/libc.so.6
__wcstoll_l@@GLIBC_2.2.5                          /lib/x86_64-linux-gnu/libc.so.6
__wcstoll_l@GLIBC_2.2.5                           /lib/x86_64-linux-gnu/libc.so.6
__wcstoull_l                                      /lib/x86_64-linux-gnu/libc.so.6
__wcstoull_l@@GLIBC_2.2.5                         /lib/x86_64-linux-gnu/libc.so.6
__wcstoull_l@GLIBC_2.2.5                          /lib/x86_64-linux-gnu/libc.so.6
__write                                           /lib/x86_64-linux-gnu/libpthread.so.0
__write@@GLIBC_2.2.5                              /lib/x86_64-linux-gnu/libpthread.so.0
                                                  /lib/x86_64-linux-gnu/libc.so.6
__write@GLIBC_2.2.5                               /lib/x86_64-linux-gnu/libpthread.so.0
__xpg_sigpause                                    /lib/x86_64-linux-gnu/libc.so.6
__xpg_sigpause@@GLIBC_2.2.5                       /lib/x86_64-linux-gnu/libc.so.6
__xpg_sigpause@GLIBC_2.2.5                        /lib/x86_64-linux-gnu/libc.so.6
_dl_starting_up                                   /lib/x86_64-linux-gnu/libc.so.6
_environ                                          /lib/x86_64-linux-gnu/libc.so.6
_environ@@GLIBC_2.2.5                             /lib/x86_64-linux-gnu/libc.so.6
_environ@GLIBC_2.2.5                              /lib/x86_64-linux-gnu/libc.so.6
_fini                                             /usr/lib/gcc/x86_64-linux-gnu/4.6/../../../x86_64-linux-gnu/crti.o
_flushlbf                                         /lib/x86_64-linux-gnu/libc.so.6
_flushlbf@@GLIBC_2.2.5                            /lib/x86_64-linux-gnu/libc.so.6
_flushlbf@GLIBC_2.2.5                             /lib/x86_64-linux-gnu/libc.so.6
_init                                             /usr/lib/gcc/x86_64-linux-gnu/4.6/../../../x86_64-linux-gnu/crti.o
                                                  /usr/lib/x86_64-linux-gnu/libc_nonshared.a(elf-init.oS)
_longjmp                                          /lib/x86_64-linux-gnu/libc.so.6
_longjmp@@GLIBC_2.2.5                             /lib/x86_64-linux-gnu/libc.so.6
_longjmp@GLIBC_2.2.5                              /lib/x86_64-linux-gnu/libc.so.6
_start                                            /usr/lib/gcc/x86_64-linux-gnu/4.6/../../../x86_64-linux-gnu/crt1.o
accept                                            /lib/x86_64-linux-gnu/libpthread.so.0
accept@@GLIBC_2.2.5                               /lib/x86_64-linux-gnu/libpthread.so.0
                                                  /lib/x86_64-linux-gnu/libc.so.6
accept@GLIBC_2.2.5                                /lib/x86_64-linux-gnu/libpthread.so.0
access                                            /lib/x86_64-linux-gnu/libc.so.6
access@@GLIBC_2.2.5                               /lib/x86_64-linux-gnu/libc.so.6
access@GLIBC_2.2.5                                /lib/x86_64-linux-gnu/libc.so.6
addmntent                                         /lib/x86_64-linux-gnu/libc.so.6
addmntent@@GLIBC_2.2.5                            /lib/x86_64-linux-gnu/libc.so.6
addmntent@GLIBC_2.2.5                             /lib/x86_64-linux-gnu/libc.so.6
adjtime                                           /lib/x86_64-linux-gnu/libc.so.6
adjtime@@GLIBC_2.2.5                              /lib/x86_64-linux-gnu/libc.so.6
adjtime@GLIBC_2.2.5                               /lib/x86_64-linux-gnu/libc.so.6
adjtimex                                          /lib/x86_64-linux-gnu/libc.so.6
adjtimex@@GLIBC_2.2.5                             /lib/x86_64-linux-gnu/libc.so.6
adjtimex@GLIBC_2.2.5                              /lib/x86_64-linux-gnu/libc.so.6
advance                                           /lib/x86_64-linux-gnu/libc.so.6
advance@@GLIBC_2.2.5                              /lib/x86_64-linux-gnu/libc.so.6
advance@GLIBC_2.2.5                               /lib/x86_64-linux-gnu/libc.so.6
alphasort64                                       /lib/x86_64-linux-gnu/libc.so.6
alphasort64@@GLIBC_2.2.5                          /lib/x86_64-linux-gnu/libc.so.6
alphasort64@GLIBC_2.2.5                           /lib/x86_64-linux-gnu/libc.so.6
arch_prctl                                        /lib/x86_64-linux-gnu/libc.so.6
arch_prctl@@GLIBC_2.2.5                           /lib/x86_64-linux-gnu/libc.so.6
arch_prctl@GLIBC_2.2.5                            /lib/x86_64-linux-gnu/libc.so.6
argp_error                                        /lib/x86_64-linux-gnu/libc.so.6
argp_error@@GLIBC_2.2.5                           /lib/x86_64-linux-gnu/libc.so.6
argp_error@GLIBC_2.2.5                            /lib/x86_64-linux-gnu/libc.so.6
argp_failure                                      /lib/x86_64-linux-gnu/libc.so.6
argp_failure@@GLIBC_2.2.5                         /lib/x86_64-linux-gnu/libc.so.6
argp_failure@GLIBC_2.2.5                          /lib/x86_64-linux-gnu/libc.so.6
argp_help                                         /lib/x86_64-linux-gnu/libc.so.6
argp_help@@GLIBC_2.2.5                            /lib/x86_64-linux-gnu/libc.so.6
argp_help@GLIBC_2.2.5                             /lib/x86_64-linux-gnu/libc.so.6
argp_parse                                        /lib/x86_64-linux-gnu/libc.so.6
argp_parse@@GLIBC_2.2.5                           /lib/x86_64-linux-gnu/libc.so.6
argp_parse@GLIBC_2.2.5                            /lib/x86_64-linux-gnu/libc.so.6
argp_state_help                                   /lib/x86_64-linux-gnu/libc.so.6
argp_state_help@@GLIBC_2.2.5                      /lib/x86_64-linux-gnu/libc.so.6
argp_state_help@GLIBC_2.2.5                       /lib/x86_64-linux-gnu/libc.so.6
argp_usage                                        /lib/x86_64-linux-gnu/libc.so.6
argp_usage@@GLIBC_2.2.5                           /lib/x86_64-linux-gnu/libc.so.6
argp_usage@GLIBC_2.2.5                            /lib/x86_64-linux-gnu/libc.so.6
argz_add                                          /lib/x86_64-linux-gnu/libc.so.6
argz_add@@GLIBC_2.2.5                             /lib/x86_64-linux-gnu/libc.so.6
argz_add@GLIBC_2.2.5                              /lib/x86_64-linux-gnu/libc.so.6
argz_add_sep                                      /lib/x86_64-linux-gnu/libc.so.6
argz_add_sep@@GLIBC_2.2.5                         /lib/x86_64-linux-gnu/libc.so.6
argz_add_sep@GLIBC_2.2.5                          /lib/x86_64-linux-gnu/libc.so.6
argz_append                                       /lib/x86_64-linux-gnu/libc.so.6
argz_append@@GLIBC_2.2.5                          /lib/x86_64-linux-gnu/libc.so.6
argz_append@GLIBC_2.2.5                           /lib/x86_64-linux-gnu/libc.so.6
argz_count                                        /lib/x86_64-linux-gnu/libc.so.6
argz_count@@GLIBC_2.2.5                           /lib/x86_64-linux-gnu/libc.so.6
argz_count@GLIBC_2.2.5                            /lib/x86_64-linux-gnu/libc.so.6
argz_create                                       /lib/x86_64-linux-gnu/libc.so.6
argz_create@@GLIBC_2.2.5                          /lib/x86_64-linux-gnu/libc.so.6
argz_create@GLIBC_2.2.5                           /lib/x86_64-linux-gnu/libc.so.6
argz_create_sep                                   /lib/x86_64-linux-gnu/libc.so.6
argz_create_sep@@GLIBC_2.2.5                      /lib/x86_64-linux-gnu/libc.so.6
argz_create_sep@GLIBC_2.2.5                       /lib/x86_64-linux-gnu/libc.so.6
argz_extract                                      /lib/x86_64-linux-gnu/libc.so.6
argz_extract@@GLIBC_2.2.5                         /lib/x86_64-linux-gnu/libc.so.6
argz_extract@GLIBC_2.2.5                          /lib/x86_64-linux-gnu/libc.so.6
argz_insert                                       /lib/x86_64-linux-gnu/libc.so.6
argz_insert@@GLIBC_2.2.5                          /lib/x86_64-linux-gnu/libc.so.6
argz_insert@GLIBC_2.2.5                           /lib/x86_64-linux-gnu/libc.so.6
argz_next                                         /lib/x86_64-linux-gnu/libc.so.6
argz_next@@GLIBC_2.2.5                            /lib/x86_64-linux-gnu/libc.so.6
argz_next@GLIBC_2.2.5                             /lib/x86_64-linux-gnu/libc.so.6
argz_replace                                      /lib/x86_64-linux-gnu/libc.so.6
argz_replace@@GLIBC_2.2.5                         /lib/x86_64-linux-gnu/libc.so.6
argz_replace@GLIBC_2.2.5                          /lib/x86_64-linux-gnu/libc.so.6
argz_stringify                                    /lib/x86_64-linux-gnu/libc.so.6
argz_stringify@@GLIBC_2.2.5                       /lib/x86_64-linux-gnu/libc.so.6
argz_stringify@GLIBC_2.2.5                        /lib/x86_64-linux-gnu/libc.so.6
asctime_r                                         /lib/x86_64-linux-gnu/libc.so.6
asctime_r@@GLIBC_2.2.5                            /lib/x86_64-linux-gnu/libc.so.6
asctime_r@GLIBC_2.2.5                             /lib/x86_64-linux-gnu/libc.so.6
asprintf                                          /lib/x86_64-linux-gnu/libc.so.6
asprintf@@GLIBC_2.2.5                             /lib/x86_64-linux-gnu/libc.so.6
asprintf@GLIBC_2.2.5                              /lib/x86_64-linux-gnu/libc.so.6
backtrace                                         /lib/x86_64-linux-gnu/libc.so.6
backtrace@@GLIBC_2.2.5                            /lib/x86_64-linux-gnu/libc.so.6
backtrace@GLIBC_2.2.5                             /lib/x86_64-linux-gnu/libc.so.6
backtrace_symbols                                 /lib/x86_64-linux-gnu/libc.so.6
backtrace_symbols@@GLIBC_2.2.5                    /lib/x86_64-linux-gnu/libc.so.6
backtrace_symbols@GLIBC_2.2.5                     /lib/x86_64-linux-gnu/libc.so.6
backtrace_symbols_fd                              /lib/x86_64-linux-gnu/libc.so.6
backtrace_symbols_fd@@GLIBC_2.2.5                 /lib/x86_64-linux-gnu/libc.so.6
backtrace_symbols_fd@GLIBC_2.2.5                  /lib/x86_64-linux-gnu/libc.so.6
bcmp                                              /lib/x86_64-linux-gnu/libc.so.6
bcmp@@GLIBC_2.2.5                                 /lib/x86_64-linux-gnu/libc.so.6
bcmp@GLIBC_2.2.5                                  /lib/x86_64-linux-gnu/libc.so.6
bdflush                                           /lib/x86_64-linux-gnu/libc.so.6
bdflush@@GLIBC_2.2.5                              /lib/x86_64-linux-gnu/libc.so.6
bdflush@GLIBC_2.2.5                               /lib/x86_64-linux-gnu/libc.so.6
bind                                              /lib/x86_64-linux-gnu/libc.so.6
bind@@GLIBC_2.2.5                                 /lib/x86_64-linux-gnu/libc.so.6
bind@GLIBC_2.2.5                                  /lib/x86_64-linux-gnu/libc.so.6
bind_textdomain_codeset                           /lib/x86_64-linux-gnu/libc.so.6
bind_textdomain_codeset@@GLIBC_2.2.5              /lib/x86_64-linux-gnu/libc.so.6
bind_textdomain_codeset@GLIBC_2.2.5               /lib/x86_64-linux-gnu/libc.so.6
bindtextdomain                                    /lib/x86_64-linux-gnu/libc.so.6
bindtextdomain@@GLIBC_2.2.5                       /lib/x86_64-linux-gnu/libc.so.6
bindtextdomain@GLIBC_2.2.5                        /lib/x86_64-linux-gnu/libc.so.6
brk                                               /lib/x86_64-linux-gnu/libc.so.6
brk@@GLIBC_2.2.5                                  /lib/x86_64-linux-gnu/libc.so.6
brk@GLIBC_2.2.5                                   /lib/x86_64-linux-gnu/libc.so.6
bsd_signal                                        /lib/x86_64-linux-gnu/libc.so.6
bsd_signal@@GLIBC_2.2.5                           /lib/x86_64-linux-gnu/libc.so.6
bsd_signal@GLIBC_2.2.5                            /lib/x86_64-linux-gnu/libc.so.6
btowc                                             /lib/x86_64-linux-gnu/libc.so.6
btowc@@GLIBC_2.2.5                                /lib/x86_64-linux-gnu/libc.so.6
btowc@GLIBC_2.2.5                                 /lib/x86_64-linux-gnu/libc.so.6
bzero                                             /lib/x86_64-linux-gnu/libc.so.6
bzero@@GLIBC_2.2.5                                /lib/x86_64-linux-gnu/libc.so.6
bzero@GLIBC_2.2.5                                 /lib/x86_64-linux-gnu/libc.so.6
calloc                                            /lib/x86_64-linux-gnu/libc.so.6
calloc@@GLIBC_2.2.5                               /lib/x86_64-linux-gnu/libc.so.6
                                                  /lib/x86_64-linux-gnu/ld-linux-x86-64.so.2
calloc@GLIBC_2.2.5                                /lib/x86_64-linux-gnu/libc.so.6
                                                  /lib/x86_64-linux-gnu/libpthread.so.0
canonicalize_file_name                            /lib/x86_64-linux-gnu/libc.so.6
canonicalize_file_name@@GLIBC_2.2.5               /lib/x86_64-linux-gnu/libc.so.6
canonicalize_file_name@GLIBC_2.2.5                /lib/x86_64-linux-gnu/libc.so.6
cfree                                             /lib/x86_64-linux-gnu/libc.so.6
cfree@@GLIBC_2.2.5                                /lib/x86_64-linux-gnu/libc.so.6
cfree@GLIBC_2.2.5                                 /lib/x86_64-linux-gnu/libc.so.6
chdir                                             /lib/x86_64-linux-gnu/libc.so.6
chdir@@GLIBC_2.2.5                                /lib/x86_64-linux-gnu/libc.so.6
chdir@GLIBC_2.2.5                                 /lib/x86_64-linux-gnu/libc.so.6
chmod                                             /lib/x86_64-linux-gnu/libc.so.6
chmod@@GLIBC_2.2.5                                /lib/x86_64-linux-gnu/libc.so.6
chmod@GLIBC_2.2.5                                 /lib/x86_64-linux-gnu/libc.so.6
chown                                             /lib/x86_64-linux-gnu/libc.so.6
chown@@GLIBC_2.2.5                                /lib/x86_64-linux-gnu/libc.so.6
chown@GLIBC_2.2.5                                 /lib/x86_64-linux-gnu/libc.so.6
cirbuf_add_buf_head                               /home/born/DPDK-OVS/DPDK-1.6.0/build/lib/librte_cmdline.a(cmdline_cirbuf.o)
cirbuf_add_buf_tail                               /home/born/DPDK-OVS/DPDK-1.6.0/build/lib/librte_cmdline.a(cmdline_cirbuf.o)
                                                  /home/born/DPDK-OVS/DPDK-1.6.0/build/lib/librte_cmdline.a(cmdline_rdline.o)
cirbuf_add_head                                   /home/born/DPDK-OVS/DPDK-1.6.0/build/lib/librte_cmdline.a(cmdline_cirbuf.o)
                                                  /home/born/DPDK-OVS/DPDK-1.6.0/build/lib/librte_cmdline.a(cmdline_rdline.o)
cirbuf_add_head_safe                              /home/born/DPDK-OVS/DPDK-1.6.0/build/lib/librte_cmdline.a(cmdline_cirbuf.o)
cirbuf_add_tail                                   /home/born/DPDK-OVS/DPDK-1.6.0/build/lib/librte_cmdline.a(cmdline_cirbuf.o)
                                                  /home/born/DPDK-OVS/DPDK-1.6.0/build/lib/librte_cmdline.a(cmdline_rdline.o)
cirbuf_add_tail_safe                              /home/born/DPDK-OVS/DPDK-1.6.0/build/lib/librte_cmdline.a(cmdline_cirbuf.o)
                                                  /home/born/DPDK-OVS/DPDK-1.6.0/build/lib/librte_cmdline.a(cmdline_rdline.o)
cirbuf_align_left                                 /home/born/DPDK-OVS/DPDK-1.6.0/build/lib/librte_cmdline.a(cmdline_cirbuf.o)
                                                  /home/born/DPDK-OVS/DPDK-1.6.0/build/lib/librte_cmdline.a(cmdline_rdline.o)
cirbuf_align_right                                /home/born/DPDK-OVS/DPDK-1.6.0/build/lib/librte_cmdline.a(cmdline_cirbuf.o)
cirbuf_del_buf_head                               /home/born/DPDK-OVS/DPDK-1.6.0/build/lib/librte_cmdline.a(cmdline_cirbuf.o)
                                                  /home/born/DPDK-OVS/DPDK-1.6.0/build/lib/librte_cmdline.a(cmdline_rdline.o)
cirbuf_del_buf_tail                               /home/born/DPDK-OVS/DPDK-1.6.0/build/lib/librte_cmdline.a(cmdline_cirbuf.o)
cirbuf_del_head                                   /home/born/DPDK-OVS/DPDK-1.6.0/build/lib/librte_cmdline.a(cmdline_cirbuf.o)
                                                  /home/born/DPDK-OVS/DPDK-1.6.0/build/lib/librte_cmdline.a(cmdline_rdline.o)
cirbuf_del_head_safe                              /home/born/DPDK-OVS/DPDK-1.6.0/build/lib/librte_cmdline.a(cmdline_cirbuf.o)
                                                  /home/born/DPDK-OVS/DPDK-1.6.0/build/lib/librte_cmdline.a(cmdline_rdline.o)
cirbuf_del_tail                                   /home/born/DPDK-OVS/DPDK-1.6.0/build/lib/librte_cmdline.a(cmdline_cirbuf.o)
                                                  /home/born/DPDK-OVS/DPDK-1.6.0/build/lib/librte_cmdline.a(cmdline_rdline.o)
cirbuf_del_tail_safe                              /home/born/DPDK-OVS/DPDK-1.6.0/build/lib/librte_cmdline.a(cmdline_cirbuf.o)
                                                  /home/born/DPDK-OVS/DPDK-1.6.0/build/lib/librte_cmdline.a(cmdline_rdline.o)
cirbuf_get_buf_head                               /home/born/DPDK-OVS/DPDK-1.6.0/build/lib/librte_cmdline.a(cmdline_cirbuf.o)
                                                  /home/born/DPDK-OVS/DPDK-1.6.0/build/lib/librte_cmdline.a(cmdline_rdline.o)
cirbuf_get_buf_tail                               /home/born/DPDK-OVS/DPDK-1.6.0/build/lib/librte_cmdline.a(cmdline_cirbuf.o)
cirbuf_get_head                                   /home/born/DPDK-OVS/DPDK-1.6.0/build/lib/librte_cmdline.a(cmdline_cirbuf.o)
                                                  /home/born/DPDK-OVS/DPDK-1.6.0/build/lib/librte_cmdline.a(cmdline_rdline.o)
cirbuf_get_tail                                   /home/born/DPDK-OVS/DPDK-1.6.0/build/lib/librte_cmdline.a(cmdline_cirbuf.o)
                                                  /home/born/DPDK-OVS/DPDK-1.6.0/build/lib/librte_cmdline.a(cmdline_rdline.o)
cirbuf_init                                       /home/born/DPDK-OVS/DPDK-1.6.0/build/lib/librte_cmdline.a(cmdline_cirbuf.o)
                                                  /home/born/DPDK-OVS/DPDK-1.6.0/build/lib/librte_cmdline.a(cmdline_rdline.o)
clearenv                                          /lib/x86_64-linux-gnu/libc.so.6
clearenv@@GLIBC_2.2.5                             /lib/x86_64-linux-gnu/libc.so.6
clearenv@GLIBC_2.2.5                              /lib/x86_64-linux-gnu/libc.so.6
clone                                             /lib/x86_64-linux-gnu/libc.so.6
clone@@GLIBC_2.2.5                                /lib/x86_64-linux-gnu/libc.so.6
clone@GLIBC_2.2.5                                 /lib/x86_64-linux-gnu/libc.so.6
close                                             /lib/x86_64-linux-gnu/libpthread.so.0
                                                  /home/born/DPDK-OVS/DPDK-1.6.0/build/lib/librte_cmdline.a(cmdline.o)
close@@GLIBC_2.2.5                                /lib/x86_64-linux-gnu/libpthread.so.0
                                                  /lib/x86_64-linux-gnu/libc.so.6
close@GLIBC_2.2.5                                 /lib/x86_64-linux-gnu/libpthread.so.0
closedir                                          /lib/x86_64-linux-gnu/libc.so.6
closedir@@GLIBC_2.2.5                             /lib/x86_64-linux-gnu/libc.so.6
closedir@GLIBC_2.2.5                              /lib/x86_64-linux-gnu/libc.so.6
cmd_ambig_1                                       commands.o
cmd_ambig_2                                       commands.o
cmd_ambig_ambig_1                                 commands.o
cmd_ambig_ambig_2                                 commands.o
cmd_ambig_common_1                                commands.o
cmd_ambig_common_2                                commands.o
cmd_autocomplete_1                                commands.o
cmd_autocomplete_1_tok                            commands.o
cmd_autocomplete_2                                commands.o
cmd_autocomplete_2_tok                            commands.o
cmd_clear_history                                 commands.o
cmd_clear_history_tok                             commands.o
cmd_get_history_bufsize                           commands.o
cmd_get_history_bufsize_tok                       commands.o
cmd_num                                           commands.o
cmd_num_tok                                       commands.o
cmd_quit                                          commands.o
cmd_quit_tok                                      commands.o
cmd_single                                        commands.o
cmd_single_long                                   commands.o
cmd_single_long_tok                               commands.o
cmd_single_tok                                    commands.o
cmdline_complete                                  /home/born/DPDK-OVS/DPDK-1.6.0/build/lib/librte_cmdline.a(cmdline_parse.o)
                                                  /home/born/DPDK-OVS/DPDK-1.6.0/build/lib/librte_cmdline.a(cmdline.o)
cmdline_complete_get_elt_string                   /home/born/DPDK-OVS/DPDK-1.6.0/build/lib/librte_cmdline.a(cmdline_parse_string.o)
cmdline_complete_get_nb_string                    /home/born/DPDK-OVS/DPDK-1.6.0/build/lib/librte_cmdline.a(cmdline_parse_string.o)
cmdline_file_new                                  /home/born/DPDK-OVS/DPDK-1.6.0/build/lib/librte_cmdline.a(cmdline_socket.o)
cmdline_free                                      /home/born/DPDK-OVS/DPDK-1.6.0/build/lib/librte_cmdline.a(cmdline.o)
cmdline_get_help_num                              /home/born/DPDK-OVS/DPDK-1.6.0/build/lib/librte_cmdline.a(cmdline_parse_num.o)
cmdline_get_help_string                           /home/born/DPDK-OVS/DPDK-1.6.0/build/lib/librte_cmdline.a(cmdline_parse_string.o)
cmdline_in                                        /home/born/DPDK-OVS/DPDK-1.6.0/build/lib/librte_cmdline.a(cmdline.o)
cmdline_interact                                  /home/born/DPDK-OVS/DPDK-1.6.0/build/lib/librte_cmdline.a(cmdline.o)
                                                  cmdline_test.o
cmdline_isendoftoken                              /home/born/DPDK-OVS/DPDK-1.6.0/build/lib/librte_cmdline.a(cmdline_parse.o)
                                                  /home/born/DPDK-OVS/DPDK-1.6.0/build/lib/librte_cmdline.a(cmdline_parse_string.o)
                                                  /home/born/DPDK-OVS/DPDK-1.6.0/build/lib/librte_cmdline.a(cmdline_parse_num.o)
cmdline_new                                       /home/born/DPDK-OVS/DPDK-1.6.0/build/lib/librte_cmdline.a(cmdline.o)
                                                  /home/born/DPDK-OVS/DPDK-1.6.0/build/lib/librte_cmdline.a(cmdline_socket.o)
cmdline_parse                                     /home/born/DPDK-OVS/DPDK-1.6.0/build/lib/librte_cmdline.a(cmdline_parse.o)
                                                  /home/born/DPDK-OVS/DPDK-1.6.0/build/lib/librte_cmdline.a(cmdline.o)
cmdline_parse_num                                 /home/born/DPDK-OVS/DPDK-1.6.0/build/lib/librte_cmdline.a(cmdline_parse_num.o)
cmdline_parse_string                              /home/born/DPDK-OVS/DPDK-1.6.0/build/lib/librte_cmdline.a(cmdline_parse_string.o)
cmdline_printf                                    /home/born/DPDK-OVS/DPDK-1.6.0/build/lib/librte_cmdline.a(cmdline.o)
                                                  commands.o
cmdline_quit                                      /home/born/DPDK-OVS/DPDK-1.6.0/build/lib/librte_cmdline.a(cmdline.o)
                                                  commands.o
cmdline_set_prompt                                /home/born/DPDK-OVS/DPDK-1.6.0/build/lib/librte_cmdline.a(cmdline.o)
cmdline_stdin_exit                                /home/born/DPDK-OVS/DPDK-1.6.0/build/lib/librte_cmdline.a(cmdline_socket.o)
                                                  cmdline_test.o
cmdline_stdin_new                                 /home/born/DPDK-OVS/DPDK-1.6.0/build/lib/librte_cmdline.a(cmdline_socket.o)
                                                  cmdline_test.o
cmdline_token_num_ops                             /home/born/DPDK-OVS/DPDK-1.6.0/build/lib/librte_cmdline.a(cmdline_parse_num.o)
                                                  commands.o
cmdline_token_string_ops                          /home/born/DPDK-OVS/DPDK-1.6.0/build/lib/librte_cmdline.a(cmdline_parse_string.o)
                                                  commands.o
cmdline_vt100_commands                            /home/born/DPDK-OVS/DPDK-1.6.0/build/lib/librte_cmdline.a(cmdline_vt100.o)
cmdline_write_char                                /home/born/DPDK-OVS/DPDK-1.6.0/build/lib/librte_cmdline.a(cmdline.o)
connect                                           /lib/x86_64-linux-gnu/libpthread.so.0
connect@@GLIBC_2.2.5                              /lib/x86_64-linux-gnu/libpthread.so.0
                                                  /lib/x86_64-linux-gnu/libc.so.6
[...]
truncate64                                        /lib/x86_64-linux-gnu/libc.so.6
truncate64@@GLIBC_2.2.5                           /lib/x86_64-linux-gnu/libc.so.6
truncate64@GLIBC_2.2.5                            /lib/x86_64-linux-gnu/libc.so.6
tsearch                                           /lib/x86_64-linux-gnu/libc.so.6
tsearch@@GLIBC_2.2.5                              /lib/x86_64-linux-gnu/libc.so.6
tsearch@GLIBC_2.2.5                               /lib/x86_64-linux-gnu/libc.so.6
                                                  /lib/x86_64-linux-gnu/libpthread.so.0
ttyname_r                                         /lib/x86_64-linux-gnu/libc.so.6
ttyname_r@@GLIBC_2.2.5                            /lib/x86_64-linux-gnu/libc.so.6
ttyname_r@GLIBC_2.2.5                             /lib/x86_64-linux-gnu/libc.so.6
twalk                                             /lib/x86_64-linux-gnu/libc.so.6
twalk@@GLIBC_2.2.5                                /lib/x86_64-linux-gnu/libc.so.6
twalk@GLIBC_2.2.5                                 /lib/x86_64-linux-gnu/libc.so.6
                                                  /lib/x86_64-linux-gnu/libpthread.so.0
tzname                                            /lib/x86_64-linux-gnu/libc.so.6
tzname@@GLIBC_2.2.5                               /lib/x86_64-linux-gnu/libc.so.6
tzname@GLIBC_2.2.5                                /lib/x86_64-linux-gnu/libc.so.6
tzset                                             /lib/x86_64-linux-gnu/libc.so.6
tzset@@GLIBC_2.2.5                                /lib/x86_64-linux-gnu/libc.so.6
tzset@GLIBC_2.2.5                                 /lib/x86_64-linux-gnu/libc.so.6
ulckpwdf                                          /lib/x86_64-linux-gnu/libc.so.6
ulckpwdf@@GLIBC_2.2.5                             /lib/x86_64-linux-gnu/libc.so.6
ulckpwdf@GLIBC_2.2.5                              /lib/x86_64-linux-gnu/libc.so.6
ulimit                                            /lib/x86_64-linux-gnu/libc.so.6
ulimit@@GLIBC_2.2.5                               /lib/x86_64-linux-gnu/libc.so.6
ulimit@GLIBC_2.2.5                                /lib/x86_64-linux-gnu/libc.so.6
umask                                             /lib/x86_64-linux-gnu/libc.so.6
umask@@GLIBC_2.2.5                                /lib/x86_64-linux-gnu/libc.so.6
umask@GLIBC_2.2.5                                 /lib/x86_64-linux-gnu/libc.so.6
umount                                            /lib/x86_64-linux-gnu/libc.so.6
umount2                                           /lib/x86_64-linux-gnu/libc.so.6
umount2@@GLIBC_2.2.5                              /lib/x86_64-linux-gnu/libc.so.6
umount2@GLIBC_2.2.5                               /lib/x86_64-linux-gnu/libc.so.6
umount@@GLIBC_2.2.5                               /lib/x86_64-linux-gnu/libc.so.6
umount@GLIBC_2.2.5                                /lib/x86_64-linux-gnu/libc.so.6
uname                                             /lib/x86_64-linux-gnu/libc.so.6
uname@@GLIBC_2.2.5                                /lib/x86_64-linux-gnu/libc.so.6
uname@GLIBC_2.2.5                                 /lib/x86_64-linux-gnu/libc.so.6
ungetc                                            /lib/x86_64-linux-gnu/libc.so.6
ungetc@@GLIBC_2.2.5                               /lib/x86_64-linux-gnu/libc.so.6
ungetc@GLIBC_2.2.5                                /lib/x86_64-linux-gnu/libc.so.6
unlink                                            /lib/x86_64-linux-gnu/libc.so.6
unlink@@GLIBC_2.2.5                               /lib/x86_64-linux-gnu/libc.so.6
unlink@GLIBC_2.2.5                                /lib/x86_64-linux-gnu/libc.so.6
                                                  /lib/x86_64-linux-gnu/libpthread.so.0
unsetenv                                          /lib/x86_64-linux-gnu/libc.so.6
unsetenv@@GLIBC_2.2.5                             /lib/x86_64-linux-gnu/libc.so.6
unsetenv@GLIBC_2.2.5                              /lib/x86_64-linux-gnu/libc.so.6
updwtmp                                           /lib/x86_64-linux-gnu/libc.so.6
updwtmp@@GLIBC_2.2.5                              /lib/x86_64-linux-gnu/libc.so.6
updwtmp@GLIBC_2.2.5                               /lib/x86_64-linux-gnu/libc.so.6
uselocale                                         /lib/x86_64-linux-gnu/libc.so.6
uselocale@@GLIBC_2.3                              /lib/x86_64-linux-gnu/libc.so.6
uselocale@GLIBC_2.3                               /lib/x86_64-linux-gnu/libc.so.6
utimes                                            /lib/x86_64-linux-gnu/libc.so.6
utimes@@GLIBC_2.2.5                               /lib/x86_64-linux-gnu/libc.so.6
utimes@GLIBC_2.2.5                                /lib/x86_64-linux-gnu/libc.so.6
utmpname                                          /lib/x86_64-linux-gnu/libc.so.6
utmpname@@GLIBC_2.2.5                             /lib/x86_64-linux-gnu/libc.so.6
utmpname@GLIBC_2.2.5                              /lib/x86_64-linux-gnu/libc.so.6
valloc                                            /lib/x86_64-linux-gnu/libc.so.6
valloc@@GLIBC_2.2.5                               /lib/x86_64-linux-gnu/libc.so.6
valloc@GLIBC_2.2.5                                /lib/x86_64-linux-gnu/libc.so.6
vasprintf                                         /lib/x86_64-linux-gnu/libc.so.6
vasprintf@@GLIBC_2.2.5                            /lib/x86_64-linux-gnu/libc.so.6
vasprintf@GLIBC_2.2.5                             /lib/x86_64-linux-gnu/libc.so.6
vdprintf                                          /lib/x86_64-linux-gnu/libc.so.6
vdprintf@@GLIBC_2.2.5                             /lib/x86_64-linux-gnu/libc.so.6
vdprintf@GLIBC_2.2.5                              /lib/x86_64-linux-gnu/libc.so.6
versionsort64                                     /lib/x86_64-linux-gnu/libc.so.6
versionsort64@@GLIBC_2.2.5                        /lib/x86_64-linux-gnu/libc.so.6
versionsort64@GLIBC_2.2.5                         /lib/x86_64-linux-gnu/libc.so.6
vfork                                             /lib/x86_64-linux-gnu/libpthread.so.0
vfork@@GLIBC_2.2.5                                /lib/x86_64-linux-gnu/libpthread.so.0
                                                  /lib/x86_64-linux-gnu/libc.so.6
vfork@GLIBC_2.2.5                                 /lib/x86_64-linux-gnu/libpthread.so.0
vfscanf                                           /lib/x86_64-linux-gnu/libc.so.6
vfscanf@@GLIBC_2.2.5                              /lib/x86_64-linux-gnu/libc.so.6
vfscanf@GLIBC_2.2.5                               /lib/x86_64-linux-gnu/libc.so.6
vfwprintf                                         /lib/x86_64-linux-gnu/libc.so.6
vfwprintf@@GLIBC_2.2.5                            /lib/x86_64-linux-gnu/libc.so.6
vfwprintf@GLIBC_2.2.5                             /lib/x86_64-linux-gnu/libc.so.6
vfwscanf                                          /lib/x86_64-linux-gnu/libc.so.6
vfwscanf@@GLIBC_2.2.5                             /lib/x86_64-linux-gnu/libc.so.6
vfwscanf@GLIBC_2.2.5                              /lib/x86_64-linux-gnu/libc.so.6
vscanf                                            /lib/x86_64-linux-gnu/libc.so.6
vscanf@@GLIBC_2.2.5                               /lib/x86_64-linux-gnu/libc.so.6
vscanf@GLIBC_2.2.5                                /lib/x86_64-linux-gnu/libc.so.6
vsnprintf                                         /lib/x86_64-linux-gnu/libc.so.6
vsnprintf@@GLIBC_2.2.5                            /lib/x86_64-linux-gnu/libc.so.6
vsnprintf@GLIBC_2.2.5                             /lib/x86_64-linux-gnu/libc.so.6
vsprintf                                          /lib/x86_64-linux-gnu/libc.so.6
vsprintf@@GLIBC_2.2.5                             /lib/x86_64-linux-gnu/libc.so.6
vsprintf@GLIBC_2.2.5                              /lib/x86_64-linux-gnu/libc.so.6
vsscanf                                           /lib/x86_64-linux-gnu/libc.so.6
vsscanf@@GLIBC_2.2.5                              /lib/x86_64-linux-gnu/libc.so.6
vsscanf@GLIBC_2.2.5                               /lib/x86_64-linux-gnu/libc.so.6
vswprintf                                         /lib/x86_64-linux-gnu/libc.so.6
vswprintf@@GLIBC_2.2.5                            /lib/x86_64-linux-gnu/libc.so.6
vswprintf@GLIBC_2.2.5                             /lib/x86_64-linux-gnu/libc.so.6
vt100_init                                        /home/born/DPDK-OVS/DPDK-1.6.0/build/lib/librte_cmdline.a(cmdline_vt100.o)
                                                  /home/born/DPDK-OVS/DPDK-1.6.0/build/lib/librte_cmdline.a(cmdline_rdline.o)
vt100_parser                                      /home/born/DPDK-OVS/DPDK-1.6.0/build/lib/librte_cmdline.a(cmdline_vt100.o)
                                                  /home/born/DPDK-OVS/DPDK-1.6.0/build/lib/librte_cmdline.a(cmdline_rdline.o)
wait                                              /lib/x86_64-linux-gnu/libpthread.so.0
wait3                                             /lib/x86_64-linux-gnu/libc.so.6
wait3@@GLIBC_2.2.5                                /lib/x86_64-linux-gnu/libc.so.6
wait3@GLIBC_2.2.5                                 /lib/x86_64-linux-gnu/libc.so.6
wait4                                             /lib/x86_64-linux-gnu/libc.so.6
wait4@@GLIBC_2.2.5                                /lib/x86_64-linux-gnu/libc.so.6
wait4@GLIBC_2.2.5                                 /lib/x86_64-linux-gnu/libc.so.6
wait@@GLIBC_2.2.5                                 /lib/x86_64-linux-gnu/libpthread.so.0
                                                  /lib/x86_64-linux-gnu/libc.so.6
wait@GLIBC_2.2.5                                  /lib/x86_64-linux-gnu/libpthread.so.0
waitid                                            /lib/x86_64-linux-gnu/libc.so.6
waitid@@GLIBC_2.2.5                               /lib/x86_64-linux-gnu/libc.so.6
waitid@GLIBC_2.2.5                                /lib/x86_64-linux-gnu/libc.so.6
waitpid                                           /lib/x86_64-linux-gnu/libpthread.so.0
waitpid@@GLIBC_2.2.5                              /lib/x86_64-linux-gnu/libpthread.so.0
                                                  /lib/x86_64-linux-gnu/libc.so.6
waitpid@GLIBC_2.2.5                               /lib/x86_64-linux-gnu/libpthread.so.0
wcpcpy                                            /lib/x86_64-linux-gnu/libc.so.6
wcpcpy@@GLIBC_2.2.5                               /lib/x86_64-linux-gnu/libc.so.6
wcpcpy@GLIBC_2.2.5                                /lib/x86_64-linux-gnu/libc.so.6
wcpncpy                                           /lib/x86_64-linux-gnu/libc.so.6
wcpncpy@@GLIBC_2.2.5                              /lib/x86_64-linux-gnu/libc.so.6
wcpncpy@GLIBC_2.2.5                               /lib/x86_64-linux-gnu/libc.so.6
wcrtomb                                           /lib/x86_64-linux-gnu/libc.so.6
wcrtomb@@GLIBC_2.2.5                              /lib/x86_64-linux-gnu/libc.so.6
wcrtomb@GLIBC_2.2.5                               /lib/x86_64-linux-gnu/libc.so.6
wcscasecmp                                        /lib/x86_64-linux-gnu/libc.so.6
wcscasecmp@@GLIBC_2.2.5                           /lib/x86_64-linux-gnu/libc.so.6
wcscasecmp@GLIBC_2.2.5                            /lib/x86_64-linux-gnu/libc.so.6
wcscasecmp_l                                      /lib/x86_64-linux-gnu/libc.so.6
wcscasecmp_l@@GLIBC_2.3                           /lib/x86_64-linux-gnu/libc.so.6
wcscasecmp_l@GLIBC_2.3                            /lib/x86_64-linux-gnu/libc.so.6
wcscat                                            /lib/x86_64-linux-gnu/libc.so.6
wcscat@@GLIBC_2.2.5                               /lib/x86_64-linux-gnu/libc.so.6
wcscat@GLIBC_2.2.5                                /lib/x86_64-linux-gnu/libc.so.6
wcschrnul                                         /lib/x86_64-linux-gnu/libc.so.6
wcschrnul@@GLIBC_2.2.5                            /lib/x86_64-linux-gnu/libc.so.6
wcschrnul@GLIBC_2.2.5                             /lib/x86_64-linux-gnu/libc.so.6
wcscoll                                           /lib/x86_64-linux-gnu/libc.so.6
wcscoll@@GLIBC_2.2.5                              /lib/x86_64-linux-gnu/libc.so.6
wcscoll@GLIBC_2.2.5                               /lib/x86_64-linux-gnu/libc.so.6
wcscoll_l                                         /lib/x86_64-linux-gnu/libc.so.6
wcscoll_l@@GLIBC_2.3                              /lib/x86_64-linux-gnu/libc.so.6
wcscoll_l@GLIBC_2.3                               /lib/x86_64-linux-gnu/libc.so.6
wcsftime_l                                        /lib/x86_64-linux-gnu/libc.so.6
wcsftime_l@@GLIBC_2.3                             /lib/x86_64-linux-gnu/libc.so.6
wcsftime_l@GLIBC_2.3                              /lib/x86_64-linux-gnu/libc.so.6
wcslen                                            /lib/x86_64-linux-gnu/libc.so.6
wcslen@@GLIBC_2.2.5                               /lib/x86_64-linux-gnu/libc.so.6
wcslen@GLIBC_2.2.5                                /lib/x86_64-linux-gnu/libc.so.6
wcsncasecmp                                       /lib/x86_64-linux-gnu/libc.so.6
wcsncasecmp@@GLIBC_2.2.5                          /lib/x86_64-linux-gnu/libc.so.6
wcsncasecmp@GLIBC_2.2.5                           /lib/x86_64-linux-gnu/libc.so.6
wcsncasecmp_l                                     /lib/x86_64-linux-gnu/libc.so.6
wcsncasecmp_l@@GLIBC_2.3                          /lib/x86_64-linux-gnu/libc.so.6
wcsncasecmp_l@GLIBC_2.3                           /lib/x86_64-linux-gnu/libc.so.6
wcsncpy                                           /lib/x86_64-linux-gnu/libc.so.6
wcsncpy@@GLIBC_2.2.5                              /lib/x86_64-linux-gnu/libc.so.6
wcsncpy@GLIBC_2.2.5                               /lib/x86_64-linux-gnu/libc.so.6
wcsnlen                                           /lib/x86_64-linux-gnu/libc.so.6
wcsnlen@@GLIBC_2.2.5                              /lib/x86_64-linux-gnu/libc.so.6
wcsnlen@GLIBC_2.2.5                               /lib/x86_64-linux-gnu/libc.so.6
wcsnrtombs                                        /lib/x86_64-linux-gnu/libc.so.6
wcsnrtombs@@GLIBC_2.2.5                           /lib/x86_64-linux-gnu/libc.so.6
wcsnrtombs@GLIBC_2.2.5                            /lib/x86_64-linux-gnu/libc.so.6
wcsrtombs                                         /lib/x86_64-linux-gnu/libc.so.6
wcsrtombs@@GLIBC_2.2.5                            /lib/x86_64-linux-gnu/libc.so.6
wcsrtombs@GLIBC_2.2.5                             /lib/x86_64-linux-gnu/libc.so.6
wcstod_l                                          /lib/x86_64-linux-gnu/libc.so.6
wcstod_l@@GLIBC_2.3                               /lib/x86_64-linux-gnu/libc.so.6
wcstod_l@GLIBC_2.3                                /lib/x86_64-linux-gnu/libc.so.6
wcstof_l                                          /lib/x86_64-linux-gnu/libc.so.6
wcstof_l@@GLIBC_2.3                               /lib/x86_64-linux-gnu/libc.so.6
wcstof_l@GLIBC_2.3                                /lib/x86_64-linux-gnu/libc.so.6
wcstol_l                                          /lib/x86_64-linux-gnu/libc.so.6
wcstol_l@@GLIBC_2.3                               /lib/x86_64-linux-gnu/libc.so.6
wcstol_l@GLIBC_2.3                                /lib/x86_64-linux-gnu/libc.so.6
wcstold_l                                         /lib/x86_64-linux-gnu/libc.so.6
wcstold_l@@GLIBC_2.3                              /lib/x86_64-linux-gnu/libc.so.6
wcstold_l@GLIBC_2.3                               /lib/x86_64-linux-gnu/libc.so.6
wcstoll                                           /lib/x86_64-linux-gnu/libc.so.6
wcstoll@@GLIBC_2.2.5                              /lib/x86_64-linux-gnu/libc.so.6
wcstoll@GLIBC_2.2.5                               /lib/x86_64-linux-gnu/libc.so.6
wcstoll_l                                         /lib/x86_64-linux-gnu/libc.so.6
wcstoll_l@@GLIBC_2.3                              /lib/x86_64-linux-gnu/libc.so.6
wcstoll_l@GLIBC_2.3                               /lib/x86_64-linux-gnu/libc.so.6
wcstoq                                            /lib/x86_64-linux-gnu/libc.so.6
wcstoq@@GLIBC_2.2.5                               /lib/x86_64-linux-gnu/libc.so.6
wcstoq@GLIBC_2.2.5                                /lib/x86_64-linux-gnu/libc.so.6
wcstoul_l                                         /lib/x86_64-linux-gnu/libc.so.6
wcstoul_l@@GLIBC_2.3                              /lib/x86_64-linux-gnu/libc.so.6
wcstoul_l@GLIBC_2.3                               /lib/x86_64-linux-gnu/libc.so.6
wcstoull                                          /lib/x86_64-linux-gnu/libc.so.6
wcstoull@@GLIBC_2.2.5                             /lib/x86_64-linux-gnu/libc.so.6
wcstoull@GLIBC_2.2.5                              /lib/x86_64-linux-gnu/libc.so.6
wcstoull_l                                        /lib/x86_64-linux-gnu/libc.so.6
wcstoull_l@@GLIBC_2.3                             /lib/x86_64-linux-gnu/libc.so.6
wcstoull_l@GLIBC_2.3                              /lib/x86_64-linux-gnu/libc.so.6
wcstouq                                           /lib/x86_64-linux-gnu/libc.so.6
wcstouq@@GLIBC_2.2.5                              /lib/x86_64-linux-gnu/libc.so.6
wcstouq@GLIBC_2.2.5                               /lib/x86_64-linux-gnu/libc.so.6
wcswcs                                            /lib/x86_64-linux-gnu/libc.so.6
wcswcs@@GLIBC_2.2.5                               /lib/x86_64-linux-gnu/libc.so.6
wcswcs@GLIBC_2.2.5                                /lib/x86_64-linux-gnu/libc.so.6
wcsxfrm_l                                         /lib/x86_64-linux-gnu/libc.so.6
wcsxfrm_l@@GLIBC_2.3                              /lib/x86_64-linux-gnu/libc.so.6
wcsxfrm_l@GLIBC_2.3                               /lib/x86_64-linux-gnu/libc.so.6
wctrans                                           /lib/x86_64-linux-gnu/libc.so.6
wctrans@@GLIBC_2.2.5                              /lib/x86_64-linux-gnu/libc.so.6
wctrans@GLIBC_2.2.5                               /lib/x86_64-linux-gnu/libc.so.6
wctrans_l                                         /lib/x86_64-linux-gnu/libc.so.6
wctrans_l@@GLIBC_2.3                              /lib/x86_64-linux-gnu/libc.so.6
wctrans_l@GLIBC_2.3                               /lib/x86_64-linux-gnu/libc.so.6
wctype                                            /lib/x86_64-linux-gnu/libc.so.6
wctype@@GLIBC_2.2.5                               /lib/x86_64-linux-gnu/libc.so.6
wctype@GLIBC_2.2.5                                /lib/x86_64-linux-gnu/libc.so.6
wctype_l                                          /lib/x86_64-linux-gnu/libc.so.6
wctype_l@@GLIBC_2.3                               /lib/x86_64-linux-gnu/libc.so.6
wctype_l@GLIBC_2.3                                /lib/x86_64-linux-gnu/libc.so.6
wmemcpy                                           /lib/x86_64-linux-gnu/libc.so.6
wmemcpy@@GLIBC_2.2.5                              /lib/x86_64-linux-gnu/libc.so.6
wmemcpy@GLIBC_2.2.5                               /lib/x86_64-linux-gnu/libc.so.6
wmemmove                                          /lib/x86_64-linux-gnu/libc.so.6
wmemmove@@GLIBC_2.2.5                             /lib/x86_64-linux-gnu/libc.so.6
wmemmove@GLIBC_2.2.5                              /lib/x86_64-linux-gnu/libc.so.6
wmempcpy                                          /lib/x86_64-linux-gnu/libc.so.6
wmempcpy@@GLIBC_2.2.5                             /lib/x86_64-linux-gnu/libc.so.6
wmempcpy@GLIBC_2.2.5                              /lib/x86_64-linux-gnu/libc.so.6
write                                             /lib/x86_64-linux-gnu/libpthread.so.0
                                                  /home/born/DPDK-OVS/DPDK-1.6.0/build/lib/librte_cmdline.a(cmdline.o)
write@@GLIBC_2.2.5                                /lib/x86_64-linux-gnu/libpthread.so.0
                                                  /lib/x86_64-linux-gnu/libc.so.6
write@GLIBC_2.2.5                                 /lib/x86_64-linux-gnu/libpthread.so.0
writev                                            /lib/x86_64-linux-gnu/libc.so.6
writev@@GLIBC_2.2.5                               /lib/x86_64-linux-gnu/libc.so.6
writev@GLIBC_2.2.5                                /lib/x86_64-linux-gnu/libc.so.6
