Archive member included because of file (symbol)

/home/born/DPDK-OVS/DPDK-1.6.0/build/lib/librte_eal.a(eal.o)
                              main.o (rte_eal_init)
/home/born/DPDK-OVS/DPDK-1.6.0/build/lib/librte_eal.a(eal_hugepage_info.o)
                              /home/born/DPDK-OVS/DPDK-1.6.0/build/lib/librte_eal.a(eal.o) (eal_hugepage_info_init)
/home/born/DPDK-OVS/DPDK-1.6.0/build/lib/librte_eal.a(eal_memory.o)
                              /home/born/DPDK-OVS/DPDK-1.6.0/build/lib/librte_eal.a(eal.o) (rte_eal_memory_init)
/home/born/DPDK-OVS/DPDK-1.6.0/build/lib/librte_eal.a(eal_thread.o)
                              /home/born/DPDK-OVS/DPDK-1.6.0/build/lib/librte_eal.a(eal.o) (eal_thread_init_master)
/home/born/DPDK-OVS/DPDK-1.6.0/build/lib/librte_eal.a(eal_log.o)
                              /home/born/DPDK-OVS/DPDK-1.6.0/build/lib/librte_eal.a(eal.o) (rte_eal_log_init)
/home/born/DPDK-OVS/DPDK-1.6.0/build/lib/librte_eal.a(eal_pci.o)
                              /home/born/DPDK-OVS/DPDK-1.6.0/build/lib/librte_eal.a(eal.o) (rte_eal_pci_init)
/home/born/DPDK-OVS/DPDK-1.6.0/build/lib/librte_eal.a(eal_debug.o)
                              main.o (__rte_panic)
/home/born/DPDK-OVS/DPDK-1.6.0/build/lib/librte_eal.a(eal_lcore.o)
                              /home/born/DPDK-OVS/DPDK-1.6.0/build/lib/librte_eal.a(eal.o) (rte_eal_cpu_init)
/home/born/DPDK-OVS/DPDK-1.6.0/build/lib/librte_eal.a(eal_timer.o)
                              /home/born/DPDK-OVS/DPDK-1.6.0/build/lib/librte_eal.a(eal.o) (rte_eal_timer_init)
/home/born/DPDK-OVS/DPDK-1.6.0/build/lib/librte_eal.a(eal_interrupts.o)
                              /home/born/DPDK-OVS/DPDK-1.6.0/build/lib/librte_eal.a(eal.o) (rte_eal_intr_init)
/home/born/DPDK-OVS/DPDK-1.6.0/build/lib/librte_eal.a(eal_alarm.o)
                              /home/born/DPDK-OVS/DPDK-1.6.0/build/lib/librte_eal.a(eal.o) (rte_eal_alarm_init)
/home/born/DPDK-OVS/DPDK-1.6.0/build/lib/librte_eal.a(eal_ivshmem.o)
                              /home/born/DPDK-OVS/DPDK-1.6.0/build/lib/librte_eal.a(eal.o) (rte_eal_ivshmem_obj_init)
/home/born/DPDK-OVS/DPDK-1.6.0/build/lib/librte_eal.a(eal_common_memzone.o)
                              main.o (rte_memzone_dump)
/home/born/DPDK-OVS/DPDK-1.6.0/build/lib/librte_eal.a(eal_common_log.o)
                              /home/born/DPDK-OVS/DPDK-1.6.0/build/lib/librte_eal.a(eal_log.o) (rte_log_add_in_history)
/home/born/DPDK-OVS/DPDK-1.6.0/build/lib/librte_eal.a(eal_common_launch.o)
                              /home/born/DPDK-OVS/DPDK-1.6.0/build/lib/librte_eal.a(eal.o) (rte_eal_mp_remote_launch)
/home/born/DPDK-OVS/DPDK-1.6.0/build/lib/librte_eal.a(eal_common_pci.o)
                              /home/born/DPDK-OVS/DPDK-1.6.0/build/lib/librte_eal.a(eal_pci.o) (driver_list)
/home/born/DPDK-OVS/DPDK-1.6.0/build/lib/librte_eal.a(eal_common_memory.o)
                              /home/born/DPDK-OVS/DPDK-1.6.0/build/lib/librte_eal.a(eal.o) (rte_eal_get_physmem_layout)
/home/born/DPDK-OVS/DPDK-1.6.0/build/lib/librte_eal.a(eal_common_tailqs.o)
                              /home/born/DPDK-OVS/DPDK-1.6.0/build/lib/librte_eal.a(eal_ivshmem.o) (rte_eal_tailq_lookup_by_idx)
/home/born/DPDK-OVS/DPDK-1.6.0/build/lib/librte_eal.a(eal_common_errno.o)
                              /home/born/DPDK-OVS/DPDK-1.6.0/build/lib/librte_eal.a(eal_alarm.o) (per_lcore__rte_errno)
/home/born/DPDK-OVS/DPDK-1.6.0/build/lib/librte_eal.a(eal_common_whitelist.o)
                              /home/born/DPDK-OVS/DPDK-1.6.0/build/lib/librte_eal.a(eal.o) (eal_dev_whitelist_add_entry)
/home/born/DPDK-OVS/DPDK-1.6.0/build/lib/librte_eal.a(eal_common_nonpci_devs.o)
                              /home/born/DPDK-OVS/DPDK-1.6.0/build/lib/librte_eal.a(eal.o) (rte_eal_non_pci_ethdev_init)
/home/born/DPDK-OVS/DPDK-1.6.0/build/lib/librte_pmd_ring.a(rte_eth_ring.o)
                              /home/born/DPDK-OVS/DPDK-1.6.0/build/lib/librte_eal.a(eal_common_nonpci_devs.o) (rte_pmd_ring_init)
/home/born/DPDK-OVS/DPDK-1.6.0/build/lib/librte_malloc.a(rte_malloc.o)
                              /home/born/DPDK-OVS/DPDK-1.6.0/build/lib/librte_eal.a(eal_interrupts.o) (rte_free)
/home/born/DPDK-OVS/DPDK-1.6.0/build/lib/librte_malloc.a(malloc_elem.o)
                              /home/born/DPDK-OVS/DPDK-1.6.0/build/lib/librte_malloc.a(rte_malloc.o) (malloc_elem_free)
/home/born/DPDK-OVS/DPDK-1.6.0/build/lib/librte_malloc.a(malloc_heap.o)
                              /home/born/DPDK-OVS/DPDK-1.6.0/build/lib/librte_malloc.a(rte_malloc.o) (malloc_heap_alloc)
/home/born/DPDK-OVS/DPDK-1.6.0/build/lib/librte_mempool.a(rte_mempool.o)
                              /home/born/DPDK-OVS/DPDK-1.6.0/build/lib/librte_eal.a(eal_common_log.o) (rte_mempool_create)
/home/born/DPDK-OVS/DPDK-1.6.0/build/lib/librte_ring.a(rte_ring.o)
                              /home/born/DPDK-OVS/DPDK-1.6.0/build/lib/librte_pmd_ring.a(rte_eth_ring.o) (rte_ring_create)
[...]
Memory Configuration

Name             Origin             Length             Attributes
*default*        0x0000000000000000 0xffffffffffffffff

Linker script and memory map

LOAD /usr/lib/gcc/x86_64-linux-gnu/4.6/../../../x86_64-linux-gnu/crt1.o
LOAD /usr/lib/gcc/x86_64-linux-gnu/4.6/../../../x86_64-linux-gnu/crti.o
LOAD /usr/lib/gcc/x86_64-linux-gnu/4.6/crtbegin.o
LOAD main.o
LOAD /home/born/DPDK-OVS/DPDK-1.6.0/build/lib/librte_kni.a
LOAD /home/born/DPDK-OVS/DPDK-1.6.0/build/lib/librte_ivshmem.a
LOAD /home/born/DPDK-OVS/DPDK-1.6.0/build/lib/librte_pmd_e1000.a
LOAD /home/born/DPDK-OVS/DPDK-1.6.0/build/lib/librte_pmd_ixgbe.a
LOAD /home/born/DPDK-OVS/DPDK-1.6.0/build/lib/librte_pmd_virtio.a
LOAD /home/born/DPDK-OVS/DPDK-1.6.0/build/lib/librte_pmd_vmxnet3.a
LOAD /home/born/DPDK-OVS/DPDK-1.6.0/build/lib/librte_timer.a
LOAD /home/born/DPDK-OVS/DPDK-1.6.0/build/lib/librte_hash.a
LOAD /home/born/DPDK-OVS/DPDK-1.6.0/build/lib/librte_lpm.a
LOAD /home/born/DPDK-OVS/DPDK-1.6.0/build/lib/librte_power.a
LOAD /home/born/DPDK-OVS/DPDK-1.6.0/build/lib/librte_meter.a
LOAD /home/born/DPDK-OVS/DPDK-1.6.0/build/lib/librte_sched.a
LOAD /usr/lib/gcc/x86_64-linux-gnu/4.6/../../../x86_64-linux-gnu/libm.so
LOAD /usr/lib/gcc/x86_64-linux-gnu/4.6/../../../x86_64-linux-gnu/librt.so
START GROUP
LOAD /home/born/DPDK-OVS/DPDK-1.6.0/build/lib/librte_mbuf.a
LOAD /home/born/DPDK-OVS/DPDK-1.6.0/build/lib/libethdev.a
LOAD /home/born/DPDK-OVS/DPDK-1.6.0/build/lib/librte_pmd_ring.a
LOAD /home/born/DPDK-OVS/DPDK-1.6.0/build/lib/librte_malloc.a
LOAD /home/born/DPDK-OVS/DPDK-1.6.0/build/lib/librte_mempool.a
LOAD /home/born/DPDK-OVS/DPDK-1.6.0/build/lib/librte_ring.a
LOAD /home/born/DPDK-OVS/DPDK-1.6.0/build/lib/librte_eal.a
LOAD /home/born/DPDK-OVS/DPDK-1.6.0/build/lib/librte_cmdline.a
LOAD /usr/lib/gcc/x86_64-linux-gnu/4.6/../../../x86_64-linux-gnu/librt.so
LOAD /usr/lib/gcc/x86_64-linux-gnu/4.6/../../../x86_64-linux-gnu/libm.so
END GROUP
LOAD /usr/lib/gcc/x86_64-linux-gnu/4.6/libgcc.a
LOAD /usr/lib/gcc/x86_64-linux-gnu/4.6/libgcc_s.so
LOAD /usr/lib/gcc/x86_64-linux-gnu/4.6/../../../x86_64-linux-gnu/libpthread.so
START GROUP
LOAD /lib/x86_64-linux-gnu/libpthread.so.0
LOAD /usr/lib/x86_64-linux-gnu/libpthread_nonshared.a
END GROUP
LOAD /usr/lib/gcc/x86_64-linux-gnu/4.6/../../../x86_64-linux-gnu/libc.so
START GROUP
LOAD /lib/x86_64-linux-gnu/libc.so.6
LOAD /usr/lib/x86_64-linux-gnu/libc_nonshared.a
LOAD /lib/x86_64-linux-gnu/ld-linux-x86-64.so.2
END GROUP
LOAD /usr/lib/gcc/x86_64-linux-gnu/4.6/libgcc.a
LOAD /usr/lib/gcc/x86_64-linux-gnu/4.6/libgcc_s.so
LOAD /usr/lib/gcc/x86_64-linux-gnu/4.6/crtend.o
LOAD /usr/lib/gcc/x86_64-linux-gnu/4.6/../../../x86_64-linux-gnu/crtn.o
                0x0000000000400000                PROVIDE (__executable_start, 0x400000)
                0x0000000000400270                . = (0x400000 + SIZEOF_HEADERS)

.interp         0x0000000000400270       0x1c
 *(.interp)
 .interp        0x0000000000400270       0x1c /usr/lib/gcc/x86_64-linux-gnu/4.6/../../../x86_64-linux-gnu/crt1.o

.note.ABI-tag   0x000000000040028c       0x20
 .note.ABI-tag  0x000000000040028c       0x20 /usr/lib/gcc/x86_64-linux-gnu/4.6/../../../x86_64-linux-gnu/crt1.o

.note.gnu.build-id
                0x00000000004002ac       0x24
 *(.note.gnu.build-id)
 .note.gnu.build-id
                0x00000000004002ac       0x24 /usr/lib/gcc/x86_64-linux-gnu/4.6/../../../x86_64-linux-gnu/crt1.o

.hash
 *(.hash)

.gnu.hash       0x00000000004002d0       0x50
 *(.gnu.hash)
 .gnu.hash      0x00000000004002d0       0x50 /usr/lib/gcc/x86_64-linux-gnu/4.6/../../../x86_64-linux-gnu/crt1.o

.dynsym         0x0000000000400320      0x9d8
 *(.dynsym)
 .dynsym        0x0000000000400320      0x9d8 /usr/lib/gcc/x86_64-linux-gnu/4.6/../../../x86_64-linux-gnu/crt1.o

.dynstr         0x0000000000400cf8      0x4a1
 *(.dynstr)
 .dynstr        0x0000000000400cf8      0x4a1 /usr/lib/gcc/x86_64-linux-gnu/4.6/../../../x86_64-linux-gnu/crt1.o

.gnu.version    0x000000000040119a       0xd2
 *(.gnu.version)
 .gnu.version   0x000000000040119a       0xd2 /usr/lib/gcc/x86_64-linux-gnu/4.6/../../../x86_64-linux-gnu/crt1.o

.gnu.version_d  0x0000000000401270        0x0
 *(.gnu.version_d)
 .gnu.version_d
                0x0000000000000000        0x0 /usr/lib/gcc/x86_64-linux-gnu/4.6/../../../x86_64-linux-gnu/crt1.o

.gnu.version_r  0x0000000000401270      0x100
 *(.gnu.version_r)
 .gnu.version_r
                0x0000000000401270      0x100 /usr/lib/gcc/x86_64-linux-gnu/4.6/../../../x86_64-linux-gnu/crt1.o

.rela.dyn       0x0000000000401370      0x168
 *(.rela.init)
 *(.rela.text .rela.text.* .rela.gnu.linkonce.t.*)
 .rela.text     0x0000000000000000        0x0 /usr/lib/gcc/x86_64-linux-gnu/4.6/../../../x86_64-linux-gnu/crt1.o
 *(.rela.fini)
 *(.rela.rodata .rela.rodata.* .rela.gnu.linkonce.r.*)
 *(.rela.data .rela.data.* .rela.gnu.linkonce.d.*)
 .rela.data.rel
                0x0000000000000000        0x0 /usr/lib/gcc/x86_64-linux-gnu/4.6/../../../x86_64-linux-gnu/crt1.o
 *(.rela.tdata .rela.tdata.* .rela.gnu.linkonce.td.*)
 *(.rela.tbss .rela.tbss.* .rela.gnu.linkonce.tb.*)
 *(.rela.ctors)
 *(.rela.dtors)
 *(.rela.got)
 .rela.got      0x0000000000401370      0x168 /usr/lib/gcc/x86_64-linux-gnu/4.6/../../../x86_64-linux-gnu/crt1.o
 *(.rela.bss .rela.bss.* .rela.gnu.linkonce.b.*)
 .rela.bss      0x0000000000000000        0x0 /usr/lib/gcc/x86_64-linux-gnu/4.6/../../../x86_64-linux-gnu/crt1.o
 *(.rela.ldata .rela.ldata.* .rela.gnu.linkonce.l.*)
 *(.rela.lbss .rela.lbss.* .rela.gnu.linkonce.lb.*)
 *(.rela.lrodata .rela.lrodata.* .rela.gnu.linkonce.lr.*)
 *(.rela.ifunc)

.rela.plt       0x00000000004014d8      0x840
 *(.rela.plt)
 .rela.plt      0x00000000004014d8      0x840 /usr/lib/gcc/x86_64-linux-gnu/4.6/../../../x86_64-linux-gnu/crt1.o
                0x0000000000401d18                PROVIDE (__rela_iplt_start, .)
 *(.rela.iplt)
 .rela.iplt     0x0000000000000000        0x0 /usr/lib/gcc/x86_64-linux-gnu/4.6/../../../x86_64-linux-gnu/crt1.o
                0x0000000000401d18                PROVIDE (__rela_iplt_end, .)

.init           0x0000000000401d18       0x18
 *(.init)
 .init          0x0000000000401d18        0x9 /usr/lib/gcc/x86_64-linux-gnu/4.6/../../../x86_64-linux-gnu/crti.o
                0x0000000000401d18                _init
 .init          0x0000000000401d21        0x5 /usr/lib/gcc/x86_64-linux-gnu/4.6/crtbegin.o
 .init          0x0000000000401d26        0x5 /usr/lib/gcc/x86_64-linux-gnu/4.6/crtend.o
 .init          0x0000000000401d2b        0x5 /usr/lib/gcc/x86_64-linux-gnu/4.6/../../../x86_64-linux-gnu/crtn.o

.plt            0x0000000000401d30      0x590
 *(.plt)
 .plt           0x0000000000401d30      0x590 /usr/lib/gcc/x86_64-linux-gnu/4.6/../../../x86_64-linux-gnu/crt1.o
                0x0000000000401d40                getenv@@GLIBC_2.2.5
                0x0000000000401d50                free@@GLIBC_2.2.5
                0x0000000000401d60                pthread_create@@GLIBC_2.2.5
                0x0000000000401d70                __vfprintf_chk@@GLIBC_2.3.4
                0x0000000000401d80                abort@@GLIBC_2.2.5
                0x0000000000401d90                __errno_location@@GLIBC_2.2.5
                0x0000000000401da0                unlink@@GLIBC_2.2.5
                0x0000000000401db0                strncmp@@GLIBC_2.2.5
                0x0000000000401dc0                fopencookie@@GLIBC_2.2.5
                0x0000000000401dd0                __read_chk@@GLIBC_2.4
                0x0000000000401de0                unlinkat@@GLIBC_2.4
                0x0000000000401df0                puts@@GLIBC_2.2.5
                0x0000000000401e00                qsort@@GLIBC_2.2.5
                0x0000000000401e10                vsnprintf@@GLIBC_2.2.5
                0x0000000000401e20                backtrace_symbols@@GLIBC_2.2.5
                0x0000000000401e30                __xpg_strerror_r@@GLIBC_2.3.4
                0x0000000000401e40                fcntl@@GLIBC_2.2.5
                0x0000000000401e50                write@@GLIBC_2.2.5
                0x0000000000401e60                fclose@@GLIBC_2.2.5
                0x0000000000401e70                opendir@@GLIBC_2.2.5
                0x0000000000401e80                backtrace@@GLIBC_2.2.5
                0x0000000000401e90                openat@@GLIBC_2.4
                0x0000000000401ea0                __stack_chk_fail@@GLIBC_2.4
                0x0000000000401eb0                getuid@@GLIBC_2.2.5
                0x0000000000401ec0                mmap@@GLIBC_2.2.5
                0x0000000000401ed0                getopt_long@@GLIBC_2.2.5
                0x0000000000401ee0                pthread_setaffinity_np@@GLIBC_2.3.4
                0x0000000000401ef0                strchr@@GLIBC_2.2.5
                0x0000000000401f00                printf@@GLIBC_2.2.5
                0x0000000000401f10                nanosleep@@GLIBC_2.2.5
                0x0000000000401f20                ftruncate@@GLIBC_2.2.5
                0x0000000000401f30                lseek@@GLIBC_2.2.5
                0x0000000000401f40                gettimeofday@@GLIBC_2.2.5
                0x0000000000401f50                iopl@@GLIBC_2.2.5
                0x0000000000401f60                fnmatch@@GLIBC_2.2.5
                0x0000000000401f70                memset@@GLIBC_2.2.5
                0x0000000000401f80                index@@GLIBC_2.2.5
                0x0000000000401f90                strnlen@@GLIBC_2.2.5
                0x0000000000401fa0                close@@GLIBC_2.2.5
                0x0000000000401fb0                pipe@@GLIBC_2.2.5
                0x0000000000401fc0                closedir@@GLIBC_2.2.5
                0x0000000000401fd0                epoll_ctl@@GLIBC_2.3.2
                0x0000000000401fe0                __strdup@@GLIBC_2.2.5
                0x0000000000401ff0                read@@GLIBC_2.2.5
                0x0000000000402000                __libc_start_main@@GLIBC_2.2.5
                0x0000000000402010                memcmp@@GLIBC_2.2.5
                0x0000000000402020                fgets@@GLIBC_2.2.5
                0x0000000000402030                __tls_get_addr@@GLIBC_2.3
                0x0000000000402040                strtoull@@GLIBC_2.2.5
                0x0000000000402050                strcmp@@GLIBC_2.2.5
                0x0000000000402060                dirfd@@GLIBC_2.2.5
                0x0000000000402070                __strndup@@GLIBC_2.2.5
                0x0000000000402080                __memcpy_chk@@GLIBC_2.3.4
                0x0000000000402090                timerfd_create@@GLIBC_2.8
                0x00000000004020a0                strtol@@GLIBC_2.2.5
                0x00000000004020b0                memcpy@@GLIBC_2.14
                0x00000000004020c0                readdir@@GLIBC_2.2.5
                0x00000000004020d0                malloc@@GLIBC_2.2.5
                0x00000000004020e0                strncasecmp@@GLIBC_2.2.5
                0x00000000004020f0                fflush@@GLIBC_2.2.5
                0x0000000000402100                __sched_cpufree@@GLIBC_2.7
                0x0000000000402110                __fxstat@@GLIBC_2.2.5
                0x0000000000402120                clock_gettime@@GLIBC_2.2.5
                0x0000000000402130                __sched_cpualloc@@GLIBC_2.7
                0x0000000000402140                __vsnprintf_chk@@GLIBC_2.3.4
                0x0000000000402150                srand48@@GLIBC_2.2.5
                0x0000000000402160                munmap@@GLIBC_2.2.5
                0x0000000000402170                __printf_chk@@GLIBC_2.3.4
                0x0000000000402180                epoll_wait@@GLIBC_2.3.2
                0x0000000000402190                __syslog_chk@@GLIBC_2.4
                0x00000000004021a0                pthread_self@@GLIBC_2.2.5
                0x00000000004021b0                open@@GLIBC_2.2.5
                0x00000000004021c0                access@@GLIBC_2.2.5
                0x00000000004021d0                fopen@@GLIBC_2.2.5
                0x00000000004021e0                sysconf@@GLIBC_2.2.5
                0x00000000004021f0                strtoul@@GLIBC_2.2.5
                0x0000000000402200                timerfd_settime@@GLIBC_2.8
                0x0000000000402210                flock@@GLIBC_2.2.5
                0x0000000000402220                openlog@@GLIBC_2.2.5
                0x0000000000402230                getpagesize@@GLIBC_2.2.5
                0x0000000000402240                epoll_create@@GLIBC_2.3.2
                0x0000000000402250                exit@@GLIBC_2.2.5
                0x0000000000402260                fwrite@@GLIBC_2.2.5
                0x0000000000402270                strerror@@GLIBC_2.2.5
                0x0000000000402280                sleep@@GLIBC_2.2.5
                0x0000000000402290                strstr@@GLIBC_2.2.5
                0x00000000004022a0                __ctype_tolower_loc@@GLIBC_2.3
                0x00000000004022b0                __ctype_b_loc@@GLIBC_2.3
 *(.iplt)
 .iplt          0x0000000000000000        0x0 /usr/lib/gcc/x86_64-linux-gnu/4.6/../../../x86_64-linux-gnu/crt1.o

.text           0x00000000004022c0    0x163f8
 *(.text.unlikely .text.*_unlikely)
 .text.unlikely
                0x00000000004022c0       0xcd /home/born/DPDK-OVS/DPDK-1.6.0/build/lib/librte_eal.a(eal_debug.o)
                0x00000000004022c0                __rte_panic
 .text.unlikely
                0x000000000040238d       0x8a /home/born/DPDK-OVS/DPDK-1.6.0/build/lib/librte_eal.a(eal_common_log.o)
                0x000000000040238d                rte_log
 *(.text.exit .text.exit.*)
 *(.text.startup .text.startup.*)
 *(.text.hot .text.hot.*)
 *(.text .stub .text.* .gnu.linkonce.t.*)
 *fill*         0x0000000000402417        0x1 90909090
 .text          0x0000000000402418       0x2c /usr/lib/gcc/x86_64-linux-gnu/4.6/../../../x86_64-linux-gnu/crt1.o
                0x0000000000402418                _start
 .text          0x0000000000402444       0x17 /usr/lib/gcc/x86_64-linux-gnu/4.6/../../../x86_64-linux-gnu/crti.o
 *fill*         0x000000000040245b        0x5 90909090
 .text          0x0000000000402460       0x92 /usr/lib/gcc/x86_64-linux-gnu/4.6/crtbegin.o
 *fill*         0x00000000004024f2        0x2 90909090
 .text          0x00000000004024f4      0x1d5 main.o
                0x00000000004024f4                main
 *fill*         0x00000000004026c9        0x7 90909090
 .text          0x00000000004026d0     0x1fb7 /home/born/DPDK-OVS/DPDK-1.6.0/build/lib/librte_eal.a(eal.o)
                0x0000000000402950                rte_eal_get_configuration
                0x0000000000402960                eal_parse_sysfs_value
                0x0000000000402b10                rte_set_application_usage_hook
                0x0000000000402b20                rte_eal_init
                0x0000000000404670                rte_eal_lcore_role
                0x0000000000404680                rte_eal_process_type
 *fill*         0x0000000000404687        0x9 90909090
 .text          0x0000000000404690      0xd81 /home/born/DPDK-OVS/DPDK-1.6.0/build/lib/librte_eal.a(eal_hugepage_info.o)
                0x0000000000404db0                eal_hugepage_info_init
 *fill*         0x0000000000405411        0xf 90909090
 .text          0x0000000000405420     0x23d2 /home/born/DPDK-OVS/DPDK-1.6.0/build/lib/librte_eal.a(eal_memory.o)
                0x0000000000405f50                rte_eal_memory_init
 *fill*         0x00000000004077f2        0xe 90909090
 .text          0x0000000000407800      0x423 /home/born/DPDK-OVS/DPDK-1.6.0/build/lib/librte_eal.a(eal_thread.o)
                0x00000000004078f0                rte_eal_remote_launch
                0x00000000004079d0                eal_thread_init_master
                0x0000000000407a10                eal_thread_loop
 *fill*         0x0000000000407c23        0xd 90909090
 .text          0x0000000000407c30      0x2bf /home/born/DPDK-OVS/DPDK-1.6.0/build/lib/librte_eal.a(eal_log.o)
                0x0000000000407de0                rte_eal_log_init
                0x0000000000407e80                rte_eal_log_early_init
 *fill*         0x0000000000407eef        0x1 90909090
 .text          0x0000000000407ef0     0x1e11 /home/born/DPDK-OVS/DPDK-1.6.0/build/lib/librte_eal.a(eal_pci.o)
                0x0000000000409a90                rte_eal_pci_probe_one_driver
                0x0000000000409c70                rte_eal_pci_init
 *fill*         0x0000000000409d01        0xf 90909090
 .text          0x0000000000409d10      0x17b /home/born/DPDK-OVS/DPDK-1.6.0/build/lib/librte_eal.a(eal_debug.o)
                0x0000000000409d10                rte_dump_stack
                0x0000000000409da0                rte_dump_registers
                0x0000000000409db0                rte_exit
 *fill*         0x0000000000409e8b        0x5 90909090
 .text          0x0000000000409e90      0x5a6 /home/born/DPDK-OVS/DPDK-1.6.0/build/lib/librte_eal.a(eal_lcore.o)
                0x000000000040a2d0                rte_eal_cpu_init
 *fill*         0x000000000040a436        0xa 90909090
 .text          0x000000000040a440      0x413 /home/born/DPDK-OVS/DPDK-1.6.0/build/lib/librte_eal.a(eal_timer.o)
                0x000000000040a440                rte_get_tsc_hz
                0x000000000040a450                rte_delay_us
                0x000000000040a5a0                rte_eal_timer_init
 *fill*         0x000000000040a853        0xd 90909090
 .text          0x000000000040a860      0xade /home/born/DPDK-OVS/DPDK-1.6.0/build/lib/librte_eal.a(eal_interrupts.o)
                0x000000000040acc0                rte_intr_callback_register
                0x000000000040af00                rte_intr_callback_unregister
                0x000000000040b100                rte_intr_enable
                0x000000000040b1e0                rte_intr_disable
                0x000000000040b2c0                rte_eal_intr_init
 *fill*         0x000000000040b33e        0x2 90909090
 .text          0x000000000040b340      0x5b6 /home/born/DPDK-OVS/DPDK-1.6.0/build/lib/librte_eal.a(eal_alarm.o)
                0x000000000040b490                rte_eal_alarm_init
                0x000000000040b500                rte_eal_alarm_set
                0x000000000040b710                rte_eal_alarm_cancel
 *fill*         0x000000000040b8f6        0xa 90909090
 .text          0x000000000040b900     0x1b22 /home/born/DPDK-OVS/DPDK-1.6.0/build/lib/librte_eal.a(eal_ivshmem.o)
                0x000000000040c6d0                rte_eal_ivshmem_obj_init
                0x000000000040ca10                rte_eal_ivshmem_init
 *fill*         0x000000000040d422        0xe 90909090
 .text          0x000000000040d430      0xc54 /home/born/DPDK-OVS/DPDK-1.6.0/build/lib/librte_eal.a(eal_common_memzone.o)
                0x000000000040db20                rte_memzone_reserve_aligned
                0x000000000040dbf0                rte_memzone_reserve
                0x000000000040dc00                rte_memzone_reserve_bounded
                0x000000000040dcd0                rte_memzone_lookup
                0x000000000040dda0                rte_memzone_dump
                0x000000000040de70                rte_eal_memzone_init
 *fill*         0x000000000040e084        0xc 90909090
 .text          0x000000000040e090      0xd90 /home/born/DPDK-OVS/DPDK-1.6.0/build/lib/librte_eal.a(eal_common_log.o)
                0x000000000040e090                rte_log_add_in_history
                0x000000000040e640                rte_log_set_history
                0x000000000040e650                rte_openlog_stream
                0x000000000040e670                rte_set_log_level
                0x000000000040e680                rte_set_log_type
                0x000000000040e6b0                rte_log_cur_msg_loglevel
                0x000000000040e6e0                rte_log_cur_msg_logtype
                0x000000000040e710                rte_log_dump_history
                0x000000000040eca0                rte_vlog
                0x000000000040ed40                rte_eal_common_log_init
 .text          0x000000000040ee20      0x24a /home/born/DPDK-OVS/DPDK-1.6.0/build/lib/librte_eal.a(eal_common_launch.o)
                0x000000000040ee20                rte_eal_wait_lcore
                0x000000000040ee70                rte_eal_mp_remote_launch
                0x000000000040efe0                rte_eal_get_lcore_state
                0x000000000040f000                rte_eal_mp_wait_lcore
 *fill*         0x000000000040f06a        0x6 90909090
 .text          0x000000000040f070      0x4ee /home/born/DPDK-OVS/DPDK-1.6.0/build/lib/librte_eal.a(eal_common_pci.o)
                0x000000000040f290                rte_eal_pci_probe
                0x000000000040f3c0                rte_eal_pci_dump
                0x000000000040f500                rte_eal_pci_register
                0x000000000040f520                rte_eal_pci_unregister
                0x000000000040f550                rte_eal_pci_set_blacklist
 *fill*         0x000000000040f55e        0x2 90909090
 .text          0x000000000040f560      0x118 /home/born/DPDK-OVS/DPDK-1.6.0/build/lib/librte_eal.a(eal_common_memory.o)
                0x000000000040f560                rte_eal_get_physmem_layout
                0x000000000040f580                rte_eal_get_physmem_size
                0x000000000040f5c0                rte_dump_physmem_layout
                0x000000000040f640                rte_memory_get_nchannel
                0x000000000040f660                rte_memory_get_nrank
 *fill*         0x000000000040f678        0x8 90909090
 .text          0x000000000040f680      0x290 /home/born/DPDK-OVS/DPDK-1.6.0/build/lib/librte_eal.a(eal_common_tailqs.o)
                0x000000000040f680                rte_eal_tailq_lookup
                0x000000000040f710                rte_eal_tailq_lookup_by_idx
                0x000000000040f780                rte_eal_tailq_reserve
                0x000000000040f790                rte_eal_tailq_reserve_by_idx
                0x000000000040f800                rte_dump_tailq
                0x000000000040f8b0                rte_eal_tailqs_init
 .text          0x000000000040f910      0x1dc /home/born/DPDK-OVS/DPDK-1.6.0/build/lib/librte_eal.a(eal_common_errno.o)
                0x000000000040fa40                rte_strerror
 *fill*         0x000000000040faec        0x4 90909090
 .text          0x000000000040faf0      0x95d /home/born/DPDK-OVS/DPDK-1.6.0/build/lib/librte_eal.a(eal_common_whitelist.o)
                0x000000000040fc20                eal_dev_whitelist_add_entry
                0x000000000040fc90                eal_dev_whitelist_exists
                0x000000000040fca0                eal_dev_whitelist_parse
                0x0000000000410380                eal_dev_is_whitelisted
                0x0000000000410430                eal_dev_whitelist_clear
 *fill*         0x000000000041044d        0x3 90909090
 .text          0x0000000000410450      0x1d8 /home/born/DPDK-OVS/DPDK-1.6.0/build/lib/librte_eal.a(eal_common_nonpci_devs.o)
                0x0000000000410580                rte_eal_non_pci_ethdev_init
 *fill*         0x0000000000410628        0x8 90909090
 .text          0x0000000000410630     0x25d5 /home/born/DPDK-OVS/DPDK-1.6.0/build/lib/librte_pmd_ring.a(rte_eth_ring.o)
                0x0000000000411500                rte_eth_from_rings
                0x0000000000412710                rte_eth_ring_pair_create
                0x0000000000412720                rte_eth_ring_pair_attach
                0x0000000000412730                rte_pmd_ring_init
 *fill*         0x0000000000412c05        0x3 90909090
 .text          0x0000000000412c08      0xb5c /home/born/DPDK-OVS/DPDK-1.6.0/build/lib/librte_malloc.a(rte_malloc.o)
                0x0000000000412f60                rte_free
                0x0000000000412fad                rte_malloc_socket
                0x0000000000413044                rte_malloc
                0x0000000000413071                rte_zmalloc_socket
                0x00000000004130c3                rte_zmalloc
                0x00000000004130f0                rte_calloc_socket
                0x000000000041312b                rte_calloc
                0x0000000000413162                rte_realloc
                0x0000000000413598                rte_malloc_validate
                0x0000000000413611                rte_malloc_get_socket_stats
                0x000000000041366b                rte_malloc_dump_stats
                0x0000000000413751                rte_malloc_set_limit
 .text          0x0000000000413764      0x733 /home/born/DPDK-OVS/DPDK-1.6.0/build/lib/librte_malloc.a(malloc_elem.o)
                0x00000000004137f5                malloc_elem_init
                0x0000000000413865                malloc_elem_mkend
                0x0000000000413939                malloc_elem_can_hold
                0x00000000004139fc                malloc_elem_alloc
                0x0000000000413bf6                malloc_elem_free
                0x0000000000413d0f                malloc_elem_resize
 *fill*         0x0000000000413e97        0x1 90909090
 .text          0x0000000000413e98      0x8e9 /home/born/DPDK-OVS/DPDK-1.6.0/build/lib/librte_malloc.a(malloc_heap.o)
                0x000000000041457c                malloc_heap_alloc
                0x000000000041468e                malloc_heap_get_stats
 *fill*         0x0000000000414781        0xf 90909090
 .text          0x0000000000414790      0xf98 /home/born/DPDK-OVS/DPDK-1.6.0/build/lib/librte_mempool.a(rte_mempool.o)
                0x0000000000414980                rte_mempool_obj_iter
                0x0000000000414ab0                rte_mempool_calc_obj_size
                0x0000000000414c10                rte_mempool_xmem_size
                0x0000000000414c50                rte_mempool_xmem_usage
                0x0000000000414cf0                rte_mempool_xmem_create
                0x00000000004151e0                rte_mempool_create
                0x0000000000415240                rte_mempool_count
                0x0000000000415290                rte_mempool_audit
                0x0000000000415300                rte_mempool_dump
                0x00000000004155d0                rte_mempool_list_dump
                0x0000000000415660                rte_mempool_lookup
 *fill*         0x0000000000415728        0x8 90909090
 .text          0x0000000000415730      0x6c8 /home/born/DPDK-OVS/DPDK-1.6.0/build/lib/librte_ring.a(rte_ring.o)
                0x0000000000415860                rte_ring_create
                0x0000000000415b50                rte_ring_set_water_mark
                0x0000000000415b70                rte_ring_dump
                0x0000000000415ca0                rte_ring_list_dump
                0x0000000000415d30                rte_ring_lookup
 *fill*         0x0000000000415df8        0x8 90909090
 .text          0x0000000000415e00     0x27db /home/born/DPDK-OVS/DPDK-1.6.0/build/lib/libethdev.a(rte_ethdev.o)
                0x0000000000416040                rte_eth_dev_allocate
                0x0000000000416280                rte_eth_driver_register
                0x0000000000416290                rte_eth_dev_socket_id
                0x00000000004162c0                rte_eth_dev_count
                0x00000000004162d0                rte_eth_dev_configure
                0x0000000000416730                rte_eth_dev_stop
                0x0000000000416780                rte_eth_dev_close
                0x00000000004167d0                rte_eth_rx_queue_setup
                0x0000000000416900                rte_eth_tx_queue_setup
                0x0000000000416a00                rte_eth_promiscuous_enable
                0x0000000000416a40                rte_eth_promiscuous_disable
                0x0000000000416a90                rte_eth_promiscuous_get
                0x0000000000416ac0                rte_eth_allmulticast_enable
                0x0000000000416b00                rte_eth_allmulticast_disable
                0x0000000000416b50                rte_eth_allmulticast_get
                0x0000000000416b90                rte_eth_link_get
                0x0000000000416c20                rte_eth_link_get_nowait
                0x0000000000416cb0                rte_eth_stats_get
                0x0000000000416de0                rte_eth_stats_reset
                0x0000000000416e20                rte_eth_dev_set_tx_queue_stats_mapping
                0x0000000000416e70                rte_eth_dev_set_rx_queue_stats_mapping
                0x0000000000416ec0                rte_eth_dev_info_get
                0x0000000000416f30                rte_eth_dev_start
                0x0000000000417120                rte_eth_macaddr_get
                0x0000000000417160                rte_eth_dev_vlan_filter
                0x00000000004171c0                rte_eth_dev_set_vlan_strip_on_queue
                0x0000000000417220                rte_eth_dev_set_vlan_ether_type
                0x0000000000417270                rte_eth_dev_set_vlan_offload
                0x00000000004173a0                rte_eth_dev_get_vlan_offload
                0x00000000004173f0                rte_eth_dev_fdir_add_signature_filter
                0x0000000000417480                rte_eth_dev_fdir_update_signature_filter
                0x0000000000417510                rte_eth_dev_fdir_remove_signature_filter
                0x00000000004175a0                rte_eth_dev_fdir_get_infos
                0x0000000000417600                rte_eth_dev_fdir_add_perfect_filter
                0x00000000004176b0                rte_eth_dev_fdir_update_perfect_filter
                0x0000000000417760                rte_eth_dev_fdir_remove_perfect_filter
                0x0000000000417800                rte_eth_dev_fdir_set_masks
                0x0000000000417870                rte_eth_dev_flow_ctrl_set
                0x00000000004178d0                rte_eth_dev_priority_flow_ctrl_set
                0x0000000000417930                rte_eth_dev_rss_reta_update
                0x00000000004179e0                rte_eth_dev_rss_reta_query
                0x0000000000417a40                rte_eth_led_on
                0x0000000000417a90                rte_eth_led_off
                0x0000000000417ae0                rte_eth_dev_mac_addr_add
                0x0000000000417cd0                rte_eth_dev_mac_addr_remove
                0x0000000000417dd0                rte_eth_dev_set_vf_rxmode
                0x0000000000417e70                rte_eth_dev_uc_hash_table_set
                0x0000000000418080                rte_eth_dev_uc_all_hash_table_set
                0x00000000004180d0                rte_eth_dev_set_vf_rx
                0x0000000000418160                rte_eth_dev_set_vf_tx
                0x00000000004181f0                rte_eth_dev_set_vf_vlan_filter
                0x0000000000418260                rte_eth_mirror_rule_set
                0x00000000004182f0                rte_eth_mirror_rule_reset
                0x0000000000418350                rte_eth_dev_callback_register
                0x0000000000418430                rte_eth_dev_callback_unregister
                0x0000000000418520                _rte_eth_dev_callback_process
 *fill*         0x00000000004185db        0x5 90909090
 .text          0x00000000004185e0       0x92 /usr/lib/x86_64-linux-gnu/libc_nonshared.a(elf-init.oS)
                0x00000000004185e0                __libc_csu_init
                0x0000000000418670                __libc_csu_fini
 *fill*         0x0000000000418672        0xe 90909090
 .text          0x0000000000418680       0x36 /usr/lib/gcc/x86_64-linux-gnu/4.6/crtend.o
 *fill*         0x00000000004186b6        0x2 90909090
 .text          0x00000000004186b8        0x0 /usr/lib/gcc/x86_64-linux-gnu/4.6/../../../x86_64-linux-gnu/crtn.o
 *(.gnu.warning)

.fini           0x00000000004186b8        0xe
 *(.fini)
 .fini          0x00000000004186b8        0x4 /usr/lib/gcc/x86_64-linux-gnu/4.6/../../../x86_64-linux-gnu/crti.o
                0x00000000004186b8                _fini
 .fini          0x00000000004186bc        0x5 /usr/lib/gcc/x86_64-linux-gnu/4.6/crtbegin.o
 .fini          0x00000000004186c1        0x5 /usr/lib/gcc/x86_64-linux-gnu/4.6/../../../x86_64-linux-gnu/crtn.o
                0x00000000004186c6                PROVIDE (__etext, .)
                0x00000000004186c6                PROVIDE (_etext, .)
                0x00000000004186c6                PROVIDE (etext, .)

.rodata         0x00000000004186e0     0x3951
 *(.rodata .rodata.* .gnu.linkonce.r.*)
 .rodata.cst4   0x00000000004186e0        0x4 /usr/lib/gcc/x86_64-linux-gnu/4.6/../../../x86_64-linux-gnu/crt1.o
                0x00000000004186e0                _IO_stdin_used
 *fill*         0x00000000004186e4        0x4 00
 .rodata        0x00000000004186e8      0x115 main.o
 *fill*         0x00000000004187fd        0x3 00
 .rodata.str1.8
                0x0000000000418800      0xc0a /home/born/DPDK-OVS/DPDK-1.6.0/build/lib/librte_eal.a(eal.o)
 .rodata.str1.1
                0x000000000041940a      0x2cc /home/born/DPDK-OVS/DPDK-1.6.0/build/lib/librte_eal.a(eal.o)
                                        0x2ce (size before relaxing)
 *fill*         0x00000000004196d6        0xa 00
 .rodata        0x00000000004196e0       0x76 /home/born/DPDK-OVS/DPDK-1.6.0/build/lib/librte_eal.a(eal.o)
 *fill*         0x0000000000419756        0xa 00
 .rodata.cst16  0x0000000000419760       0x10 /home/born/DPDK-OVS/DPDK-1.6.0/build/lib/librte_eal.a(eal.o)
 .rodata.str1.1
                0x0000000000419770       0x50 /home/born/DPDK-OVS/DPDK-1.6.0/build/lib/librte_eal.a(eal_hugepage_info.o)
                                         0x58 (size before relaxing)
 .rodata.str1.8
                0x00000000004197c0      0x1ac /home/born/DPDK-OVS/DPDK-1.6.0/build/lib/librte_eal.a(eal_hugepage_info.o)
 *fill*         0x000000000041996c        0x4 00
 .rodata        0x0000000000419970       0x74 /home/born/DPDK-OVS/DPDK-1.6.0/build/lib/librte_eal.a(eal_hugepage_info.o)
 .rodata.str1.1
                0x00000000004199e4      0x12f /home/born/DPDK-OVS/DPDK-1.6.0/build/lib/librte_eal.a(eal_memory.o)
                                        0x13f (size before relaxing)
 *fill*         0x0000000000419b13        0x5 00
 .rodata.str1.8
                0x0000000000419b18      0x687 /home/born/DPDK-OVS/DPDK-1.6.0/build/lib/librte_eal.a(eal_memory.o)
 *fill*         0x000000000041a19f        0x1 00
 .rodata        0x000000000041a1a0       0x88 /home/born/DPDK-OVS/DPDK-1.6.0/build/lib/librte_eal.a(eal_memory.o)
 .rodata.str1.1
                0x000000000041a228       0x69 /home/born/DPDK-OVS/DPDK-1.6.0/build/lib/librte_eal.a(eal_thread.o)
                                         0x6f (size before relaxing)
 *fill*         0x000000000041a291        0x7 00
 .rodata.str1.8
                0x000000000041a298       0x98 /home/born/DPDK-OVS/DPDK-1.6.0/build/lib/librte_eal.a(eal_thread.o)
 .rodata        0x000000000041a330       0x50 /home/born/DPDK-OVS/DPDK-1.6.0/build/lib/librte_eal.a(eal_thread.o)
 .rodata.str1.1
                0x000000000041a380        0x3 /home/born/DPDK-OVS/DPDK-1.6.0/build/lib/librte_eal.a(eal_log.o)
                                          0x6 (size before relaxing)
 *fill*         0x000000000041a383        0x5 00
 .rodata.str1.8
                0x000000000041a388       0x22 /home/born/DPDK-OVS/DPDK-1.6.0/build/lib/librte_eal.a(eal_log.o)
 .rodata.str1.1
                0x000000000041a3aa      0x144 /home/born/DPDK-OVS/DPDK-1.6.0/build/lib/librte_eal.a(eal_pci.o)
                                        0x14f (size before relaxing)
 *fill*         0x000000000041a4ee        0x2 00
 .rodata.str1.8
                0x000000000041a4f0      0x3d0 /home/born/DPDK-OVS/DPDK-1.6.0/build/lib/librte_eal.a(eal_pci.o)
                                        0x448 (size before relaxing)
 .rodata        0x000000000041a8c0       0xe9 /home/born/DPDK-OVS/DPDK-1.6.0/build/lib/librte_eal.a(eal_pci.o)
 .rodata.str1.1
                0x000000000041a9a9       0x1a /home/born/DPDK-OVS/DPDK-1.6.0/build/lib/librte_eal.a(eal_debug.o)
 *fill*         0x000000000041a9c3        0x5 00
 .rodata.str1.8
                0x000000000041a9c8       0x2d /home/born/DPDK-OVS/DPDK-1.6.0/build/lib/librte_eal.a(eal_debug.o)
 *fill*         0x000000000041a9f5        0x3 00
 .rodata.str1.8
                0x000000000041a9f8      0x1f8 /home/born/DPDK-OVS/DPDK-1.6.0/build/lib/librte_eal.a(eal_lcore.o)
 .rodata.str1.1
                0x000000000041abf0       0x4c /home/born/DPDK-OVS/DPDK-1.6.0/build/lib/librte_eal.a(eal_lcore.o)
                                         0x52 (size before relaxing)
 *fill*         0x000000000041ac3c        0x4 00
 .rodata        0x000000000041ac40       0x11 /home/born/DPDK-OVS/DPDK-1.6.0/build/lib/librte_eal.a(eal_lcore.o)
 .rodata.str1.1
                0x0000000000000000        0x6 /home/born/DPDK-OVS/DPDK-1.6.0/build/lib/librte_eal.a(eal_timer.o)
 *fill*         0x000000000041ac51        0x7 00
 .rodata.str1.8
                0x000000000041ac58       0xc8 /home/born/DPDK-OVS/DPDK-1.6.0/build/lib/librte_eal.a(eal_timer.o)
 .rodata        0x000000000041ad20       0x35 /home/born/DPDK-OVS/DPDK-1.6.0/build/lib/librte_eal.a(eal_timer.o)
 *fill*         0x000000000041ad55        0x3 00
 .rodata.cst8   0x000000000041ad58       0x18 /home/born/DPDK-OVS/DPDK-1.6.0/build/lib/librte_eal.a(eal_timer.o)
 .rodata.str1.8
                0x000000000041ad70      0x1fd /home/born/DPDK-OVS/DPDK-1.6.0/build/lib/librte_eal.a(eal_interrupts.o)
 .rodata.str1.1
                0x000000000041af6d       0x4c /home/born/DPDK-OVS/DPDK-1.6.0/build/lib/librte_eal.a(eal_interrupts.o)
                                         0x54 (size before relaxing)
 *fill*         0x000000000041afb9        0x7 00
 .rodata        0x000000000041afc0       0x20 /home/born/DPDK-OVS/DPDK-1.6.0/build/lib/librte_eal.a(eal_interrupts.o)
 .rodata.str1.8
                0x000000000041afe0      0x44f /home/born/DPDK-OVS/DPDK-1.6.0/build/lib/librte_eal.a(eal_ivshmem.o)
 .rodata.str1.1
                0x000000000041b42f       0xd0 /home/born/DPDK-OVS/DPDK-1.6.0/build/lib/librte_eal.a(eal_ivshmem.o)
                                        0x10e (size before relaxing)
 *fill*         0x000000000041b4ff        0x1 00
 .rodata.str1.8
                0x000000000041b500      0x148 /home/born/DPDK-OVS/DPDK-1.6.0/build/lib/librte_eal.a(eal_common_memzone.o)
 .rodata.str1.1
                0x0000000000000000        0x3 /home/born/DPDK-OVS/DPDK-1.6.0/build/lib/librte_eal.a(eal_common_memzone.o)
 *fill*         0x000000000041b648       0x18 00
 .rodata        0x000000000041b660       0x45 /home/born/DPDK-OVS/DPDK-1.6.0/build/lib/librte_eal.a(eal_common_memzone.o)
 .rodata.str1.1
                0x000000000041b6a5        0xc /home/born/DPDK-OVS/DPDK-1.6.0/build/lib/librte_eal.a(eal_common_log.o)
 *fill*         0x000000000041b6b1        0x7 00
 .rodata.str1.8
                0x000000000041b6b8       0x2e /home/born/DPDK-OVS/DPDK-1.6.0/build/lib/librte_eal.a(eal_common_log.o)
 *fill*         0x000000000041b6e6        0xa 00
 .rodata        0x000000000041b6f0       0x18 /home/born/DPDK-OVS/DPDK-1.6.0/build/lib/librte_eal.a(eal_common_log.o)
 .rodata.str1.1
                0x000000000041b708       0x40 /home/born/DPDK-OVS/DPDK-1.6.0/build/lib/librte_eal.a(eal_common_pci.o)
                                         0x4d (size before relaxing)
 .rodata.str1.8
                0x000000000041b748       0x33 /home/born/DPDK-OVS/DPDK-1.6.0/build/lib/librte_eal.a(eal_common_pci.o)
 *fill*         0x000000000041b77b        0x5 00
 .rodata.str1.8
                0x000000000041b780       0x60 /home/born/DPDK-OVS/DPDK-1.6.0/build/lib/librte_eal.a(eal_common_memory.o)
 .rodata.str1.8
                0x000000000041b7e0       0x31 /home/born/DPDK-OVS/DPDK-1.6.0/build/lib/librte_eal.a(eal_common_tailqs.o)
                                         0x59 (size before relaxing)
 .rodata.str1.1
                0x000000000041b811       0x61 /home/born/DPDK-OVS/DPDK-1.6.0/build/lib/librte_eal.a(eal_common_tailqs.o)
 *fill*         0x000000000041b872        0xe 00
 .rodata        0x000000000041b880       0x1c /home/born/DPDK-OVS/DPDK-1.6.0/build/lib/librte_eal.a(eal_common_tailqs.o)
 *fill*         0x000000000041b89c        0x4 00
 .rodata.str1.8
                0x000000000041b8a0       0x22 /home/born/DPDK-OVS/DPDK-1.6.0/build/lib/librte_eal.a(eal_common_errno.o)
 .rodata.str1.1
                0x000000000041b8c2       0x43 /home/born/DPDK-OVS/DPDK-1.6.0/build/lib/librte_eal.a(eal_common_errno.o)
 .rodata.str1.1
                0x000000000041b905       0x1a /home/born/DPDK-OVS/DPDK-1.6.0/build/lib/librte_eal.a(eal_common_whitelist.o)
                                         0x3f (size before relaxing)
 *fill*         0x000000000041b91f        0x1 00
 .rodata.str1.8
                0x000000000041b920       0xb4 /home/born/DPDK-OVS/DPDK-1.6.0/build/lib/librte_eal.a(eal_common_whitelist.o)
 *fill*         0x000000000041b9d4        0xc 00
 .rodata        0x000000000041b9e0       0x18 /home/born/DPDK-OVS/DPDK-1.6.0/build/lib/librte_eal.a(eal_common_whitelist.o)
 .rodata.str1.1
                0x0000000000000000       0x16 /home/born/DPDK-OVS/DPDK-1.6.0/build/lib/librte_eal.a(eal_common_nonpci_devs.o)
 .rodata.str1.1
                0x000000000041b9f8       0x30 /home/born/DPDK-OVS/DPDK-1.6.0/build/lib/librte_pmd_ring.a(rte_eth_ring.o)
 .rodata.str1.8
                0x000000000041ba28       0x89 /home/born/DPDK-OVS/DPDK-1.6.0/build/lib/librte_pmd_ring.a(rte_eth_ring.o)
 *fill*         0x000000000041bab1        0x7 00
 .rodata        0x000000000041bab8        0x8 /home/born/DPDK-OVS/DPDK-1.6.0/build/lib/librte_pmd_ring.a(rte_eth_ring.o)
 .rodata        0x000000000041bac0       0xf6 /home/born/DPDK-OVS/DPDK-1.6.0/build/lib/librte_malloc.a(rte_malloc.o)
 *fill*         0x000000000041bbb6        0xa 00
 .rodata        0x000000000041bbc0       0x46 /home/born/DPDK-OVS/DPDK-1.6.0/build/lib/librte_malloc.a(malloc_elem.o)
 *fill*         0x000000000041bc06        0x2 00
 .rodata        0x000000000041bc08       0x1f /home/born/DPDK-OVS/DPDK-1.6.0/build/lib/librte_malloc.a(malloc_heap.o)
 .rodata.str1.1
                0x000000000041bc27      0x1b8 /home/born/DPDK-OVS/DPDK-1.6.0/build/lib/librte_mempool.a(rte_mempool.o)
                                        0x1c1 (size before relaxing)
 *fill*         0x000000000041bddf        0x1 00
 .rodata.str1.8
                0x000000000041bde0       0x40 /home/born/DPDK-OVS/DPDK-1.6.0/build/lib/librte_mempool.a(rte_mempool.o)
 .rodata        0x000000000041be20       0x14 /home/born/DPDK-OVS/DPDK-1.6.0/build/lib/librte_mempool.a(rte_mempool.o)
 *fill*         0x000000000041be34        0x4 00
 .rodata.cst8   0x000000000041be38        0x8 /home/born/DPDK-OVS/DPDK-1.6.0/build/lib/librte_mempool.a(rte_mempool.o)
 .rodata.cst4   0x000000000041be40        0x4 /home/born/DPDK-OVS/DPDK-1.6.0/build/lib/librte_mempool.a(rte_mempool.o)
 *fill*         0x000000000041be44        0x4 00
 .rodata.str1.8
                0x000000000041be48       0x5a /home/born/DPDK-OVS/DPDK-1.6.0/build/lib/librte_ring.a(rte_ring.o)
 .rodata.str1.1
                0x000000000041bea2       0x89 /home/born/DPDK-OVS/DPDK-1.6.0/build/lib/librte_ring.a(rte_ring.o)
                                         0xc1 (size before relaxing)
 .rodata.str1.1
                0x000000000041bf2b       0x61 /home/born/DPDK-OVS/DPDK-1.6.0/build/lib/libethdev.a(rte_ethdev.o)
                                         0x67 (size before relaxing)
 *fill*         0x000000000041bf8c        0x4 00
 .rodata.str1.8
                0x000000000041bf90       0x70 /home/born/DPDK-OVS/DPDK-1.6.0/build/lib/libethdev.a(rte_ethdev.o)
                                         0x6b (size before relaxing)
 .rodata        0x000000000041c000       0x31 /home/born/DPDK-OVS/DPDK-1.6.0/build/lib/libethdev.a(rte_ethdev.o)

.rodata1
 *(.rodata1)

.eh_frame_hdr   0x000000000041c034      0x8bc
 *(.eh_frame_hdr)
 .eh_frame_hdr  0x000000000041c034      0x8bc /usr/lib/gcc/x86_64-linux-gnu/4.6/../../../x86_64-linux-gnu/crt1.o

.eh_frame       0x000000000041c8f0     0x2b0c
 *(.eh_frame)
 .eh_frame      0x000000000041c8f0       0x40 /usr/lib/gcc/x86_64-linux-gnu/4.6/../../../x86_64-linux-gnu/crt1.o
 .eh_frame      0x000000000041c930       0x28 main.o
                                         0x40 (size before relaxing)
 .eh_frame      0x000000000041c958      0x158 /home/born/DPDK-OVS/DPDK-1.6.0/build/lib/librte_eal.a(eal.o)
 .eh_frame      0x000000000041cab0       0xe8 /home/born/DPDK-OVS/DPDK-1.6.0/build/lib/librte_eal.a(eal_hugepage_info.o)
                                         0xf8 (size before relaxing)
 .eh_frame      0x000000000041cb98      0x170 /home/born/DPDK-OVS/DPDK-1.6.0/build/lib/librte_eal.a(eal_memory.o)
                                        0x180 (size before relaxing)
 .eh_frame      0x000000000041cd08       0x98 /home/born/DPDK-OVS/DPDK-1.6.0/build/lib/librte_eal.a(eal_thread.o)
                                         0xa8 (size before relaxing)
 .eh_frame      0x000000000041cda0      0x120 /home/born/DPDK-OVS/DPDK-1.6.0/build/lib/librte_eal.a(eal_log.o)
                                        0x118 (size before relaxing)
 .eh_frame      0x000000000041cec0      0x198 /home/born/DPDK-OVS/DPDK-1.6.0/build/lib/librte_eal.a(eal_pci.o)
                                        0x1a0 (size before relaxing)
 .eh_frame      0x000000000041d058       0x80 /home/born/DPDK-OVS/DPDK-1.6.0/build/lib/librte_eal.a(eal_debug.o)
                                         0x90 (size before relaxing)
 .eh_frame      0x000000000041d0d8      0x100 /home/born/DPDK-OVS/DPDK-1.6.0/build/lib/librte_eal.a(eal_lcore.o)
                                        0x108 (size before relaxing)
 .eh_frame      0x000000000041d1d8       0x90 /home/born/DPDK-OVS/DPDK-1.6.0/build/lib/librte_eal.a(eal_timer.o)
                                         0xa0 (size before relaxing)
 .eh_frame      0x000000000041d268      0x118 /home/born/DPDK-OVS/DPDK-1.6.0/build/lib/librte_eal.a(eal_interrupts.o)
                                        0x128 (size before relaxing)
 .eh_frame      0x000000000041d380       0xd0 /home/born/DPDK-OVS/DPDK-1.6.0/build/lib/librte_eal.a(eal_alarm.o)
                                         0xe0 (size before relaxing)
 .eh_frame      0x000000000041d450      0x180 /home/born/DPDK-OVS/DPDK-1.6.0/build/lib/librte_eal.a(eal_ivshmem.o)
                                        0x188 (size before relaxing)
 .eh_frame      0x000000000041d5d0      0x1b8 /home/born/DPDK-OVS/DPDK-1.6.0/build/lib/librte_eal.a(eal_common_memzone.o)
 .eh_frame      0x000000000041d788      0x190 /home/born/DPDK-OVS/DPDK-1.6.0/build/lib/librte_eal.a(eal_common_log.o)
                                        0x180 (size before relaxing)
 .eh_frame      0x000000000041d918       0xa0 /home/born/DPDK-OVS/DPDK-1.6.0/build/lib/librte_eal.a(eal_common_launch.o)
                                         0xb0 (size before relaxing)
 .eh_frame      0x000000000041d9b8       0xf0 /home/born/DPDK-OVS/DPDK-1.6.0/build/lib/librte_eal.a(eal_common_pci.o)
 .eh_frame      0x000000000041daa8       0x88 /home/born/DPDK-OVS/DPDK-1.6.0/build/lib/librte_eal.a(eal_common_memory.o)
                                         0xa0 (size before relaxing)
 .eh_frame      0x000000000041db30      0x118 /home/born/DPDK-OVS/DPDK-1.6.0/build/lib/librte_eal.a(eal_common_tailqs.o)
                                        0x120 (size before relaxing)
 .eh_frame      0x000000000041dc48       0x58 /home/born/DPDK-OVS/DPDK-1.6.0/build/lib/librte_eal.a(eal_common_errno.o)
                                         0x68 (size before relaxing)
 .eh_frame      0x000000000041dca0      0x118 /home/born/DPDK-OVS/DPDK-1.6.0/build/lib/librte_eal.a(eal_common_whitelist.o)
                                        0x120 (size before relaxing)
 .eh_frame      0x000000000041ddb8       0x60 /home/born/DPDK-OVS/DPDK-1.6.0/build/lib/librte_eal.a(eal_common_nonpci_devs.o)
                                         0x70 (size before relaxing)
 .eh_frame      0x000000000041de18      0x290 /home/born/DPDK-OVS/DPDK-1.6.0/build/lib/librte_pmd_ring.a(rte_eth_ring.o)
                                        0x270 (size before relaxing)
 .eh_frame      0x000000000041e0a8      0x300 /home/born/DPDK-OVS/DPDK-1.6.0/build/lib/librte_malloc.a(rte_malloc.o)
                                        0x318 (size before relaxing)
 .eh_frame      0x000000000041e3a8      0x208 /home/born/DPDK-OVS/DPDK-1.6.0/build/lib/librte_malloc.a(malloc_elem.o)
                                        0x220 (size before relaxing)
 .eh_frame      0x000000000041e5b0      0x1f0 /home/born/DPDK-OVS/DPDK-1.6.0/build/lib/librte_malloc.a(malloc_heap.o)
                                        0x200 (size before relaxing)
 .eh_frame      0x000000000041e7a0      0x288 /home/born/DPDK-OVS/DPDK-1.6.0/build/lib/librte_mempool.a(rte_mempool.o)
                                        0x278 (size before relaxing)
 .eh_frame      0x000000000041ea28       0xe8 /home/born/DPDK-OVS/DPDK-1.6.0/build/lib/librte_ring.a(rte_ring.o)
                                         0xf8 (size before relaxing)
 .eh_frame      0x000000000041eb10      0x8a8 /home/born/DPDK-OVS/DPDK-1.6.0/build/lib/libethdev.a(rte_ethdev.o)
                                        0x808 (size before relaxing)
 .eh_frame      0x000000000041f3b8       0x40 /usr/lib/x86_64-linux-gnu/libc_nonshared.a(elf-init.oS)
                                         0x58 (size before relaxing)
 .eh_frame      0x000000000041f3f8        0x4 /usr/lib/gcc/x86_64-linux-gnu/4.6/crtend.o

.gcc_except_table
 *(.gcc_except_table .gcc_except_table.*)

.exception_ranges
 *(.exception_ranges .exception_ranges*)
                0x000000000041f3fc                . = (ALIGN (0x200000) - ((0x200000 - .) & 0x1fffff))
                0x000000000061fbec                . = DATA_SEGMENT_ALIGN (0x200000, 0x1000)

.eh_frame
 *(.eh_frame)

.gcc_except_table
 *(.gcc_except_table .gcc_except_table.*)

.exception_ranges
 *(.exception_ranges .exception_ranges*)

.tdata
 *(.tdata .tdata.* .gnu.linkonce.td.*)

.tbss           0x000000000061fbec      0x108
 *(.tbss .tbss.* .gnu.linkonce.tb.*)
 .tbss          0x000000000061fbec        0x4 /home/born/DPDK-OVS/DPDK-1.6.0/build/lib/librte_eal.a(eal_thread.o)
                0x000000000061fbec                per_lcore__lcore_id
 .tbss          0x000000000061fbf0      0x104 /home/born/DPDK-OVS/DPDK-1.6.0/build/lib/librte_eal.a(eal_common_errno.o)
                0x000000000061fbf0                per_lcore__rte_errno
 *(.tcommon)

.preinit_array  0x000000000061fbec        0x0
                0x000000000061fbec                PROVIDE (__preinit_array_start, .)
 *(.preinit_array)
                0x000000000061fbec                PROVIDE (__preinit_array_end, .)

.init_array     0x000000000061fbec        0x0
                0x000000000061fbec                PROVIDE (__init_array_start, .)
 *(SORT(.init_array.*) SORT(.ctors.*))
 *(.init_array)
 *(EXCLUDE_FILE(*crtend?.o *crtend.o *crtbegin?.o *crtbegin.o) .ctors)
                0x000000000061fbec                PROVIDE (__init_array_end, .)

.fini_array     0x000000000061fbec        0x0
                0x000000000061fbec                PROVIDE (__fini_array_start, .)
 *(SORT(.fini_array.*) SORT(.dtors.*))
 *(.fini_array)
 *(EXCLUDE_FILE(*crtend?.o *crtend.o *crtbegin?.o *crtbegin.o) .dtors)
                0x000000000061fbec                PROVIDE (__fini_array_end, .)

.ctors          0x000000000061fbf0       0x10
 *crtbegin.o(.ctors)
 .ctors         0x000000000061fbf0        0x8 /usr/lib/gcc/x86_64-linux-gnu/4.6/crtbegin.o
 *crtbegin?.o(.ctors)
 *(EXCLUDE_FILE(*crtend?.o *crtend.o) .ctors)
 *(SORT(.ctors.*))
 *(.ctors)
 .ctors         0x000000000061fbf8        0x8 /usr/lib/gcc/x86_64-linux-gnu/4.6/crtend.o

.dtors          0x000000000061fc00       0x10
 *crtbegin.o(.dtors)
 .dtors         0x000000000061fc00        0x8 /usr/lib/gcc/x86_64-linux-gnu/4.6/crtbegin.o
 *crtbegin?.o(.dtors)
 *(EXCLUDE_FILE(*crtend?.o *crtend.o) .dtors)
 *(SORT(.dtors.*))
 *(.dtors)
 .dtors         0x000000000061fc08        0x8 /usr/lib/gcc/x86_64-linux-gnu/4.6/crtend.o
                0x000000000061fc08                __DTOR_END__

.jcr            0x000000000061fc10        0x8
 *(.jcr)
 .jcr           0x000000000061fc10        0x0 /usr/lib/gcc/x86_64-linux-gnu/4.6/crtbegin.o
 .jcr           0x000000000061fc10        0x8 /usr/lib/gcc/x86_64-linux-gnu/4.6/crtend.o

.data.rel.ro    0x000000000061fc20      0x180
 *(.data.rel.ro.local* .gnu.linkonce.d.rel.ro.local.*)
 .data.rel.ro.local
                0x000000000061fc20      0x140 /home/born/DPDK-OVS/DPDK-1.6.0/build/lib/librte_eal.a(eal.o)
 .data.rel.ro.local
                0x000000000061fd60       0x40 /home/born/DPDK-OVS/DPDK-1.6.0/build/lib/librte_eal.a(eal_log.o)
 *(.data.rel.ro* .gnu.linkonce.d.rel.ro.*)

.dynamic        0x000000000061fda0      0x1c0
 *(.dynamic)
 .dynamic       0x000000000061fda0      0x1c0 /usr/lib/gcc/x86_64-linux-gnu/4.6/../../../x86_64-linux-gnu/crt1.o
                0x000000000061fda0                _DYNAMIC

.got            0x000000000061ff60       0x78
 *(.got)
 .got           0x000000000061ff60       0x78 /usr/lib/gcc/x86_64-linux-gnu/4.6/../../../x86_64-linux-gnu/crt1.o
 *(.igot)
                0x000000000061ffe8                . = DATA_SEGMENT_RELRO_END (., 0x18)

.got.plt        0x000000000061ffe8      0x2d8
 *(.got.plt)
 .got.plt       0x000000000061ffe8      0x2d8 /usr/lib/gcc/x86_64-linux-gnu/4.6/../../../x86_64-linux-gnu/crt1.o
                0x000000000061ffe8                _GLOBAL_OFFSET_TABLE_
 *(.igot.plt)
 .igot.plt      0x0000000000000000        0x0 /usr/lib/gcc/x86_64-linux-gnu/4.6/../../../x86_64-linux-gnu/crt1.o

.data           0x00000000006202c0      0x618
 *(.data .data.* .gnu.linkonce.d.*)
 .data          0x00000000006202c0        0x4 /usr/lib/gcc/x86_64-linux-gnu/4.6/../../../x86_64-linux-gnu/crt1.o
                0x00000000006202c0                data_start
                0x00000000006202c0                __data_start
 .data          0x00000000006202c4        0x0 /usr/lib/gcc/x86_64-linux-gnu/4.6/../../../x86_64-linux-gnu/crti.o
 *fill*         0x00000000006202c4        0x4 00
 .data          0x00000000006202c8        0x8 /usr/lib/gcc/x86_64-linux-gnu/4.6/crtbegin.o
                0x00000000006202c8                __dso_handle
 .data          0x00000000006202d0        0x0 main.o
 *fill*         0x00000000006202d0       0x10 00
 .data          0x00000000006202e0       0x40 /home/born/DPDK-OVS/DPDK-1.6.0/build/lib/librte_eal.a(eal.o)
 .data.rel.local
                0x0000000000620320      0x2e0 /home/born/DPDK-OVS/DPDK-1.6.0/build/lib/librte_eal.a(eal.o)
 .data          0x0000000000620600        0x0 /home/born/DPDK-OVS/DPDK-1.6.0/build/lib/librte_eal.a(eal_hugepage_info.o)
 .data          0x0000000000620600        0x0 /home/born/DPDK-OVS/DPDK-1.6.0/build/lib/librte_eal.a(eal_memory.o)
 .data          0x0000000000620600        0x0 /home/born/DPDK-OVS/DPDK-1.6.0/build/lib/librte_eal.a(eal_thread.o)
 .data          0x0000000000620600        0x0 /home/born/DPDK-OVS/DPDK-1.6.0/build/lib/librte_eal.a(eal_log.o)
 .data          0x0000000000620600        0x0 /home/born/DPDK-OVS/DPDK-1.6.0/build/lib/librte_eal.a(eal_pci.o)
 .data          0x0000000000620600        0x0 /home/born/DPDK-OVS/DPDK-1.6.0/build/lib/librte_eal.a(eal_debug.o)
 .data          0x0000000000620600        0x0 /home/born/DPDK-OVS/DPDK-1.6.0/build/lib/librte_eal.a(eal_lcore.o)
 .data          0x0000000000620600        0x4 /home/born/DPDK-OVS/DPDK-1.6.0/build/lib/librte_eal.a(eal_timer.o)
                0x0000000000620600                eal_timer_source
 .data          0x0000000000620604        0xc /home/born/DPDK-OVS/DPDK-1.6.0/build/lib/librte_eal.a(eal_interrupts.o)
 .data          0x0000000000620610        0x8 /home/born/DPDK-OVS/DPDK-1.6.0/build/lib/librte_eal.a(eal_alarm.o)
 .data          0x0000000000620618        0x0 /home/born/DPDK-OVS/DPDK-1.6.0/build/lib/librte_eal.a(eal_ivshmem.o)
 .data          0x0000000000620618        0x0 /home/born/DPDK-OVS/DPDK-1.6.0/build/lib/librte_eal.a(eal_common_memzone.o)
 *fill*         0x0000000000620618        0x8 00
 .data          0x0000000000620620       0x14 /home/born/DPDK-OVS/DPDK-1.6.0/build/lib/librte_eal.a(eal_common_log.o)
                0x0000000000620620                rte_logs
 .data          0x0000000000620634        0x0 /home/born/DPDK-OVS/DPDK-1.6.0/build/lib/librte_eal.a(eal_common_launch.o)
 .data          0x0000000000620634        0x0 /home/born/DPDK-OVS/DPDK-1.6.0/build/lib/librte_eal.a(eal_common_pci.o)
 .data          0x0000000000620634        0x0 /home/born/DPDK-OVS/DPDK-1.6.0/build/lib/librte_eal.a(eal_common_memory.o)
 .data          0x0000000000620634        0x0 /home/born/DPDK-OVS/DPDK-1.6.0/build/lib/librte_eal.a(eal_common_tailqs.o)
 *fill*         0x0000000000620634        0xc 00
 .data.rel.local
                0x0000000000620640      0x100 /home/born/DPDK-OVS/DPDK-1.6.0/build/lib/librte_eal.a(eal_common_tailqs.o)
                0x0000000000620640                rte_tailq_names
 .data          0x0000000000620740        0x0 /home/born/DPDK-OVS/DPDK-1.6.0/build/lib/librte_eal.a(eal_common_errno.o)
 .data          0x0000000000620740        0x0 /home/born/DPDK-OVS/DPDK-1.6.0/build/lib/librte_eal.a(eal_common_whitelist.o)
 .data          0x0000000000620740        0x0 /home/born/DPDK-OVS/DPDK-1.6.0/build/lib/librte_eal.a(eal_common_nonpci_devs.o)
 .data.rel      0x0000000000620740       0x20 /home/born/DPDK-OVS/DPDK-1.6.0/build/lib/librte_eal.a(eal_common_nonpci_devs.o)
                0x0000000000620740                dev_types
 .data          0x0000000000620760        0x0 /home/born/DPDK-OVS/DPDK-1.6.0/build/lib/librte_pmd_ring.a(rte_eth_ring.o)
 .data.rel.local
                0x0000000000620760      0x178 /home/born/DPDK-OVS/DPDK-1.6.0/build/lib/librte_pmd_ring.a(rte_eth_ring.o)
 .data          0x00000000006208d8        0x0 /home/born/DPDK-OVS/DPDK-1.6.0/build/lib/librte_malloc.a(rte_malloc.o)
 .data          0x00000000006208d8        0x0 /home/born/DPDK-OVS/DPDK-1.6.0/build/lib/librte_malloc.a(malloc_elem.o)
 .data          0x00000000006208d8        0x0 /home/born/DPDK-OVS/DPDK-1.6.0/build/lib/librte_malloc.a(malloc_heap.o)
 .data          0x00000000006208d8        0x0 /home/born/DPDK-OVS/DPDK-1.6.0/build/lib/librte_mempool.a(rte_mempool.o)
 .data          0x00000000006208d8        0x0 /home/born/DPDK-OVS/DPDK-1.6.0/build/lib/librte_ring.a(rte_ring.o)
 .data          0x00000000006208d8        0x0 /home/born/DPDK-OVS/DPDK-1.6.0/build/lib/libethdev.a(rte_ethdev.o)
 .data          0x00000000006208d8        0x0 /usr/lib/x86_64-linux-gnu/libc_nonshared.a(elf-init.oS)
 .data          0x00000000006208d8        0x0 /usr/lib/gcc/x86_64-linux-gnu/4.6/crtend.o
 .data          0x00000000006208d8        0x0 /usr/lib/gcc/x86_64-linux-gnu/4.6/../../../x86_64-linux-gnu/crtn.o

.data1
 *(.data1)
                0x00000000006208d8                _edata = .
                0x00000000006208d8                PROVIDE (edata, .)
                0x00000000006208d8                __bss_start = .

.bss            0x0000000000620900    0x417e0
 *(.dynbss)
 .dynbss        0x0000000000000000        0x0 /usr/lib/gcc/x86_64-linux-gnu/4.6/../../../x86_64-linux-gnu/crt1.o
 *(.bss .bss.* .gnu.linkonce.b.*)
 .bss           0x0000000000620900        0x0 /usr/lib/gcc/x86_64-linux-gnu/4.6/../../../x86_64-linux-gnu/crt1.o
 .bss           0x0000000000620900        0x0 /usr/lib/gcc/x86_64-linux-gnu/4.6/../../../x86_64-linux-gnu/crti.o
 .bss           0x0000000000620900       0x10 /usr/lib/gcc/x86_64-linux-gnu/4.6/crtbegin.o
 .bss           0x0000000000620910        0x0 main.o
 *fill*         0x0000000000620910       0x10 00
 .bss           0x0000000000620920    0x3ca40 /home/born/DPDK-OVS/DPDK-1.6.0/build/lib/librte_eal.a(eal.o)
 .bss           0x000000000065d360        0x8 /home/born/DPDK-OVS/DPDK-1.6.0/build/lib/librte_eal.a(eal_hugepage_info.o)
 *fill*         0x000000000065d368       0x18 00
 .bss           0x000000000065d380     0x1020 /home/born/DPDK-OVS/DPDK-1.6.0/build/lib/librte_eal.a(eal_memory.o)
 .bss           0x000000000065e3a0        0x0 /home/born/DPDK-OVS/DPDK-1.6.0/build/lib/librte_eal.a(eal_thread.o)
 .bss           0x000000000065e3a0        0x8 /home/born/DPDK-OVS/DPDK-1.6.0/build/lib/librte_eal.a(eal_log.o)
 *fill*         0x000000000065e3a8        0x8 00
 .bss           0x000000000065e3b0        0x8 /home/born/DPDK-OVS/DPDK-1.6.0/build/lib/librte_eal.a(eal_pci.o)
 .bss           0x000000000065e3b8        0x0 /home/born/DPDK-OVS/DPDK-1.6.0/build/lib/librte_eal.a(eal_debug.o)
 .bss           0x000000000065e3b8        0x0 /home/born/DPDK-OVS/DPDK-1.6.0/build/lib/librte_eal.a(eal_lcore.o)
 *fill*         0x000000000065e3b8        0x8 00
 .bss           0x000000000065e3c0        0x8 /home/born/DPDK-OVS/DPDK-1.6.0/build/lib/librte_eal.a(eal_timer.o)
 *fill*         0x000000000065e3c8        0x8 00
 .bss           0x000000000065e3d0       0x30 /home/born/DPDK-OVS/DPDK-1.6.0/build/lib/librte_eal.a(eal_interrupts.o)
 .bss           0x000000000065e400       0x18 /home/born/DPDK-OVS/DPDK-1.6.0/build/lib/librte_eal.a(eal_alarm.o)
 *fill*         0x000000000065e418        0x8 00
 .bss           0x000000000065e420       0x14 /home/born/DPDK-OVS/DPDK-1.6.0/build/lib/librte_eal.a(eal_ivshmem.o)
 *fill*         0x000000000065e434        0xc 00
 .bss           0x000000000065e440        0x8 /home/born/DPDK-OVS/DPDK-1.6.0/build/lib/librte_eal.a(eal_common_memzone.o)
 *fill*         0x000000000065e448       0x38 00
 .bss           0x000000000065e480     0x1044 /home/born/DPDK-OVS/DPDK-1.6.0/build/lib/librte_eal.a(eal_common_log.o)
 .bss           0x000000000065f4c4        0x0 /home/born/DPDK-OVS/DPDK-1.6.0/build/lib/librte_eal.a(eal_common_launch.o)
 *fill*         0x000000000065f4c4        0xc 00
 .bss           0x000000000065f4d0       0x14 /home/born/DPDK-OVS/DPDK-1.6.0/build/lib/librte_eal.a(eal_common_pci.o)
 .bss           0x000000000065f4e4        0x0 /home/born/DPDK-OVS/DPDK-1.6.0/build/lib/librte_eal.a(eal_common_memory.o)
 .bss           0x000000000065f4e4        0x0 /home/born/DPDK-OVS/DPDK-1.6.0/build/lib/librte_eal.a(eal_common_tailqs.o)
 .bss           0x000000000065f4e4        0x0 /home/born/DPDK-OVS/DPDK-1.6.0/build/lib/librte_eal.a(eal_common_errno.o)
 *fill*         0x000000000065f4e4       0x1c 00
 .bss           0x000000000065f500     0x1226 /home/born/DPDK-OVS/DPDK-1.6.0/build/lib/librte_eal.a(eal_common_whitelist.o)
 *fill*         0x0000000000660726        0x2 00
 .bss           0x0000000000660728        0x0 /home/born/DPDK-OVS/DPDK-1.6.0/build/lib/librte_eal.a(eal_common_nonpci_devs.o)
 .bss           0x0000000000660728        0x6 /home/born/DPDK-OVS/DPDK-1.6.0/build/lib/librte_pmd_ring.a(rte_eth_ring.o)
 *fill*         0x000000000066072e        0x2 00
 .bss           0x0000000000660730        0x0 /home/born/DPDK-OVS/DPDK-1.6.0/build/lib/librte_malloc.a(rte_malloc.o)
 .bss           0x0000000000660730        0x0 /home/born/DPDK-OVS/DPDK-1.6.0/build/lib/librte_malloc.a(malloc_elem.o)
 .bss           0x0000000000660730        0x0 /home/born/DPDK-OVS/DPDK-1.6.0/build/lib/librte_malloc.a(malloc_heap.o)
 .bss           0x0000000000660730        0x0 /home/born/DPDK-OVS/DPDK-1.6.0/build/lib/librte_mempool.a(rte_mempool.o)
 .bss           0x0000000000660730        0x0 /home/born/DPDK-OVS/DPDK-1.6.0/build/lib/librte_ring.a(rte_ring.o)
 .bss           0x0000000000660730       0x24 /home/born/DPDK-OVS/DPDK-1.6.0/build/lib/libethdev.a(rte_ethdev.o)
 .bss           0x0000000000660754        0x0 /usr/lib/x86_64-linux-gnu/libc_nonshared.a(elf-init.oS)
 .bss           0x0000000000660754        0x0 /usr/lib/gcc/x86_64-linux-gnu/4.6/crtend.o
 .bss           0x0000000000660754        0x0 /usr/lib/gcc/x86_64-linux-gnu/4.6/../../../x86_64-linux-gnu/crtn.o
 *(COMMON)
 *fill*         0x0000000000660754        0xc 00
 COMMON         0x0000000000660760     0x1160 /home/born/DPDK-OVS/DPDK-1.6.0/build/lib/librte_eal.a(eal.o)
                0x0000000000660760                rte_cycles_vmware_tsc_map
                0x0000000000660780                internal_config
                0x00000000006608c0                lcore_config
 COMMON         0x00000000006618c0       0x20 /home/born/DPDK-OVS/DPDK-1.6.0/build/lib/librte_eal.a(eal_common_pci.o)
                0x00000000006618c0                driver_list
                0x00000000006618d0                device_list
 COMMON         0x00000000006618e0      0x800 /home/born/DPDK-OVS/DPDK-1.6.0/build/lib/libethdev.a(rte_ethdev.o)
                0x00000000006618e0                rte_eth_devices
                0x00000000006620e0                . = ALIGN ((. != 0x0)?0x8:0x1)

.lbss
 *(.dynlbss)
 *(.lbss .lbss.* .gnu.linkonce.lb.*)
 *(LARGE_COMMON)
                0x00000000006620e0                . = ALIGN (0x8)

.lrodata
 *(.lrodata .lrodata.* .gnu.linkonce.lr.*)

.ldata          0x0000000000a620e0        0x0
 *(.ldata .ldata.* .gnu.linkonce.l.*)
                0x0000000000a620e0                . = ALIGN ((. != 0x0)?0x8:0x1)
                0x0000000000a620e0                . = ALIGN (0x8)
                0x0000000000a620e0                _end = .
                0x0000000000a620e0                PROVIDE (end, .)
                0x0000000000a620e0                . = DATA_SEGMENT_END (.)

.stab
 *(.stab)

.stabstr
 *(.stabstr)

.stab.excl
 *(.stab.excl)

.stab.exclstr
 *(.stab.exclstr)

.stab.index
 *(.stab.index)

.stab.indexstr
 *(.stab.indexstr)

.comment        0x0000000000000000       0x2a
 *(.comment)
 .comment       0x0000000000000000       0x2a /usr/lib/gcc/x86_64-linux-gnu/4.6/crtbegin.o
                                         0x2b (size before relaxing)
 .comment       0x0000000000000000       0x2b main.o
 .comment       0x0000000000000000       0x2b /home/born/DPDK-OVS/DPDK-1.6.0/build/lib/librte_eal.a(eal.o)
 .comment       0x0000000000000000       0x2b /home/born/DPDK-OVS/DPDK-1.6.0/build/lib/librte_eal.a(eal_hugepage_info.o)
 .comment       0x0000000000000000       0x2b /home/born/DPDK-OVS/DPDK-1.6.0/build/lib/librte_eal.a(eal_memory.o)
 .comment       0x0000000000000000       0x2b /home/born/DPDK-OVS/DPDK-1.6.0/build/lib/librte_eal.a(eal_thread.o)
 .comment       0x0000000000000000       0x2b /home/born/DPDK-OVS/DPDK-1.6.0/build/lib/librte_eal.a(eal_log.o)
 .comment       0x0000000000000000       0x2b /home/born/DPDK-OVS/DPDK-1.6.0/build/lib/librte_eal.a(eal_pci.o)
 .comment       0x0000000000000000       0x2b /home/born/DPDK-OVS/DPDK-1.6.0/build/lib/librte_eal.a(eal_debug.o)
 .comment       0x0000000000000000       0x2b /home/born/DPDK-OVS/DPDK-1.6.0/build/lib/librte_eal.a(eal_lcore.o)
 .comment       0x0000000000000000       0x2b /home/born/DPDK-OVS/DPDK-1.6.0/build/lib/librte_eal.a(eal_timer.o)
 .comment       0x0000000000000000       0x2b /home/born/DPDK-OVS/DPDK-1.6.0/build/lib/librte_eal.a(eal_interrupts.o)
 .comment       0x0000000000000000       0x2b /home/born/DPDK-OVS/DPDK-1.6.0/build/lib/librte_eal.a(eal_alarm.o)
 .comment       0x0000000000000000       0x2b /home/born/DPDK-OVS/DPDK-1.6.0/build/lib/librte_eal.a(eal_ivshmem.o)
 .comment       0x0000000000000000       0x2b /home/born/DPDK-OVS/DPDK-1.6.0/build/lib/librte_eal.a(eal_common_memzone.o)
 .comment       0x0000000000000000       0x2b /home/born/DPDK-OVS/DPDK-1.6.0/build/lib/librte_eal.a(eal_common_log.o)
 .comment       0x0000000000000000       0x2b /home/born/DPDK-OVS/DPDK-1.6.0/build/lib/librte_eal.a(eal_common_launch.o)
 .comment       0x0000000000000000       0x2b /home/born/DPDK-OVS/DPDK-1.6.0/build/lib/librte_eal.a(eal_common_pci.o)
 .comment       0x0000000000000000       0x2b /home/born/DPDK-OVS/DPDK-1.6.0/build/lib/librte_eal.a(eal_common_memory.o)
 .comment       0x0000000000000000       0x2b /home/born/DPDK-OVS/DPDK-1.6.0/build/lib/librte_eal.a(eal_common_tailqs.o)
 .comment       0x0000000000000000       0x2b /home/born/DPDK-OVS/DPDK-1.6.0/build/lib/librte_eal.a(eal_common_errno.o)
 .comment       0x0000000000000000       0x2b /home/born/DPDK-OVS/DPDK-1.6.0/build/lib/librte_eal.a(eal_common_whitelist.o)
 .comment       0x0000000000000000       0x2b /home/born/DPDK-OVS/DPDK-1.6.0/build/lib/librte_eal.a(eal_common_nonpci_devs.o)
 .comment       0x0000000000000000       0x2b /home/born/DPDK-OVS/DPDK-1.6.0/build/lib/librte_pmd_ring.a(rte_eth_ring.o)
 .comment       0x0000000000000000       0x2b /home/born/DPDK-OVS/DPDK-1.6.0/build/lib/librte_malloc.a(rte_malloc.o)
 .comment       0x0000000000000000       0x2b /home/born/DPDK-OVS/DPDK-1.6.0/build/lib/librte_malloc.a(malloc_elem.o)
 .comment       0x0000000000000000       0x2b /home/born/DPDK-OVS/DPDK-1.6.0/build/lib/librte_malloc.a(malloc_heap.o)
 .comment       0x0000000000000000       0x2b /home/born/DPDK-OVS/DPDK-1.6.0/build/lib/librte_mempool.a(rte_mempool.o)
 .comment       0x0000000000000000       0x2b /home/born/DPDK-OVS/DPDK-1.6.0/build/lib/librte_ring.a(rte_ring.o)
 .comment       0x0000000000000000       0x2b /home/born/DPDK-OVS/DPDK-1.6.0/build/lib/libethdev.a(rte_ethdev.o)
 .comment       0x0000000000000000       0x2b /usr/lib/x86_64-linux-gnu/libc_nonshared.a(elf-init.oS)
 .comment       0x0000000000000000       0x2b /usr/lib/gcc/x86_64-linux-gnu/4.6/crtend.o

.debug
 *(.debug)

.line
 *(.line)

.debug_srcinfo
 *(.debug_srcinfo)

.debug_sfnames
 *(.debug_sfnames)

.debug_aranges  0x0000000000000000       0x90
 *(.debug_aranges)
 .debug_aranges
                0x0000000000000000       0x30 /home/born/DPDK-OVS/DPDK-1.6.0/build/lib/librte_malloc.a(rte_malloc.o)
 .debug_aranges
                0x0000000000000030       0x30 /home/born/DPDK-OVS/DPDK-1.6.0/build/lib/librte_malloc.a(malloc_elem.o)
 .debug_aranges
                0x0000000000000060       0x30 /home/born/DPDK-OVS/DPDK-1.6.0/build/lib/librte_malloc.a(malloc_heap.o)

.debug_pubnames
 *(.debug_pubnames)

.debug_info     0x0000000000000000     0x252d
 *(.debug_info .gnu.linkonce.wi.*)
 .debug_info    0x0000000000000000      0xf90 /home/born/DPDK-OVS/DPDK-1.6.0/build/lib/librte_malloc.a(rte_malloc.o)
 .debug_info    0x0000000000000f90      0x888 /home/born/DPDK-OVS/DPDK-1.6.0/build/lib/librte_malloc.a(malloc_elem.o)
 .debug_info    0x0000000000001818      0xd15 /home/born/DPDK-OVS/DPDK-1.6.0/build/lib/librte_malloc.a(malloc_heap.o)

.debug_abbrev   0x0000000000000000      0x61e
 *(.debug_abbrev)
 .debug_abbrev  0x0000000000000000      0x240 /home/born/DPDK-OVS/DPDK-1.6.0/build/lib/librte_malloc.a(rte_malloc.o)
 .debug_abbrev  0x0000000000000240      0x197 /home/born/DPDK-OVS/DPDK-1.6.0/build/lib/librte_malloc.a(malloc_elem.o)
 .debug_abbrev  0x00000000000003d7      0x247 /home/born/DPDK-OVS/DPDK-1.6.0/build/lib/librte_malloc.a(malloc_heap.o)

.debug_line     0x0000000000000000      0xaa6
 *(.debug_line)
 .debug_line    0x0000000000000000      0x3e6 /home/born/DPDK-OVS/DPDK-1.6.0/build/lib/librte_malloc.a(rte_malloc.o)
 .debug_line    0x00000000000003e6      0x2c8 /home/born/DPDK-OVS/DPDK-1.6.0/build/lib/librte_malloc.a(malloc_elem.o)
 .debug_line    0x00000000000006ae      0x3f8 /home/born/DPDK-OVS/DPDK-1.6.0/build/lib/librte_malloc.a(malloc_heap.o)

.debug_frame
 *(.debug_frame)

.debug_str      0x0000000000000000      0xa43
 *(.debug_str)
 .debug_str     0x0000000000000000      0x610 /home/born/DPDK-OVS/DPDK-1.6.0/build/lib/librte_malloc.a(rte_malloc.o)
                                        0x6ed (size before relaxing)
 .debug_str     0x0000000000000610      0x1c2 /home/born/DPDK-OVS/DPDK-1.6.0/build/lib/librte_malloc.a(malloc_elem.o)
                                        0x4d4 (size before relaxing)
 .debug_str     0x00000000000007d2      0x271 /home/born/DPDK-OVS/DPDK-1.6.0/build/lib/librte_malloc.a(malloc_heap.o)
                                        0x77c (size before relaxing)

.debug_loc      0x0000000000000000     0x14a0
 *(.debug_loc)
 .debug_loc     0x0000000000000000      0x900 /home/born/DPDK-OVS/DPDK-1.6.0/build/lib/librte_malloc.a(rte_malloc.o)
 .debug_loc     0x0000000000000900      0x600 /home/born/DPDK-OVS/DPDK-1.6.0/build/lib/librte_malloc.a(malloc_elem.o)
 .debug_loc     0x0000000000000f00      0x5a0 /home/born/DPDK-OVS/DPDK-1.6.0/build/lib/librte_malloc.a(malloc_heap.o)

.debug_macinfo
 *(.debug_macinfo)

.debug_weaknames
 *(.debug_weaknames)

.debug_funcnames
 *(.debug_funcnames)

.debug_typenames
 *(.debug_typenames)

.debug_varnames
 *(.debug_varnames)

.debug_pubtypes
 *(.debug_pubtypes)

.debug_ranges
 *(.debug_ranges)

.gnu.attributes
 *(.gnu.attributes)

/DISCARD/
 *(.note.GNU-stack)
 *(.gnu_debuglink)
 *(.gnu.lto_*)
OUTPUT(dump_cfg elf64-x86-64)

Cross Reference Table

Symbol                                            File
GLIBC_2.10                                        /lib/x86_64-linux-gnu/libc.so.6
GLIBC_2.11                                        /lib/x86_64-linux-gnu/libpthread.so.0
                                                  /lib/x86_64-linux-gnu/libc.so.6
GLIBC_2.12                                        /lib/x86_64-linux-gnu/libpthread.so.0
                                                  /lib/x86_64-linux-gnu/libc.so.6
GLIBC_2.13                                        /lib/x86_64-linux-gnu/libc.so.6
GLIBC_2.14                                        /lib/x86_64-linux-gnu/libc.so.6
GLIBC_2.15                                        /lib/x86_64-linux-gnu/libc.so.6
GLIBC_2.2.5                                       /usr/lib/gcc/x86_64-linux-gnu/4.6/../../../x86_64-linux-gnu/librt.so
                                                  /lib/x86_64-linux-gnu/ld-linux-x86-64.so.2
                                                  /lib/x86_64-linux-gnu/libc.so.6
                                                  /lib/x86_64-linux-gnu/libpthread.so.0
GLIBC_2.2.6                                       /lib/x86_64-linux-gnu/libpthread.so.0
                                                  /lib/x86_64-linux-gnu/libc.so.6
GLIBC_2.3                                         /lib/x86_64-linux-gnu/libc.so.6
                                                  /lib/x86_64-linux-gnu/ld-linux-x86-64.so.2
GLIBC_2.3.2                                       /lib/x86_64-linux-gnu/libpthread.so.0
                                                  /lib/x86_64-linux-gnu/libc.so.6
GLIBC_2.3.3                                       /usr/lib/gcc/x86_64-linux-gnu/4.6/../../../x86_64-linux-gnu/librt.so
                                                  /lib/x86_64-linux-gnu/libc.so.6
                                                  /lib/x86_64-linux-gnu/libpthread.so.0
GLIBC_2.3.4                                       /usr/lib/gcc/x86_64-linux-gnu/4.6/../../../x86_64-linux-gnu/librt.so
                                                  /lib/x86_64-linux-gnu/libc.so.6
                                                  /lib/x86_64-linux-gnu/libpthread.so.0
GLIBC_2.4                                         /usr/lib/gcc/x86_64-linux-gnu/4.6/../../../x86_64-linux-gnu/librt.so
                                                  /lib/x86_64-linux-gnu/ld-linux-x86-64.so.2
                                                  /lib/x86_64-linux-gnu/libc.so.6
                                                  /lib/x86_64-linux-gnu/libpthread.so.0
GLIBC_2.5                                         /lib/x86_64-linux-gnu/libc.so.6
GLIBC_2.6                                         /lib/x86_64-linux-gnu/libc.so.6
GLIBC_2.7                                         /usr/lib/gcc/x86_64-linux-gnu/4.6/../../../x86_64-linux-gnu/librt.so
                                                  /lib/x86_64-linux-gnu/libc.so.6
GLIBC_2.8                                         /lib/x86_64-linux-gnu/libc.so.6
GLIBC_2.9                                         /lib/x86_64-linux-gnu/libc.so.6
GLIBC_PRIVATE                                     /lib/x86_64-linux-gnu/libpthread.so.0
                                                  /lib/x86_64-linux-gnu/ld-linux-x86-64.so.2
                                                  /lib/x86_64-linux-gnu/libc.so.6
_DYNAMIC                                          /usr/lib/gcc/x86_64-linux-gnu/4.6/../../../x86_64-linux-gnu/crt1.o
_Exit                                             /lib/x86_64-linux-gnu/libc.so.6
_Exit@@GLIBC_2.2.5                                /lib/x86_64-linux-gnu/libc.so.6
_Exit@GLIBC_2.2.5                                 /lib/x86_64-linux-gnu/libc.so.6
_GLOBAL_OFFSET_TABLE_                             /usr/lib/gcc/x86_64-linux-gnu/4.6/../../../x86_64-linux-gnu/crt1.o
                                                  /usr/lib/x86_64-linux-gnu/libc_nonshared.a(elf-init.oS)
                                                  /home/born/DPDK-OVS/DPDK-1.6.0/build/lib/libethdev.a(rte_ethdev.o)
                                                  /home/born/DPDK-OVS/DPDK-1.6.0/build/lib/librte_ring.a(rte_ring.o)
                                                  /home/born/DPDK-OVS/DPDK-1.6.0/build/lib/librte_mempool.a(rte_mempool.o)
                                                  /home/born/DPDK-OVS/DPDK-1.6.0/build/lib/librte_malloc.a(malloc_heap.o)
                                                  /home/born/DPDK-OVS/DPDK-1.6.0/build/lib/librte_malloc.a(malloc_elem.o)
                                                  /home/born/DPDK-OVS/DPDK-1.6.0/build/lib/librte_malloc.a(rte_malloc.o)
                                                  /home/born/DPDK-OVS/DPDK-1.6.0/build/lib/librte_pmd_ring.a(rte_eth_ring.o)
                                                  /home/born/DPDK-OVS/DPDK-1.6.0/build/lib/librte_eal.a(eal_common_nonpci_devs.o)
                                                  /home/born/DPDK-OVS/DPDK-1.6.0/build/lib/librte_eal.a(eal_common_whitelist.o)
                                                  /home/born/DPDK-OVS/DPDK-1.6.0/build/lib/librte_eal.a(eal_common_errno.o)
                                                  /home/born/DPDK-OVS/DPDK-1.6.0/build/lib/librte_eal.a(eal_common_tailqs.o)
                                                  /home/born/DPDK-OVS/DPDK-1.6.0/build/lib/librte_eal.a(eal_common_memory.o)
                                                  /home/born/DPDK-OVS/DPDK-1.6.0/build/lib/librte_eal.a(eal_common_pci.o)
                                                  /home/born/DPDK-OVS/DPDK-1.6.0/build/lib/librte_eal.a(eal_common_launch.o)
                                                  /home/born/DPDK-OVS/DPDK-1.6.0/build/lib/librte_eal.a(eal_common_log.o)
                                                  /home/born/DPDK-OVS/DPDK-1.6.0/build/lib/librte_eal.a(eal_common_memzone.o)
                                                  /home/born/DPDK-OVS/DPDK-1.6.0/build/lib/librte_eal.a(eal_ivshmem.o)
                                                  /home/born/DPDK-OVS/DPDK-1.6.0/build/lib/librte_eal.a(eal_alarm.o)
                                                  /home/born/DPDK-OVS/DPDK-1.6.0/build/lib/librte_eal.a(eal_interrupts.o)
                                                  /home/born/DPDK-OVS/DPDK-1.6.0/build/lib/librte_eal.a(eal_timer.o)
                                                  /home/born/DPDK-OVS/DPDK-1.6.0/build/lib/librte_eal.a(eal_lcore.o)
                                                  /home/born/DPDK-OVS/DPDK-1.6.0/build/lib/librte_eal.a(eal_debug.o)
                                                  /home/born/DPDK-OVS/DPDK-1.6.0/build/lib/librte_eal.a(eal_pci.o)
                                                  /home/born/DPDK-OVS/DPDK-1.6.0/build/lib/librte_eal.a(eal_log.o)
                                                  /home/born/DPDK-OVS/DPDK-1.6.0/build/lib/librte_eal.a(eal_thread.o)
                                                  /home/born/DPDK-OVS/DPDK-1.6.0/build/lib/librte_eal.a(eal_memory.o)
                                                  /home/born/DPDK-OVS/DPDK-1.6.0/build/lib/librte_eal.a(eal_hugepage_info.o)
                                                  /home/born/DPDK-OVS/DPDK-1.6.0/build/lib/librte_eal.a(eal.o)
                                                  main.o
                                                  /usr/lib/gcc/x86_64-linux-gnu/4.6/../../../x86_64-linux-gnu/crti.o
_IO_fprintf                                       /lib/x86_64-linux-gnu/libc.so.6
_IO_fprintf@@GLIBC_2.2.5                          /lib/x86_64-linux-gnu/libc.so.6
_IO_fprintf@GLIBC_2.2.5                           /lib/x86_64-linux-gnu/libc.so.6
_IO_stdin_used                                    /usr/lib/gcc/x86_64-linux-gnu/4.6/../../../x86_64-linux-gnu/crt1.o
_Jv_RegisterClasses                               /lib/x86_64-linux-gnu/libpthread.so.0
                                                  /usr/lib/gcc/x86_64-linux-gnu/4.6/../../../x86_64-linux-gnu/librt.so
                                                  /usr/lib/gcc/x86_64-linux-gnu/4.6/crtbegin.o
__DTOR_END__                                      /usr/lib/gcc/x86_64-linux-gnu/4.6/crtend.o
                                                  /usr/lib/gcc/x86_64-linux-gnu/4.6/crtbegin.o
__after_morecore_hook                             /lib/x86_64-linux-gnu/libc.so.6
__after_morecore_hook@@GLIBC_2.2.5                /lib/x86_64-linux-gnu/libc.so.6
__after_morecore_hook@GLIBC_2.2.5                 /lib/x86_64-linux-gnu/libc.so.6
__close                                           /lib/x86_64-linux-gnu/libpthread.so.0
__close@@GLIBC_2.2.5                              /lib/x86_64-linux-gnu/libpthread.so.0
                                                  /lib/x86_64-linux-gnu/libc.so.6
__close@GLIBC_2.2.5                               /lib/x86_64-linux-gnu/libpthread.so.0
__connect                                         /lib/x86_64-linux-gnu/libpthread.so.0
__connect@@GLIBC_2.2.5                            /lib/x86_64-linux-gnu/libpthread.so.0
                                                  /lib/x86_64-linux-gnu/libc.so.6
__connect@GLIBC_2.2.5                             /lib/x86_64-linux-gnu/libpthread.so.0
__ctype_b_loc                                     /lib/x86_64-linux-gnu/libc.so.6
                                                  /home/born/DPDK-OVS/DPDK-1.6.0/build/lib/librte_malloc.a(malloc_heap.o)
                                                  /home/born/DPDK-OVS/DPDK-1.6.0/build/lib/librte_eal.a(eal_hugepage_info.o)
                                                  /home/born/DPDK-OVS/DPDK-1.6.0/build/lib/librte_eal.a(eal.o)
__ctype_b_loc@@GLIBC_2.3                          /lib/x86_64-linux-gnu/libc.so.6
__ctype_b_loc@GLIBC_2.3                           /lib/x86_64-linux-gnu/libc.so.6
__ctype_get_mb_cur_max                            /lib/x86_64-linux-gnu/libc.so.6
__ctype_get_mb_cur_max@@GLIBC_2.2.5               /lib/x86_64-linux-gnu/libc.so.6
__ctype_get_mb_cur_max@GLIBC_2.2.5                /lib/x86_64-linux-gnu/libc.so.6
__ctype_tolower_loc                               /lib/x86_64-linux-gnu/libc.so.6
                                                  /home/born/DPDK-OVS/DPDK-1.6.0/build/lib/librte_eal.a(eal_common_whitelist.o)
__ctype_tolower_loc@@GLIBC_2.3                    /lib/x86_64-linux-gnu/libc.so.6
__ctype_tolower_loc@GLIBC_2.3                     /lib/x86_64-linux-gnu/libc.so.6
__data_start                                      /usr/lib/gcc/x86_64-linux-gnu/4.6/../../../x86_64-linux-gnu/crt1.o
__dso_handle                                      /usr/lib/gcc/x86_64-linux-gnu/4.6/crtbegin.o
__errno_location                                  /lib/x86_64-linux-gnu/libpthread.so.0
                                                  /home/born/DPDK-OVS/DPDK-1.6.0/build/lib/librte_ring.a(rte_ring.o)
                                                  /home/born/DPDK-OVS/DPDK-1.6.0/build/lib/librte_mempool.a(rte_mempool.o)
                                                  /home/born/DPDK-OVS/DPDK-1.6.0/build/lib/librte_malloc.a(malloc_heap.o)
                                                  /home/born/DPDK-OVS/DPDK-1.6.0/build/lib/librte_pmd_ring.a(rte_eth_ring.o)
                                                  /home/born/DPDK-OVS/DPDK-1.6.0/build/lib/librte_eal.a(eal_common_nonpci_devs.o)
                                                  /home/born/DPDK-OVS/DPDK-1.6.0/build/lib/librte_eal.a(eal_common_whitelist.o)
                                                  /home/born/DPDK-OVS/DPDK-1.6.0/build/lib/librte_eal.a(eal_common_errno.o)
                                                  /home/born/DPDK-OVS/DPDK-1.6.0/build/lib/librte_eal.a(eal_common_pci.o)
                                                  /home/born/DPDK-OVS/DPDK-1.6.0/build/lib/librte_eal.a(eal_common_memzone.o)
                                                  /home/born/DPDK-OVS/DPDK-1.6.0/build/lib/librte_eal.a(eal_ivshmem.o)
                                                  /home/born/DPDK-OVS/DPDK-1.6.0/build/lib/librte_eal.a(eal_alarm.o)
                                                  /home/born/DPDK-OVS/DPDK-1.6.0/build/lib/librte_eal.a(eal_interrupts.o)
                                                  /home/born/DPDK-OVS/DPDK-1.6.0/build/lib/librte_eal.a(eal_lcore.o)
                                                  /home/born/DPDK-OVS/DPDK-1.6.0/build/lib/librte_eal.a(eal_pci.o)
                                                  /home/born/DPDK-OVS/DPDK-1.6.0/build/lib/librte_eal.a(eal_thread.o)
                                                  /home/born/DPDK-OVS/DPDK-1.6.0/build/lib/librte_eal.a(eal_memory.o)
                                                  /home/born/DPDK-OVS/DPDK-1.6.0/build/lib/librte_eal.a(eal_hugepage_info.o)
                                                  /home/born/DPDK-OVS/DPDK-1.6.0/build/lib/librte_eal.a(eal.o)
__errno_location@@GLIBC_2.2.5                     /lib/x86_64-linux-gnu/libpthread.so.0
                                                  /lib/x86_64-linux-gnu/libc.so.6
__errno_location@GLIBC_2.2.5                      /lib/x86_64-linux-gnu/libpthread.so.0
__fcntl                                           /lib/x86_64-linux-gnu/libpthread.so.0
__fcntl@@GLIBC_2.2.5                              /lib/x86_64-linux-gnu/libpthread.so.0
                                                  /lib/x86_64-linux-gnu/libc.so.6
__fcntl@GLIBC_2.2.5                               /lib/x86_64-linux-gnu/libpthread.so.0
__free_hook                                       /lib/x86_64-linux-gnu/libc.so.6
__free_hook@@GLIBC_2.2.5                          /lib/x86_64-linux-gnu/libc.so.6
__free_hook@GLIBC_2.2.5                           /lib/x86_64-linux-gnu/libc.so.6
__fxstat                                          /lib/x86_64-linux-gnu/libc.so.6
                                                  /home/born/DPDK-OVS/DPDK-1.6.0/build/lib/librte_eal.a(eal_memory.o)
__fxstat@@GLIBC_2.2.5                             /lib/x86_64-linux-gnu/libc.so.6
__fxstat@GLIBC_2.2.5                              /lib/x86_64-linux-gnu/libc.so.6
__getdelim                                        /lib/x86_64-linux-gnu/libc.so.6
__getdelim@@GLIBC_2.2.5                           /lib/x86_64-linux-gnu/libc.so.6
__getdelim@GLIBC_2.2.5                            /lib/x86_64-linux-gnu/libc.so.6
                                                  /lib/x86_64-linux-gnu/libpthread.so.0
__gmon_start__                                    /usr/lib/gcc/x86_64-linux-gnu/4.6/../../../x86_64-linux-gnu/librt.so
                                                  /usr/lib/gcc/x86_64-linux-gnu/4.6/../../../x86_64-linux-gnu/crti.o
__init_array_end                                  /usr/lib/x86_64-linux-gnu/libc_nonshared.a(elf-init.oS)
__init_array_start                                /usr/lib/x86_64-linux-gnu/libc_nonshared.a(elf-init.oS)
__isascii_l                                       /lib/x86_64-linux-gnu/libc.so.6
__isascii_l@@GLIBC_2.2.5                          /lib/x86_64-linux-gnu/libc.so.6
__isascii_l@GLIBC_2.2.5                           /lib/x86_64-linux-gnu/libc.so.6
__libc_csu_fini                                   /usr/lib/x86_64-linux-gnu/libc_nonshared.a(elf-init.oS)
                                                  /usr/lib/gcc/x86_64-linux-gnu/4.6/../../../x86_64-linux-gnu/crt1.o
__libc_csu_init                                   /usr/lib/x86_64-linux-gnu/libc_nonshared.a(elf-init.oS)
                                                  /usr/lib/gcc/x86_64-linux-gnu/4.6/../../../x86_64-linux-gnu/crt1.o
__libc_start_main                                 /lib/x86_64-linux-gnu/libc.so.6
                                                  /usr/lib/gcc/x86_64-linux-gnu/4.6/../../../x86_64-linux-gnu/crt1.o
__libc_start_main@@GLIBC_2.2.5                    /lib/x86_64-linux-gnu/libc.so.6
__libc_start_main@GLIBC_2.2.5                     /lib/x86_64-linux-gnu/libc.so.6
__lseek                                           /lib/x86_64-linux-gnu/libpthread.so.0
__lseek@@GLIBC_2.2.5                              /lib/x86_64-linux-gnu/libpthread.so.0
                                                  /lib/x86_64-linux-gnu/libc.so.6
__lseek@GLIBC_2.2.5                               /lib/x86_64-linux-gnu/libpthread.so.0
__malloc_hook                                     /lib/x86_64-linux-gnu/libc.so.6
__malloc_hook@@GLIBC_2.2.5                        /lib/x86_64-linux-gnu/libc.so.6
__malloc_hook@GLIBC_2.2.5                         /lib/x86_64-linux-gnu/libc.so.6
__malloc_initialize_hook                          /lib/x86_64-linux-gnu/libc.so.6
__malloc_initialize_hook@@GLIBC_2.2.5             /lib/x86_64-linux-gnu/libc.so.6
__malloc_initialize_hook@GLIBC_2.2.5              /lib/x86_64-linux-gnu/libc.so.6
__memalign_hook                                   /lib/x86_64-linux-gnu/libc.so.6
__memalign_hook@@GLIBC_2.2.5                      /lib/x86_64-linux-gnu/libc.so.6
__memalign_hook@GLIBC_2.2.5                       /lib/x86_64-linux-gnu/libc.so.6
__memcpy_chk                                      /lib/x86_64-linux-gnu/libc.so.6
                                                  /home/born/DPDK-OVS/DPDK-1.6.0/build/lib/librte_eal.a(eal_log.o)
__memcpy_chk@@GLIBC_2.3.4                         /lib/x86_64-linux-gnu/libc.so.6
__memcpy_chk@GLIBC_2.3.4                          /lib/x86_64-linux-gnu/libc.so.6
__nanosleep                                       /lib/x86_64-linux-gnu/libpthread.so.0
__nanosleep@@GLIBC_2.2.6                          /lib/x86_64-linux-gnu/libpthread.so.0
                                                  /lib/x86_64-linux-gnu/libc.so.6
__nanosleep@GLIBC_2.2.6                           /lib/x86_64-linux-gnu/libpthread.so.0
__open                                            /lib/x86_64-linux-gnu/libpthread.so.0
__open64                                          /lib/x86_64-linux-gnu/libpthread.so.0
__open64@@GLIBC_2.2.5                             /lib/x86_64-linux-gnu/libpthread.so.0
                                                  /lib/x86_64-linux-gnu/libc.so.6
__open64@GLIBC_2.2.5                              /lib/x86_64-linux-gnu/libpthread.so.0
__open@@GLIBC_2.2.5                               /lib/x86_64-linux-gnu/libpthread.so.0
                                                  /lib/x86_64-linux-gnu/libc.so.6
__open@GLIBC_2.2.5                                /lib/x86_64-linux-gnu/libpthread.so.0
__openat64_2                                      /lib/x86_64-linux-gnu/libc.so.6
__openat64_2@@GLIBC_2.7                           /lib/x86_64-linux-gnu/libc.so.6
__openat64_2@GLIBC_2.7                            /lib/x86_64-linux-gnu/libc.so.6
__pread64                                         /lib/x86_64-linux-gnu/libpthread.so.0
__pread64@@GLIBC_2.2.5                            /lib/x86_64-linux-gnu/libpthread.so.0
                                                  /lib/x86_64-linux-gnu/libc.so.6
__pread64@GLIBC_2.2.5                             /lib/x86_64-linux-gnu/libpthread.so.0
__printf_chk                                      /lib/x86_64-linux-gnu/libc.so.6
                                                  /home/born/DPDK-OVS/DPDK-1.6.0/build/lib/librte_ring.a(rte_ring.o)
                                                  /home/born/DPDK-OVS/DPDK-1.6.0/build/lib/librte_mempool.a(rte_mempool.o)
                                                  /home/born/DPDK-OVS/DPDK-1.6.0/build/lib/librte_eal.a(eal_common_tailqs.o)
                                                  /home/born/DPDK-OVS/DPDK-1.6.0/build/lib/librte_eal.a(eal_common_memory.o)
                                                  /home/born/DPDK-OVS/DPDK-1.6.0/build/lib/librte_eal.a(eal_common_pci.o)
                                                  /home/born/DPDK-OVS/DPDK-1.6.0/build/lib/librte_eal.a(eal_common_memzone.o)
                                                  /home/born/DPDK-OVS/DPDK-1.6.0/build/lib/librte_eal.a(eal_ivshmem.o)
                                                  /home/born/DPDK-OVS/DPDK-1.6.0/build/lib/librte_eal.a(eal.o)
__printf_chk@@GLIBC_2.3.4                         /lib/x86_64-linux-gnu/libc.so.6
__printf_chk@GLIBC_2.3.4                          /lib/x86_64-linux-gnu/libc.so.6
__pwrite64                                        /lib/x86_64-linux-gnu/libpthread.so.0
__pwrite64@@GLIBC_2.2.5                           /lib/x86_64-linux-gnu/libpthread.so.0
                                                  /lib/x86_64-linux-gnu/libc.so.6
__pwrite64@GLIBC_2.2.5                            /lib/x86_64-linux-gnu/libpthread.so.0
__read                                            /lib/x86_64-linux-gnu/libpthread.so.0
__read@@GLIBC_2.2.5                               /lib/x86_64-linux-gnu/libpthread.so.0
                                                  /lib/x86_64-linux-gnu/libc.so.6
__read@GLIBC_2.2.5                                /lib/x86_64-linux-gnu/libpthread.so.0
__read_chk                                        /lib/x86_64-linux-gnu/libc.so.6
                                                  /home/born/DPDK-OVS/DPDK-1.6.0/build/lib/librte_eal.a(eal_interrupts.o)
__read_chk@@GLIBC_2.4                             /lib/x86_64-linux-gnu/libc.so.6
__read_chk@GLIBC_2.4                              /lib/x86_64-linux-gnu/libc.so.6
__realloc_hook                                    /lib/x86_64-linux-gnu/libc.so.6
__realloc_hook@@GLIBC_2.2.5                       /lib/x86_64-linux-gnu/libc.so.6
__realloc_hook@GLIBC_2.2.5                        /lib/x86_64-linux-gnu/libc.so.6
__rte_panic                                       /home/born/DPDK-OVS/DPDK-1.6.0/build/lib/librte_eal.a(eal_debug.o)
                                                  /home/born/DPDK-OVS/DPDK-1.6.0/build/lib/libethdev.a(rte_ethdev.o)